2026-09-25 12:05:28,275 | INFO | 2710 arquivos encontrados em raw

Extraindo:   0%|          | 0/2710 [00:00<?, ?it/s]
Extraindo:   0%|          | 2/2710 [00:00<02:33, 17.65it/s]
Extraindo:   0%|          | 4/2710 [00:00<02:36, 17.26it/s]
Extraindo:   0%|          | 6/2710 [00:00<02:41, 16.77it/s]
Extraindo:   0%|          | 8/2710 [00:00<02:48, 16.04it/s]
Extraindo:   0%|          | 10/2710 [00:00<02:49, 15.93it/s]
Extraindo:   0%|          | 12/2710 [00:00<02:50, 15.85it/s]
Extraindo:   1%|          | 14/2710 [00:00<02:54, 15.49it/s]
Extraindo:   1%|          | 16/2710 [00:01<02:56, 15.25it/s]
Extraindo:   1%|          | 18/2710 [00:01<02:57, 15.18it/s]
Extraindo:   1%|          | 20/2710 [00:01<02:59, 15.00it/s]
Extraindo:   1%|          | 22/2710 [00:01<03:03, 14.66it/s]
Extraindo:   1%|          | 24/2710 [00:01<03:05, 14.49it/s]
Extraindo:   1%|          | 26/2710 [00:01<03:08, 14.27it/s]
Extraindo:   1%|          | 28/2710 [00:02<06:07,  7.30it/s]
Extraindo:   1%|          | 30/2710 [00:02<05:17,  8.45it/s]
Extraindo:   1%|          | 32/2710 [00:02<05:34,  8.00it/s]
Extraindo:   1%|▏         | 34/2710 [00:02<04:54,  9.07it/s]
Extraindo:   1%|▏         | 36/2710 [00:03<04:25, 10.09it/s]
Extraindo:   1%|▏         | 38/2710 [00:03<04:58,  8.96it/s]
Extraindo:   1%|▏         | 40/2710 [00:03<04:26, 10.03it/s]
Extraindo:   2%|▏         | 42/2710 [00:03<04:06, 10.82it/s]
Extraindo:   2%|▏         | 44/2710 [00:03<03:53, 11.43it/s]
Extraindo:   2%|▏         | 46/2710 [00:03<03:43, 11.93it/s]
Extraindo:   2%|▏         | 48/2710 [00:04<03:36, 12.29it/s]
Extraindo:   2%|▏         | 50/2710 [00:04<03:32, 12.51it/s]
Extraindo:   2%|▏         | 52/2710 [00:04<03:29, 12.69it/s]
Extraindo:   2%|▏         | 54/2710 [00:04<03:28, 12.73it/s]
Extraindo:   2%|▏         | 56/2710 [00:04<04:15, 10.37it/s]
Extraindo:   2%|▏         | 58/2710 [00:04<04:00, 11.05it/s]
Extraindo:   2%|▏         | 60/2710 [00:05<03:50, 11.49it/s]
Extraindo:   2%|▏         | 62/2710 [00:05<04:37,  9.55it/s]
Extraindo:   2%|▏         | 64/2710 [00:05<04:10, 10.56it/s]
Extraindo:   2%|▏         | 66/2710 [00:05<03:55, 11.21it/s]
Extraindo:   3%|▎         | 68/2710 [00:05<03:47, 11.61it/s]
Extraindo:   3%|▎         | 70/2710 [00:06<03:40, 11.97it/s]
Extraindo:   3%|▎         | 72/2710 [00:06<03:38, 12.06it/s]
Extraindo:   3%|▎         | 74/2710 [00:06<03:34, 12.28it/s]
Extraindo:   3%|▎         | 76/2710 [00:06<04:19, 10.15it/s]
Extraindo:   3%|▎         | 78/2710 [00:06<04:02, 10.84it/s]
Extraindo:   3%|▎         | 80/2710 [00:06<03:58, 11.01it/s]
Extraindo:   3%|▎         | 82/2710 [00:07<04:48,  9.10it/s]
Extraindo:   3%|▎         | 84/2710 [00:07<04:24,  9.93it/s]
Extraindo:   3%|▎         | 86/2710 [00:07<04:09, 10.52it/s]
Extraindo:   3%|▎         | 88/2710 [00:07<03:58, 11.01it/s]
Extraindo:   3%|▎         | 90/2710 [00:07<03:51, 11.32it/s]
Extraindo:   3%|▎         | 92/2710 [00:08<03:44, 11.67it/s]
Extraindo:   3%|▎         | 94/2710 [00:08<04:28,  9.74it/s]
Extraindo:   4%|▎         | 96/2710 [00:08<04:10, 10.46it/s]
Extraindo:   4%|▎         | 98/2710 [00:08<03:57, 11.02it/s]
Extraindo:   4%|▎         | 100/2710 [00:08<03:49, 11.36it/s]
Extraindo:   4%|▍         | 102/2710 [00:08<03:44, 11.60it/s]
Extraindo:   4%|▍         | 104/2710 [00:09<03:40, 11.81it/s]
Extraindo:   4%|▍         | 106/2710 [00:09<03:39, 11.85it/s]
Extraindo:   4%|▍         | 108/2710 [00:09<03:38, 11.93it/s]
Extraindo:   4%|▍         | 110/2710 [00:09<04:23,  9.86it/s]
Extraindo:   4%|▍         | 112/2710 [00:09<04:10, 10.39it/s]
Extraindo:   4%|▍         | 114/2710 [00:10<04:42,  9.19it/s]
Extraindo:   4%|▍         | 116/2710 [00:10<04:14, 10.18it/s]
Extraindo:   4%|▍         | 118/2710 [00:10<03:58, 10.85it/s]
Extraindo:   4%|▍         | 120/2710 [00:10<03:50, 11.23it/s]
Extraindo:   5%|▍         | 122/2710 [00:10<03:44, 11.52it/s]
Extraindo:   5%|▍         | 124/2710 [00:11<04:26,  9.69it/s]
Extraindo:   5%|▍         | 126/2710 [00:11<04:07, 10.44it/s]
Extraindo:   5%|▍         | 128/2710 [00:11<03:53, 11.03it/s]
Extraindo:   5%|▍         | 130/2710 [00:11<03:43, 11.55it/s]
Extraindo:   5%|▍         | 132/2710 [00:11<03:40, 11.71it/s]
Extraindo:   5%|▍         | 134/2710 [00:11<03:38, 11.80it/s]
Extraindo:   5%|▌         | 136/2710 [00:12<04:27,  9.62it/s]
Extraindo:   5%|▌         | 138/2710 [00:12<04:07, 10.38it/s]
Extraindo:   5%|▌         | 140/2710 [00:12<03:52, 11.07it/s]
Extraindo:   5%|▌         | 142/2710 [00:12<03:41, 11.57it/s]
Extraindo:   5%|▌         | 144/2710 [00:12<03:43, 11.46it/s]
Extraindo:   5%|▌         | 146/2710 [00:13<03:41, 11.57it/s]
Extraindo:   5%|▌         | 148/2710 [00:13<03:40, 11.59it/s]
Extraindo:   6%|▌         | 150/2710 [00:13<04:21,  9.80it/s]
Extraindo:   6%|▌         | 152/2710 [00:13<04:04, 10.48it/s]
Extraindo:   6%|▌         | 154/2710 [00:13<04:42,  9.05it/s]
Extraindo:   6%|▌         | 156/2710 [00:14<04:17,  9.92it/s]
Extraindo:   6%|▌         | 158/2710 [00:14<04:00, 10.62it/s]
Extraindo:   6%|▌         | 160/2710 [00:14<03:46, 11.28it/s]
Extraindo:   6%|▌         | 162/2710 [00:14<03:43, 11.41it/s]
Extraindo:   6%|▌         | 164/2710 [00:14<04:22,  9.69it/s]
Extraindo:   6%|▌         | 166/2710 [00:15<04:05, 10.35it/s]
Extraindo:   6%|▌         | 168/2710 [00:15<03:53, 10.88it/s]
Extraindo:   6%|▋         | 170/2710 [00:15<03:46, 11.19it/s]
Extraindo:   6%|▋         | 172/2710 [00:15<03:40, 11.53it/s]
Extraindo:   6%|▋         | 174/2710 [00:15<03:37, 11.68it/s]
Extraindo:   6%|▋         | 176/2710 [00:15<03:36, 11.72it/s]
Extraindo:   7%|▋         | 178/2710 [00:15<03:36, 11.72it/s]
Extraindo:   7%|▋         | 180/2710 [00:16<03:34, 11.77it/s]
Extraindo:   7%|▋         | 182/2710 [00:16<03:36, 11.67it/s]
Extraindo:   7%|▋         | 184/2710 [00:16<04:23,  9.58it/s]
Extraindo:   7%|▋         | 186/2710 [00:16<04:10, 10.06it/s]
Extraindo:   7%|▋         | 188/2710 [00:17<04:42,  8.93it/s]
Extraindo:   7%|▋         | 190/2710 [00:17<05:04,  8.27it/s]
Extraindo:   7%|▋         | 192/2710 [00:17<04:29,  9.33it/s]
Extraindo:   7%|▋         | 194/2710 [00:17<04:07, 10.18it/s]
Extraindo:   7%|▋         | 196/2710 [00:17<03:52, 10.79it/s]
Extraindo:   7%|▋         | 198/2710 [00:18<03:42, 11.27it/s]
Extraindo:   7%|▋         | 200/2710 [00:18<03:37, 11.53it/s]
Extraindo:   7%|▋         | 202/2710 [00:18<03:34, 11.69it/s]
Extraindo:   8%|▊         | 204/2710 [00:18<03:32, 11.78it/s]
Extraindo:   8%|▊         | 206/2710 [00:18<03:29, 11.96it/s]
Extraindo:   8%|▊         | 208/2710 [00:18<03:31, 11.84it/s]
Extraindo:   8%|▊         | 210/2710 [00:19<03:32, 11.78it/s]
Extraindo:   8%|▊         | 212/2710 [00:19<03:35, 11.61it/s]
Extraindo:   8%|▊         | 214/2710 [00:19<04:22,  9.53it/s]
Extraindo:   8%|▊         | 216/2710 [00:19<04:03, 10.23it/s]
Extraindo:   8%|▊         | 218/2710 [00:19<04:37,  8.98it/s]
Extraindo:   8%|▊         | 220/2710 [00:20<04:13,  9.82it/s]
Extraindo:   8%|▊         | 222/2710 [00:20<04:00, 10.35it/s]
Extraindo:   8%|▊         | 224/2710 [00:20<03:49, 10.83it/s]
Extraindo:   8%|▊         | 226/2710 [00:20<04:22,  9.45it/s]
Extraindo:   8%|▊         | 228/2710 [00:20<04:04, 10.13it/s]
Extraindo:   8%|▊         | 230/2710 [00:21<03:52, 10.67it/s]
Extraindo:   9%|▊         | 232/2710 [00:21<03:45, 10.98it/s]
Extraindo:   9%|▊         | 234/2710 [00:21<03:43, 11.07it/s]
Extraindo:   9%|▊         | 236/2710 [00:21<03:40, 11.24it/s]
Extraindo:   9%|▉         | 238/2710 [00:21<03:38, 11.32it/s]
Extraindo:   9%|▉         | 240/2710 [00:21<03:37, 11.37it/s]
Extraindo:   9%|▉         | 242/2710 [00:22<03:35, 11.43it/s]
Extraindo:   9%|▉         | 244/2710 [00:22<04:17,  9.56it/s]
Extraindo:   9%|▉         | 246/2710 [00:22<04:44,  8.65it/s]
Extraindo:   9%|▉         | 248/2710 [00:22<04:20,  9.45it/s]
Extraindo:   9%|▉         | 250/2710 [00:22<04:01, 10.19it/s]
Extraindo:   9%|▉         | 252/2710 [00:23<03:50, 10.66it/s]
Extraindo:   9%|▉         | 254/2710 [00:23<03:42, 11.06it/s]
Extraindo:   9%|▉         | 256/2710 [00:23<03:37, 11.29it/s]
Extraindo:  10%|▉         | 258/2710 [00:23<03:35, 11.39it/s]
Extraindo:  10%|▉         | 260/2710 [00:23<03:36, 11.34it/s]
Extraindo:  10%|▉         | 262/2710 [00:24<04:22,  9.34it/s]
Extraindo:  10%|▉         | 264/2710 [00:24<04:09,  9.80it/s]
Extraindo:  10%|▉         | 266/2710 [00:24<03:58, 10.23it/s]
Extraindo:  10%|▉         | 268/2710 [00:24<03:51, 10.54it/s]
Extraindo:  10%|▉         | 270/2710 [00:24<04:31,  9.00it/s]
Extraindo:  10%|█         | 272/2710 [00:25<04:10,  9.73it/s]
Extraindo:  10%|█         | 274/2710 [00:25<03:56, 10.28it/s]
Extraindo:  10%|█         | 276/2710 [00:25<04:31,  8.98it/s]
Extraindo:  10%|█         | 278/2710 [00:25<04:08,  9.77it/s]
Extraindo:  10%|█         | 280/2710 [00:25<03:55, 10.31it/s]
Extraindo:  10%|█         | 282/2710 [00:26<03:44, 10.82it/s]
Extraindo:  10%|█         | 284/2710 [00:26<03:38, 11.08it/s]
Extraindo:  11%|█         | 286/2710 [00:26<03:35, 11.23it/s]
Extraindo:  11%|█         | 288/2710 [00:26<03:33, 11.35it/s]
Extraindo:  11%|█         | 290/2710 [00:26<03:33, 11.34it/s]
Extraindo:  11%|█         | 292/2710 [00:26<03:35, 11.20it/s]
Extraindo:  11%|█         | 294/2710 [00:27<03:37, 11.13it/s]
Extraindo:  11%|█         | 296/2710 [00:27<03:40, 10.94it/s]
Extraindo:  11%|█         | 298/2710 [00:27<04:22,  9.21it/s]
Extraindo:  11%|█         | 299/2710 [00:27<05:03,  7.95it/s]
Extraindo:  11%|█         | 301/2710 [00:27<04:28,  8.99it/s]
Extraindo:  11%|█         | 303/2710 [00:28<04:07,  9.74it/s]
Extraindo:  11%|█▏        | 305/2710 [00:28<03:53, 10.29it/s]
Extraindo:  11%|█▏        | 307/2710 [00:28<04:33,  8.80it/s]
Extraindo:  11%|█▏        | 309/2710 [00:28<04:11,  9.55it/s]
Extraindo:  11%|█▏        | 311/2710 [00:28<03:56, 10.13it/s]
Extraindo:  12%|█▏        | 313/2710 [00:29<03:47, 10.55it/s]
Extraindo:  12%|█▏        | 315/2710 [00:29<03:40, 10.86it/s]
Extraindo:  12%|█▏        | 317/2710 [00:29<03:33, 11.22it/s]
Extraindo:  12%|█▏        | 319/2710 [00:29<03:32, 11.23it/s]
Extraindo:  12%|█▏        | 321/2710 [00:29<03:32, 11.24it/s]
Extraindo:  12%|█▏        | 323/2710 [00:29<03:31, 11.27it/s]
Extraindo:  12%|█▏        | 325/2710 [00:30<04:14,  9.39it/s]
Extraindo:  12%|█▏        | 327/2710 [00:30<04:00,  9.91it/s]
Extraindo:  12%|█▏        | 329/2710 [00:30<05:18,  7.47it/s]
Extraindo:  12%|█▏        | 331/2710 [00:31<04:40,  8.47it/s]
Extraindo:  12%|█▏        | 333/2710 [00:31<04:17,  9.23it/s]
Extraindo:  12%|█▏        | 335/2710 [00:31<03:58,  9.94it/s]
Extraindo:  12%|█▏        | 337/2710 [00:31<05:11,  7.63it/s]
Extraindo:  13%|█▎        | 339/2710 [00:31<04:27,  8.86it/s]
Extraindo:  13%|█▎        | 341/2710 [00:32<03:59,  9.88it/s]
Extraindo:  13%|█▎        | 343/2710 [00:32<03:42, 10.66it/s]
Extraindo:  13%|█▎        | 345/2710 [00:32<03:29, 11.29it/s]
Extraindo:  13%|█▎        | 347/2710 [00:32<03:20, 11.78it/s]
Extraindo:  13%|█▎        | 349/2710 [00:32<03:15, 12.05it/s]
Extraindo:  13%|█▎        | 351/2710 [00:32<03:55, 10.00it/s]
Extraindo:  13%|█▎        | 353/2710 [00:33<03:39, 10.76it/s]
Extraindo:  13%|█▎        | 355/2710 [00:33<03:28, 11.29it/s]
Extraindo:  13%|█▎        | 357/2710 [00:33<03:22, 11.64it/s]
Extraindo:  13%|█▎        | 359/2710 [00:33<03:17, 11.90it/s]
Extraindo:  13%|█▎        | 361/2710 [00:33<03:15, 12.03it/s]
Extraindo:  13%|█▎        | 363/2710 [00:33<03:15, 11.99it/s]
Extraindo:  13%|█▎        | 365/2710 [00:34<03:13, 12.12it/s]
Extraindo:  14%|█▎        | 367/2710 [00:34<03:57,  9.88it/s]
Extraindo:  14%|█▎        | 369/2710 [00:34<03:44, 10.40it/s]
Extraindo:  14%|█▎        | 371/2710 [00:34<03:34, 10.88it/s]
Extraindo:  14%|█▍        | 373/2710 [00:35<04:09,  9.37it/s]
Extraindo:  14%|█▍        | 375/2710 [00:35<03:48, 10.20it/s]
Extraindo:  14%|█▍        | 377/2710 [00:35<04:19,  8.99it/s]
Extraindo:  14%|█▍        | 379/2710 [00:35<03:51, 10.07it/s]
Extraindo:  14%|█▍        | 381/2710 [00:35<03:32, 10.94it/s]
Extraindo:  14%|█▍        | 383/2710 [00:35<03:22, 11.49it/s]
Extraindo:  14%|█▍        | 385/2710 [00:36<03:16, 11.81it/s]
Extraindo:  14%|█▍        | 387/2710 [00:36<03:12, 12.04it/s]
Extraindo:  14%|█▍        | 389/2710 [00:36<03:13, 12.01it/s]
Extraindo:  14%|█▍        | 391/2710 [00:36<03:09, 12.21it/s]
Extraindo:  15%|█▍        | 393/2710 [00:36<03:10, 12.19it/s]
Extraindo:  15%|█▍        | 395/2710 [00:36<03:10, 12.14it/s]
Extraindo:  15%|█▍        | 397/2710 [00:37<03:57,  9.76it/s]
Extraindo:  15%|█▍        | 399/2710 [00:37<03:42, 10.37it/s]
Extraindo:  15%|█▍        | 401/2710 [00:37<03:33, 10.83it/s]
Extraindo:  15%|█▍        | 403/2710 [00:37<03:26, 11.17it/s]
Extraindo:  15%|█▍        | 405/2710 [00:37<04:03,  9.48it/s]
Extraindo:  15%|█▌        | 407/2710 [00:38<03:46, 10.16it/s]
Extraindo:  15%|█▌        | 409/2710 [00:38<03:36, 10.60it/s]
Extraindo:  15%|█▌        | 411/2710 [00:38<04:08,  9.24it/s]
Extraindo:  15%|█▌        | 413/2710 [00:38<03:47, 10.11it/s]
Extraindo:  15%|█▌        | 415/2710 [00:38<03:32, 10.81it/s]
Extraindo:  15%|█▌        | 417/2710 [00:39<03:26, 11.11it/s]
Extraindo:  15%|█▌        | 419/2710 [00:39<03:22, 11.32it/s]
Extraindo:  16%|█▌        | 421/2710 [00:39<03:18, 11.54it/s]
Extraindo:  16%|█▌        | 423/2710 [00:39<03:13, 11.82it/s]
Extraindo:  16%|█▌        | 425/2710 [00:39<03:11, 11.94it/s]
Extraindo:  16%|█▌        | 427/2710 [00:39<03:58,  9.59it/s]
Extraindo:  16%|█▌        | 429/2710 [00:40<03:40, 10.33it/s]
Extraindo:  16%|█▌        | 431/2710 [00:40<04:13,  9.00it/s]
Extraindo:  16%|█▌        | 433/2710 [00:40<03:50,  9.87it/s]
Extraindo:  16%|█▌        | 435/2710 [00:40<03:37, 10.48it/s]
Extraindo:  16%|█▌        | 437/2710 [00:40<03:26, 11.00it/s]
Extraindo:  16%|█▌        | 439/2710 [00:41<03:19, 11.36it/s]
Extraindo:  16%|█▋        | 441/2710 [00:41<03:16, 11.55it/s]
Extraindo:  16%|█▋        | 443/2710 [00:41<03:13, 11.73it/s]
Extraindo:  16%|█▋        | 445/2710 [00:41<03:12, 11.75it/s]
Extraindo:  16%|█▋        | 447/2710 [00:41<03:11, 11.84it/s]
Extraindo:  17%|█▋        | 449/2710 [00:42<03:54,  9.64it/s]
Extraindo:  17%|█▋        | 451/2710 [00:42<03:39, 10.29it/s]
Extraindo:  17%|█▋        | 453/2710 [00:42<03:32, 10.64it/s]
Extraindo:  17%|█▋        | 455/2710 [00:42<03:26, 10.91it/s]
Extraindo:  17%|█▋        | 457/2710 [00:42<03:22, 11.11it/s]
Extraindo:  17%|█▋        | 459/2710 [00:43<04:42,  7.98it/s]
Extraindo:  17%|█▋        | 461/2710 [00:43<04:07,  9.09it/s]
Extraindo:  17%|█▋        | 463/2710 [00:43<03:45,  9.95it/s]
Extraindo:  17%|█▋        | 465/2710 [00:43<03:30, 10.68it/s]
Extraindo:  17%|█▋        | 467/2710 [00:43<03:21, 11.15it/s]
Extraindo:  17%|█▋        | 469/2710 [00:43<03:13, 11.55it/s]
Extraindo:  17%|█▋        | 471/2710 [00:44<03:14, 11.50it/s]
Extraindo:  17%|█▋        | 473/2710 [00:44<03:14, 11.48it/s]
Extraindo:  18%|█▊        | 475/2710 [00:44<03:14, 11.49it/s]
Extraindo:  18%|█▊        | 477/2710 [00:44<03:16, 11.35it/s]
Extraindo:  18%|█▊        | 479/2710 [00:44<03:19, 11.20it/s]
Extraindo:  18%|█▊        | 481/2710 [00:44<03:20, 11.12it/s]
Extraindo:  18%|█▊        | 483/2710 [00:45<03:19, 11.15it/s]
Extraindo:  18%|█▊        | 485/2710 [00:45<04:40,  7.92it/s]
Extraindo:  18%|█▊        | 487/2710 [00:45<04:07,  8.98it/s]
Extraindo:  18%|█▊        | 489/2710 [00:46<04:29,  8.24it/s]
Extraindo:  18%|█▊        | 491/2710 [00:46<04:01,  9.20it/s]
Extraindo:  18%|█▊        | 493/2710 [00:46<03:39, 10.09it/s]
Extraindo:  18%|█▊        | 495/2710 [00:46<03:25, 10.79it/s]
Extraindo:  18%|█▊        | 497/2710 [00:46<03:13, 11.42it/s]
Extraindo:  18%|█▊        | 499/2710 [00:46<03:09, 11.64it/s]
Extraindo:  18%|█▊        | 501/2710 [00:46<03:09, 11.66it/s]
Extraindo:  19%|█▊        | 503/2710 [00:47<03:08, 11.70it/s]
Extraindo:  19%|█▊        | 505/2710 [00:47<03:07, 11.76it/s]
Extraindo:  19%|█▊        | 507/2710 [00:47<03:09, 11.64it/s]
Extraindo:  19%|█▉        | 509/2710 [00:47<03:10, 11.56it/s]
Extraindo:  19%|█▉        | 511/2710 [00:47<03:12, 11.41it/s]
Extraindo:  19%|█▉        | 513/2710 [00:48<03:52,  9.45it/s]
Extraindo:  19%|█▉        | 515/2710 [00:48<03:42,  9.88it/s]
Extraindo:  19%|█▉        | 517/2710 [00:48<03:33, 10.29it/s]
Extraindo:  19%|█▉        | 519/2710 [00:48<04:06,  8.88it/s]
Extraindo:  19%|█▉        | 521/2710 [00:48<03:48,  9.57it/s]
Extraindo:  19%|█▉        | 523/2710 [00:49<04:15,  8.58it/s]
Extraindo:  19%|█▉        | 525/2710 [00:49<03:51,  9.43it/s]
Extraindo:  19%|█▉        | 527/2710 [00:49<03:35, 10.15it/s]
Extraindo:  20%|█▉        | 529/2710 [00:49<03:25, 10.61it/s]
Extraindo:  20%|█▉        | 531/2710 [00:49<03:20, 10.89it/s]
Extraindo:  20%|█▉        | 533/2710 [00:50<03:16, 11.08it/s]
Extraindo:  20%|█▉        | 535/2710 [00:50<03:16, 11.06it/s]
Extraindo:  20%|█▉        | 537/2710 [00:50<03:15, 11.11it/s]
Extraindo:  20%|█▉        | 539/2710 [00:50<03:52,  9.32it/s]
Extraindo:  20%|█▉        | 541/2710 [00:50<03:39,  9.86it/s]
Extraindo:  20%|██        | 543/2710 [00:51<03:31, 10.25it/s]
Extraindo:  20%|██        | 545/2710 [00:51<03:10, 11.37it/s]
Extraindo:  20%|██        | 547/2710 [00:51<03:12, 11.23it/s]
Extraindo:  20%|██        | 549/2710 [00:51<03:51,  9.35it/s]
Extraindo:  20%|██        | 551/2710 [00:51<03:35, 10.00it/s]
Extraindo:  20%|██        | 553/2710 [00:52<03:28, 10.34it/s]
Extraindo:  20%|██        | 555/2710 [00:52<03:24, 10.56it/s]
Extraindo:  21%|██        | 557/2710 [00:52<03:20, 10.76it/s]
Extraindo:  21%|██        | 559/2710 [00:52<03:56,  9.09it/s]
Extraindo:  21%|██        | 561/2710 [00:52<03:41,  9.69it/s]
Extraindo:  21%|██        | 563/2710 [00:53<03:33, 10.04it/s]
Extraindo:  21%|██        | 565/2710 [00:53<03:26, 10.38it/s]
Extraindo:  21%|██        | 567/2710 [00:53<04:01,  8.89it/s]
Extraindo:  21%|██        | 569/2710 [00:53<03:43,  9.58it/s]
Extraindo:  21%|██        | 571/2710 [00:53<03:32, 10.07it/s]
Extraindo:  21%|██        | 573/2710 [00:54<03:25, 10.40it/s]
Extraindo:  21%|██        | 575/2710 [00:54<03:21, 10.60it/s]
Extraindo:  21%|██▏       | 577/2710 [00:54<03:19, 10.72it/s]
Extraindo:  21%|██▏       | 579/2710 [00:54<03:55,  9.06it/s]
Extraindo:  21%|██▏       | 581/2710 [00:54<03:38,  9.76it/s]
Extraindo:  22%|██▏       | 583/2710 [00:55<03:30, 10.11it/s]
Extraindo:  22%|██▏       | 585/2710 [00:55<03:24, 10.37it/s]
Extraindo:  22%|██▏       | 587/2710 [00:55<03:18, 10.67it/s]
Extraindo:  22%|██▏       | 589/2710 [00:55<03:17, 10.73it/s]
Extraindo:  22%|██▏       | 591/2710 [00:55<03:17, 10.72it/s]
Extraindo:  22%|██▏       | 593/2710 [00:56<03:54,  9.03it/s]
Extraindo:  22%|██▏       | 595/2710 [00:56<03:40,  9.59it/s]
Extraindo:  22%|██▏       | 597/2710 [00:56<04:05,  8.59it/s]
Extraindo:  22%|██▏       | 599/2710 [00:56<03:47,  9.30it/s]
Extraindo:  22%|██▏       | 601/2710 [00:56<03:33,  9.86it/s]
Extraindo:  22%|██▏       | 603/2710 [00:57<03:26, 10.22it/s]
Extraindo:  22%|██▏       | 605/2710 [00:57<03:19, 10.57it/s]
Extraindo:  22%|██▏       | 607/2710 [00:57<03:14, 10.80it/s]
Extraindo:  22%|██▏       | 609/2710 [00:57<03:56,  8.90it/s]
Extraindo:  23%|██▎       | 611/2710 [00:57<03:39,  9.55it/s]
Extraindo:  23%|██▎       | 613/2710 [00:58<03:26, 10.16it/s]
Extraindo:  23%|██▎       | 615/2710 [00:58<03:18, 10.53it/s]
Extraindo:  23%|██▎       | 617/2710 [00:58<03:17, 10.59it/s]
Extraindo:  23%|██▎       | 619/2710 [00:58<03:53,  8.94it/s]
Extraindo:  23%|██▎       | 621/2710 [00:58<03:38,  9.57it/s]
Extraindo:  23%|██▎       | 623/2710 [00:59<03:29,  9.96it/s]
Extraindo:  23%|██▎       | 625/2710 [00:59<03:23, 10.25it/s]
Extraindo:  23%|██▎       | 627/2710 [00:59<03:19, 10.44it/s]
Extraindo:  23%|██▎       | 629/2710 [00:59<03:18, 10.50it/s]
Extraindo:  23%|██▎       | 631/2710 [00:59<03:16, 10.59it/s]
Extraindo:  23%|██▎       | 633/2710 [01:00<03:51,  8.99it/s]
Extraindo:  23%|██▎       | 635/2710 [01:00<03:37,  9.55it/s]
Extraindo:  24%|██▎       | 637/2710 [01:00<03:28,  9.93it/s]
Extraindo:  24%|██▎       | 639/2710 [01:00<03:23, 10.18it/s]
Extraindo:  24%|██▎       | 641/2710 [01:01<03:58,  8.66it/s]
Extraindo:  24%|██▎       | 643/2710 [01:01<03:41,  9.34it/s]
Extraindo:  24%|██▍       | 645/2710 [01:01<03:27,  9.94it/s]
Extraindo:  24%|██▍       | 647/2710 [01:01<03:56,  8.72it/s]
Extraindo:  24%|██▍       | 649/2710 [01:01<03:36,  9.50it/s]
Extraindo:  24%|██▍       | 651/2710 [01:02<03:23, 10.10it/s]
Extraindo:  24%|██▍       | 653/2710 [01:02<03:16, 10.49it/s]
Extraindo:  24%|██▍       | 655/2710 [01:02<04:27,  7.67it/s]
Extraindo:  24%|██▍       | 657/2710 [01:02<03:56,  8.69it/s]
Extraindo:  24%|██▍       | 659/2710 [01:02<03:33,  9.61it/s]
Extraindo:  24%|██▍       | 661/2710 [01:03<03:20, 10.24it/s]
Extraindo:  24%|██▍       | 663/2710 [01:03<03:09, 10.80it/s]
Extraindo:  25%|██▍       | 665/2710 [01:03<03:03, 11.12it/s]
Extraindo:  25%|██▍       | 667/2710 [01:03<02:59, 11.39it/s]
Extraindo:  25%|██▍       | 669/2710 [01:03<02:56, 11.56it/s]
Extraindo:  25%|██▍       | 671/2710 [01:04<04:11,  8.11it/s]
Extraindo:  25%|██▍       | 673/2710 [01:04<03:40,  9.22it/s]
Extraindo:  25%|██▍       | 675/2710 [01:04<03:56,  8.60it/s]
Extraindo:  25%|██▍       | 677/2710 [01:04<03:29,  9.69it/s]
Extraindo:  25%|██▌       | 679/2710 [01:04<03:13, 10.52it/s]
Extraindo:  25%|██▌       | 681/2710 [01:05<03:03, 11.05it/s]
Extraindo:  25%|██▌       | 683/2710 [01:05<02:53, 11.69it/s]
Extraindo:  25%|██▌       | 685/2710 [01:05<02:47, 12.12it/s]
Extraindo:  25%|██▌       | 687/2710 [01:05<02:43, 12.36it/s]
Extraindo:  25%|██▌       | 689/2710 [01:05<02:44, 12.30it/s]
Extraindo:  25%|██▌       | 691/2710 [01:05<02:46, 12.10it/s]
Extraindo:  26%|██▌       | 693/2710 [01:06<02:48, 11.98it/s]
Extraindo:  26%|██▌       | 695/2710 [01:06<02:49, 11.88it/s]
Extraindo:  26%|██▌       | 697/2710 [01:06<02:50, 11.79it/s]
Extraindo:  26%|██▌       | 699/2710 [01:06<02:51, 11.74it/s]
Extraindo:  26%|██▌       | 701/2710 [01:06<03:28,  9.61it/s]
Extraindo:  26%|██▌       | 703/2710 [01:07<03:51,  8.66it/s]
Extraindo:  26%|██▌       | 705/2710 [01:07<03:30,  9.51it/s]
Extraindo:  26%|██▌       | 707/2710 [01:07<03:15, 10.26it/s]
Extraindo:  26%|██▌       | 709/2710 [01:07<03:40,  9.07it/s]
Extraindo:  26%|██▌       | 711/2710 [01:07<03:19, 10.00it/s]
Extraindo:  26%|██▋       | 713/2710 [01:08<03:06, 10.73it/s]
Extraindo:  26%|██▋       | 715/2710 [01:08<02:59, 11.14it/s]
Extraindo:  26%|██▋       | 717/2710 [01:08<02:55, 11.35it/s]
Extraindo:  27%|██▋       | 719/2710 [01:08<02:51, 11.62it/s]
Extraindo:  27%|██▋       | 721/2710 [01:08<02:48, 11.77it/s]
Extraindo:  27%|██▋       | 723/2710 [01:08<02:48, 11.78it/s]
Extraindo:  27%|██▋       | 725/2710 [01:09<02:49, 11.72it/s]
Extraindo:  27%|██▋       | 727/2710 [01:09<02:50, 11.65it/s]
Extraindo:  27%|██▋       | 729/2710 [01:09<03:26,  9.60it/s]
Extraindo:  27%|██▋       | 731/2710 [01:09<03:16, 10.08it/s]
Extraindo:  27%|██▋       | 733/2710 [01:09<03:43,  8.85it/s]
Extraindo:  27%|██▋       | 735/2710 [01:10<03:23,  9.70it/s]
Extraindo:  27%|██▋       | 737/2710 [01:10<03:11, 10.30it/s]
Extraindo:  27%|██▋       | 739/2710 [01:10<03:02, 10.78it/s]
Extraindo:  27%|██▋       | 741/2710 [01:10<02:58, 11.05it/s]
Extraindo:  27%|██▋       | 743/2710 [01:10<02:54, 11.26it/s]
Extraindo:  27%|██▋       | 745/2710 [01:10<02:53, 11.36it/s]
Extraindo:  28%|██▊       | 747/2710 [01:11<03:30,  9.33it/s]
Extraindo:  28%|██▊       | 749/2710 [01:11<03:15, 10.01it/s]
Extraindo:  28%|██▊       | 751/2710 [01:11<03:07, 10.45it/s]
Extraindo:  28%|██▊       | 753/2710 [01:11<03:01, 10.80it/s]
Extraindo:  28%|██▊       | 755/2710 [01:12<03:34,  9.11it/s]
Extraindo:  28%|██▊       | 757/2710 [01:12<03:18,  9.82it/s]
Extraindo:  28%|██▊       | 759/2710 [01:12<03:08, 10.38it/s]
Extraindo:  28%|██▊       | 761/2710 [01:12<03:02, 10.71it/s]
Extraindo:  28%|██▊       | 763/2710 [01:12<03:34,  9.09it/s]
Extraindo:  28%|██▊       | 765/2710 [01:13<03:18,  9.81it/s]
Extraindo:  28%|██▊       | 767/2710 [01:13<03:09, 10.24it/s]
Extraindo:  28%|██▊       | 769/2710 [01:13<03:02, 10.64it/s]
Extraindo:  28%|██▊       | 771/2710 [01:13<02:59, 10.83it/s]
Extraindo:  29%|██▊       | 773/2710 [01:13<02:57, 10.91it/s]
Extraindo:  29%|██▊       | 775/2710 [01:13<02:52, 11.20it/s]
Extraindo:  29%|██▊       | 777/2710 [01:14<02:52, 11.24it/s]
Extraindo:  29%|██▊       | 779/2710 [01:14<02:52, 11.18it/s]
Extraindo:  29%|██▉       | 781/2710 [01:14<02:52, 11.21it/s]
Extraindo:  29%|██▉       | 783/2710 [01:14<04:02,  7.94it/s]
Extraindo:  29%|██▉       | 785/2710 [01:15<03:38,  8.81it/s]
Extraindo:  29%|██▉       | 787/2710 [01:15<03:20,  9.57it/s]
Extraindo:  29%|██▉       | 789/2710 [01:15<03:07, 10.26it/s]
Extraindo:  29%|██▉       | 791/2710 [01:15<02:58, 10.75it/s]
Extraindo:  29%|██▉       | 793/2710 [01:15<03:30,  9.11it/s]
Extraindo:  29%|██▉       | 795/2710 [01:16<03:13,  9.89it/s]
Extraindo:  29%|██▉       | 797/2710 [01:16<03:01, 10.57it/s]
Extraindo:  29%|██▉       | 799/2710 [01:16<02:57, 10.79it/s]
Extraindo:  30%|██▉       | 801/2710 [01:16<02:52, 11.04it/s]
Extraindo:  30%|██▉       | 803/2710 [01:16<02:52, 11.06it/s]
Extraindo:  30%|██▉       | 805/2710 [01:16<02:52, 11.06it/s]
Extraindo:  30%|██▉       | 807/2710 [01:17<02:51, 11.11it/s]
Extraindo:  30%|██▉       | 809/2710 [01:17<03:26,  9.21it/s]
Extraindo:  30%|██▉       | 811/2710 [01:17<03:10,  9.94it/s]
Extraindo:  30%|███       | 813/2710 [01:17<03:05, 10.23it/s]
Extraindo:  30%|███       | 815/2710 [01:17<02:59, 10.56it/s]
Extraindo:  30%|███       | 817/2710 [01:18<02:57, 10.67it/s]
Extraindo:  30%|███       | 819/2710 [01:18<02:54, 10.82it/s]
Extraindo:  30%|███       | 821/2710 [01:18<03:25,  9.19it/s]
Extraindo:  30%|███       | 823/2710 [01:18<03:11,  9.87it/s]
Extraindo:  30%|███       | 825/2710 [01:18<03:38,  8.65it/s]
Extraindo:  31%|███       | 827/2710 [01:19<03:18,  9.49it/s]
Extraindo:  31%|███       | 829/2710 [01:19<03:07, 10.04it/s]
Extraindo:  31%|███       | 831/2710 [01:19<03:01, 10.34it/s]
Extraindo:  31%|███       | 833/2710 [01:19<02:57, 10.59it/s]
Extraindo:  31%|███       | 835/2710 [01:19<03:26,  9.08it/s]
Extraindo:  31%|███       | 837/2710 [01:20<03:11,  9.79it/s]
Extraindo:  31%|███       | 839/2710 [01:20<03:02, 10.26it/s]
Extraindo:  31%|███       | 841/2710 [01:20<02:55, 10.68it/s]
Extraindo:  31%|███       | 843/2710 [01:20<02:50, 10.93it/s]
Extraindo:  31%|███       | 845/2710 [01:20<02:49, 10.98it/s]
Extraindo:  31%|███▏      | 847/2710 [01:21<02:47, 11.09it/s]
Extraindo:  31%|███▏      | 849/2710 [01:21<02:49, 10.96it/s]
Extraindo:  31%|███▏      | 851/2710 [01:21<02:49, 10.94it/s]
Extraindo:  31%|███▏      | 853/2710 [01:21<02:51, 10.84it/s]
Extraindo:  32%|███▏      | 855/2710 [01:21<03:22,  9.15it/s]
Extraindo:  32%|███▏      | 857/2710 [01:22<03:12,  9.65it/s]
Extraindo:  32%|███▏      | 859/2710 [01:22<03:34,  8.63it/s]
Extraindo:  32%|███▏      | 861/2710 [01:22<03:16,  9.41it/s]
Extraindo:  32%|███▏      | 863/2710 [01:22<03:41,  8.33it/s]
Extraindo:  32%|███▏      | 865/2710 [01:22<03:21,  9.18it/s]
Extraindo:  32%|███▏      | 867/2710 [01:23<03:06,  9.86it/s]
Extraindo:  32%|███▏      | 869/2710 [01:23<02:57, 10.36it/s]
Extraindo:  32%|███▏      | 871/2710 [01:23<02:50, 10.79it/s]
Extraindo:  32%|███▏      | 873/2710 [01:23<02:46, 11.01it/s]
Extraindo:  32%|███▏      | 875/2710 [01:23<02:45, 11.08it/s]
Extraindo:  32%|███▏      | 877/2710 [01:24<02:44, 11.12it/s]
Extraindo:  32%|███▏      | 879/2710 [01:24<02:45, 11.09it/s]
Extraindo:  33%|███▎      | 881/2710 [01:24<02:47, 10.95it/s]
Extraindo:  33%|███▎      | 883/2710 [01:24<02:46, 10.95it/s]
Extraindo:  33%|███▎      | 885/2710 [01:24<03:21,  9.04it/s]
Extraindo:  33%|███▎      | 887/2710 [01:25<03:10,  9.59it/s]
Extraindo:  33%|███▎      | 889/2710 [01:25<03:05,  9.84it/s]
Extraindo:  33%|███▎      | 891/2710 [01:25<03:30,  8.62it/s]
Extraindo:  33%|███▎      | 893/2710 [01:25<03:14,  9.35it/s]
Extraindo:  33%|███▎      | 895/2710 [01:26<03:36,  8.40it/s]
Extraindo:  33%|███▎      | 897/2710 [01:26<03:16,  9.24it/s]
Extraindo:  33%|███▎      | 899/2710 [01:26<03:03,  9.87it/s]
Extraindo:  33%|███▎      | 901/2710 [01:26<02:53, 10.43it/s]
Extraindo:  33%|███▎      | 903/2710 [01:26<02:47, 10.76it/s]
Extraindo:  33%|███▎      | 905/2710 [01:26<02:45, 10.88it/s]
Extraindo:  33%|███▎      | 907/2710 [01:27<02:45, 10.88it/s]
Extraindo:  34%|███▎      | 909/2710 [01:27<02:43, 11.01it/s]
Extraindo:  34%|███▎      | 911/2710 [01:27<02:43, 11.00it/s]
Extraindo:  34%|███▎      | 913/2710 [01:27<02:45, 10.86it/s]
Extraindo:  34%|███▍      | 915/2710 [01:27<02:46, 10.81it/s]
Extraindo:  34%|███▍      | 917/2710 [01:28<03:55,  7.60it/s]
Extraindo:  34%|███▍      | 919/2710 [01:28<03:32,  8.43it/s]
Extraindo:  34%|███▍      | 921/2710 [01:28<03:12,  9.30it/s]
Extraindo:  34%|███▍      | 923/2710 [01:28<03:02,  9.80it/s]
Extraindo:  34%|███▍      | 925/2710 [01:28<02:54, 10.24it/s]
Extraindo:  34%|███▍      | 927/2710 [01:29<02:49, 10.50it/s]
Extraindo:  34%|███▍      | 929/2710 [01:29<02:50, 10.46it/s]
Extraindo:  34%|███▍      | 931/2710 [01:29<02:47, 10.60it/s]
Extraindo:  34%|███▍      | 933/2710 [01:29<03:19,  8.93it/s]
Extraindo:  35%|███▍      | 935/2710 [01:29<03:08,  9.40it/s]
Extraindo:  35%|███▍      | 937/2710 [01:30<03:00,  9.81it/s]
Extraindo:  35%|███▍      | 939/2710 [01:30<02:58,  9.92it/s]
Extraindo:  35%|███▍      | 941/2710 [01:30<02:54, 10.11it/s]
Extraindo:  35%|███▍      | 943/2710 [01:30<02:53, 10.18it/s]
Extraindo:  35%|███▍      | 945/2710 [01:31<03:20,  8.81it/s]
Extraindo:  35%|███▍      | 946/2710 [01:31<03:53,  7.57it/s]
Extraindo:  35%|███▍      | 948/2710 [01:31<03:26,  8.54it/s]
Extraindo:  35%|███▌      | 950/2710 [01:31<03:09,  9.30it/s]
Extraindo:  35%|███▌      | 952/2710 [01:31<02:58,  9.83it/s]
Extraindo:  35%|███▌      | 954/2710 [01:31<02:51, 10.25it/s]
Extraindo:  35%|███▌      | 956/2710 [01:32<02:46, 10.52it/s]
Extraindo:  35%|███▌      | 958/2710 [01:32<02:42, 10.80it/s]
Extraindo:  35%|███▌      | 960/2710 [01:32<02:41, 10.86it/s]
Extraindo:  35%|███▌      | 962/2710 [01:32<02:41, 10.80it/s]
Extraindo:  36%|███▌      | 964/2710 [01:32<02:42, 10.72it/s]
Extraindo:  36%|███▌      | 966/2710 [01:33<02:44, 10.58it/s]
Extraindo:  36%|███▌      | 968/2710 [01:33<02:47, 10.43it/s]
Extraindo:  36%|███▌      | 970/2710 [01:33<03:16,  8.84it/s]
Extraindo:  36%|███▌      | 971/2710 [01:33<03:47,  7.63it/s]
Extraindo:  36%|███▌      | 973/2710 [01:33<03:22,  8.58it/s]
Extraindo:  36%|███▌      | 975/2710 [01:34<03:07,  9.27it/s]
Extraindo:  36%|███▌      | 977/2710 [01:34<03:33,  8.13it/s]
Extraindo:  36%|███▌      | 979/2710 [01:34<03:11,  9.05it/s]
Extraindo:  36%|███▌      | 981/2710 [01:34<02:58,  9.70it/s]
Extraindo:  36%|███▋      | 983/2710 [01:34<02:48, 10.27it/s]
Extraindo:  36%|███▋      | 985/2710 [01:35<03:46,  7.60it/s]
Extraindo:  36%|███▋      | 987/2710 [01:35<03:19,  8.62it/s]
Extraindo:  36%|███▋      | 989/2710 [01:35<03:02,  9.45it/s]
Extraindo:  37%|███▋      | 991/2710 [01:35<02:50, 10.07it/s]
Extraindo:  37%|███▋      | 993/2710 [01:36<02:43, 10.50it/s]
Extraindo:  37%|███▋      | 995/2710 [01:36<02:38, 10.83it/s]
Extraindo:  37%|███▋      | 997/2710 [01:36<02:36, 10.92it/s]
Extraindo:  37%|███▋      | 999/2710 [01:36<03:05,  9.23it/s]
Extraindo:  37%|███▋      | 1001/2710 [01:36<02:54,  9.80it/s]
Extraindo:  37%|███▋      | 1003/2710 [01:37<02:44, 10.38it/s]
Extraindo:  37%|███▋      | 1005/2710 [01:37<02:41, 10.59it/s]
Extraindo:  37%|███▋      | 1007/2710 [01:37<03:38,  7.80it/s]
Extraindo:  37%|███▋      | 1009/2710 [01:37<03:10,  8.91it/s]
Extraindo:  37%|███▋      | 1011/2710 [01:37<02:53,  9.80it/s]
Extraindo:  37%|███▋      | 1013/2710 [01:38<02:41, 10.54it/s]
Extraindo:  37%|███▋      | 1015/2710 [01:38<02:33, 11.05it/s]
Extraindo:  38%|███▊      | 1017/2710 [01:38<02:28, 11.37it/s]
Extraindo:  38%|███▊      | 1019/2710 [01:38<02:24, 11.66it/s]
Extraindo:  38%|███▊      | 1021/2710 [01:38<02:23, 11.81it/s]
Extraindo:  38%|███▊      | 1023/2710 [01:38<02:22, 11.82it/s]
Extraindo:  38%|███▊      | 1025/2710 [01:39<02:53,  9.69it/s]
Extraindo:  38%|███▊      | 1027/2710 [01:39<02:43, 10.27it/s]
Extraindo:  38%|███▊      | 1029/2710 [01:39<02:38, 10.58it/s]
Extraindo:  38%|███▊      | 1031/2710 [01:39<02:34, 10.88it/s]
Extraindo:  38%|███▊      | 1033/2710 [01:39<02:31, 11.06it/s]
Extraindo:  38%|███▊      | 1035/2710 [01:40<02:30, 11.16it/s]
Extraindo:  38%|███▊      | 1037/2710 [01:40<02:27, 11.33it/s]
Extraindo:  38%|███▊      | 1039/2710 [01:40<02:57,  9.40it/s]
Extraindo:  38%|███▊      | 1041/2710 [01:40<02:47,  9.95it/s]
Extraindo:  38%|███▊      | 1043/2710 [01:40<02:40, 10.36it/s]
Extraindo:  39%|███▊      | 1045/2710 [01:41<03:07,  8.86it/s]
Extraindo:  39%|███▊      | 1047/2710 [01:41<02:52,  9.62it/s]
Extraindo:  39%|███▊      | 1049/2710 [01:41<02:42, 10.20it/s]
Extraindo:  39%|███▉      | 1051/2710 [01:41<02:38, 10.46it/s]
Extraindo:  39%|███▉      | 1053/2710 [01:41<03:03,  9.01it/s]
Extraindo:  39%|███▉      | 1055/2710 [01:42<02:47,  9.86it/s]
Extraindo:  39%|███▉      | 1057/2710 [01:42<02:38, 10.44it/s]
Extraindo:  39%|███▉      | 1059/2710 [01:42<02:33, 10.78it/s]
Extraindo:  39%|███▉      | 1061/2710 [01:42<02:31, 10.87it/s]
Extraindo:  39%|███▉      | 1063/2710 [01:42<02:30, 10.97it/s]
Extraindo:  39%|███▉      | 1065/2710 [01:43<02:28, 11.07it/s]
Extraindo:  39%|███▉      | 1067/2710 [01:43<02:27, 11.11it/s]
Extraindo:  39%|███▉      | 1069/2710 [01:43<02:57,  9.26it/s]
Extraindo:  40%|███▉      | 1071/2710 [01:43<02:46,  9.84it/s]
Extraindo:  40%|███▉      | 1073/2710 [01:43<02:40, 10.19it/s]
Extraindo:  40%|███▉      | 1075/2710 [01:44<02:36, 10.43it/s]
Extraindo:  40%|███▉      | 1077/2710 [01:44<02:32, 10.70it/s]
Extraindo:  40%|███▉      | 1079/2710 [01:44<03:01,  8.96it/s]
Extraindo:  40%|███▉      | 1081/2710 [01:44<02:49,  9.63it/s]
Extraindo:  40%|███▉      | 1083/2710 [01:44<03:09,  8.61it/s]
Extraindo:  40%|████      | 1085/2710 [01:45<02:50,  9.52it/s]
Extraindo:  40%|████      | 1087/2710 [01:45<02:40, 10.10it/s]
Extraindo:  40%|████      | 1089/2710 [01:45<02:24, 11.19it/s]
Extraindo:  40%|████      | 1091/2710 [01:45<02:23, 11.29it/s]
Extraindo:  40%|████      | 1093/2710 [01:45<02:22, 11.32it/s]
Extraindo:  40%|████      | 1095/2710 [01:45<02:21, 11.39it/s]
Extraindo:  40%|████      | 1097/2710 [01:46<02:22, 11.33it/s]
Extraindo:  41%|████      | 1099/2710 [01:46<02:54,  9.24it/s]
Extraindo:  41%|████      | 1101/2710 [01:46<02:43,  9.86it/s]
Extraindo:  41%|████      | 1103/2710 [01:46<02:36, 10.27it/s]
Extraindo:  41%|████      | 1105/2710 [01:46<02:32, 10.53it/s]
Extraindo:  41%|████      | 1107/2710 [01:47<03:00,  8.88it/s]
Extraindo:  41%|████      | 1109/2710 [01:47<02:47,  9.58it/s]
Extraindo:  41%|████      | 1111/2710 [01:47<02:37, 10.16it/s]
Extraindo:  41%|████      | 1113/2710 [01:47<02:31, 10.54it/s]
Extraindo:  41%|████      | 1115/2710 [01:47<02:29, 10.67it/s]
Extraindo:  41%|████      | 1117/2710 [01:48<02:28, 10.74it/s]
Extraindo:  41%|████▏     | 1119/2710 [01:48<02:27, 10.77it/s]
Extraindo:  41%|████▏     | 1121/2710 [01:48<02:54,  9.09it/s]
Extraindo:  41%|████▏     | 1123/2710 [01:48<02:44,  9.63it/s]
Extraindo:  42%|████▏     | 1125/2710 [01:49<02:37, 10.04it/s]
Extraindo:  42%|████▏     | 1127/2710 [01:49<02:34, 10.25it/s]
Extraindo:  42%|████▏     | 1129/2710 [01:49<02:31, 10.42it/s]
Extraindo:  42%|████▏     | 1131/2710 [01:49<02:58,  8.82it/s]
Extraindo:  42%|████▏     | 1133/2710 [01:49<03:15,  8.06it/s]
Extraindo:  42%|████▏     | 1135/2710 [01:50<02:56,  8.95it/s]
Extraindo:  42%|████▏     | 1137/2710 [01:50<02:42,  9.68it/s]
Extraindo:  42%|████▏     | 1139/2710 [01:50<02:33, 10.25it/s]
Extraindo:  42%|████▏     | 1141/2710 [01:50<02:26, 10.74it/s]
Extraindo:  42%|████▏     | 1143/2710 [01:50<02:21, 11.10it/s]
Extraindo:  42%|████▏     | 1145/2710 [01:50<02:19, 11.19it/s]
Extraindo:  42%|████▏     | 1147/2710 [01:51<02:19, 11.20it/s]
Extraindo:  42%|████▏     | 1149/2710 [01:51<02:20, 11.11it/s]
Extraindo:  42%|████▏     | 1151/2710 [01:51<02:20, 11.12it/s]
Extraindo:  43%|████▎     | 1153/2710 [01:51<02:21, 10.97it/s]
Extraindo:  43%|████▎     | 1155/2710 [01:51<02:23, 10.83it/s]
Extraindo:  43%|████▎     | 1157/2710 [01:52<02:23, 10.85it/s]
Extraindo:  43%|████▎     | 1159/2710 [01:52<02:50,  9.08it/s]
Extraindo:  43%|████▎     | 1161/2710 [01:52<03:41,  6.99it/s]
Extraindo:  43%|████▎     | 1163/2710 [01:53<03:12,  8.02it/s]
Extraindo:  43%|████▎     | 1165/2710 [01:53<02:51,  9.00it/s]
Extraindo:  43%|████▎     | 1167/2710 [01:53<02:39,  9.70it/s]
Extraindo:  43%|████▎     | 1169/2710 [01:53<02:31, 10.17it/s]
Extraindo:  43%|████▎     | 1171/2710 [01:53<02:26, 10.51it/s]
Extraindo:  43%|████▎     | 1173/2710 [01:53<02:22, 10.77it/s]
Extraindo:  43%|████▎     | 1175/2710 [01:54<02:20, 10.91it/s]
Extraindo:  43%|████▎     | 1177/2710 [01:54<02:19, 10.98it/s]
Extraindo:  44%|████▎     | 1179/2710 [01:54<02:20, 10.92it/s]
Extraindo:  44%|████▎     | 1181/2710 [01:54<02:20, 10.87it/s]
Extraindo:  44%|████▎     | 1183/2710 [01:54<02:20, 10.84it/s]
Extraindo:  44%|████▎     | 1185/2710 [01:54<02:23, 10.62it/s]
Extraindo:  44%|████▍     | 1187/2710 [01:55<02:49,  8.99it/s]
Extraindo:  44%|████▍     | 1189/2710 [01:55<02:40,  9.46it/s]
Extraindo:  44%|████▍     | 1191/2710 [01:55<02:35,  9.79it/s]
Extraindo:  44%|████▍     | 1193/2710 [01:55<02:58,  8.50it/s]
Extraindo:  44%|████▍     | 1195/2710 [01:56<03:13,  7.85it/s]
Extraindo:  44%|████▍     | 1197/2710 [01:56<02:51,  8.82it/s]
Extraindo:  44%|████▍     | 1199/2710 [01:56<02:39,  9.48it/s]
Extraindo:  44%|████▍     | 1201/2710 [01:56<02:31,  9.99it/s]
Extraindo:  44%|████▍     | 1203/2710 [01:56<02:25, 10.35it/s]
Extraindo:  44%|████▍     | 1205/2710 [01:57<02:22, 10.59it/s]
Extraindo:  45%|████▍     | 1207/2710 [01:57<02:21, 10.65it/s]
Extraindo:  45%|████▍     | 1209/2710 [01:57<02:20, 10.69it/s]
Extraindo:  45%|████▍     | 1211/2710 [01:57<02:20, 10.67it/s]
Extraindo:  45%|████▍     | 1213/2710 [01:57<02:20, 10.66it/s]
Extraindo:  45%|████▍     | 1215/2710 [01:58<02:46,  8.96it/s]
Extraindo:  45%|████▍     | 1217/2710 [01:58<02:38,  9.39it/s]
Extraindo:  45%|████▍     | 1219/2710 [01:58<02:35,  9.57it/s]
Extraindo:  45%|████▌     | 1221/2710 [01:58<02:31,  9.85it/s]
Extraindo:  45%|████▌     | 1223/2710 [01:59<02:55,  8.49it/s]
Extraindo:  45%|████▌     | 1225/2710 [01:59<02:41,  9.18it/s]
Extraindo:  45%|████▌     | 1227/2710 [01:59<02:34,  9.62it/s]
Extraindo:  45%|████▌     | 1229/2710 [01:59<02:30,  9.87it/s]
Extraindo:  45%|████▌     | 1231/2710 [01:59<02:27, 10.04it/s]
Extraindo:  45%|████▌     | 1233/2710 [02:00<02:49,  8.69it/s]
Extraindo:  46%|████▌     | 1235/2710 [02:00<02:40,  9.19it/s]
Extraindo:  46%|████▌     | 1237/2710 [02:00<02:32,  9.64it/s]
Extraindo:  46%|████▌     | 1239/2710 [02:00<02:28,  9.91it/s]
Extraindo:  46%|████▌     | 1241/2710 [02:00<02:53,  8.47it/s]
Extraindo:  46%|████▌     | 1243/2710 [02:01<02:39,  9.20it/s]
Extraindo:  46%|████▌     | 1245/2710 [02:01<02:31,  9.68it/s]
Extraindo:  46%|████▌     | 1247/2710 [02:01<02:26,  9.96it/s]
Extraindo:  46%|████▌     | 1249/2710 [02:01<02:23, 10.17it/s]
Extraindo:  46%|████▌     | 1251/2710 [02:01<02:22, 10.23it/s]
Extraindo:  46%|████▌     | 1253/2710 [02:02<02:49,  8.61it/s]
Extraindo:  46%|████▋     | 1255/2710 [02:02<02:36,  9.29it/s]
Extraindo:  46%|████▋     | 1257/2710 [02:02<02:31,  9.61it/s]
Extraindo:  46%|████▋     | 1259/2710 [02:02<02:27,  9.87it/s]
Extraindo:  47%|████▋     | 1261/2710 [02:02<02:24, 10.00it/s]
Extraindo:  47%|████▋     | 1263/2710 [02:03<02:23, 10.11it/s]
Extraindo:  47%|████▋     | 1265/2710 [02:03<02:22, 10.16it/s]
Extraindo:  47%|████▋     | 1267/2710 [02:03<02:22, 10.13it/s]
Extraindo:  47%|████▋     | 1269/2710 [02:04<03:15,  7.37it/s]
Extraindo:  47%|████▋     | 1271/2710 [02:04<02:55,  8.21it/s]
Extraindo:  47%|████▋     | 1273/2710 [02:04<02:40,  8.95it/s]
Extraindo:  47%|████▋     | 1275/2710 [02:04<02:32,  9.43it/s]
Extraindo:  47%|████▋     | 1277/2710 [02:04<02:26,  9.76it/s]
Extraindo:  47%|████▋     | 1279/2710 [02:04<02:22, 10.07it/s]
Extraindo:  47%|████▋     | 1281/2710 [02:05<02:19, 10.24it/s]
Extraindo:  47%|████▋     | 1283/2710 [02:05<02:44,  8.68it/s]
Extraindo:  47%|████▋     | 1285/2710 [02:05<02:34,  9.22it/s]
Extraindo:  47%|████▋     | 1287/2710 [02:05<02:28,  9.60it/s]
Extraindo:  48%|████▊     | 1289/2710 [02:05<02:23,  9.91it/s]
Extraindo:  48%|████▊     | 1291/2710 [02:06<02:20, 10.07it/s]
Extraindo:  48%|████▊     | 1293/2710 [02:06<02:20, 10.12it/s]
Extraindo:  48%|████▊     | 1295/2710 [02:06<02:45,  8.57it/s]
Extraindo:  48%|████▊     | 1297/2710 [02:06<02:33,  9.21it/s]
Extraindo:  48%|████▊     | 1299/2710 [02:07<02:26,  9.63it/s]
Extraindo:  48%|████▊     | 1301/2710 [02:07<02:23,  9.83it/s]
Extraindo:  48%|████▊     | 1303/2710 [02:07<02:21,  9.91it/s]
Extraindo:  48%|████▊     | 1305/2710 [02:07<02:18, 10.13it/s]
Extraindo:  48%|████▊     | 1307/2710 [02:07<02:42,  8.61it/s]
Extraindo:  48%|████▊     | 1309/2710 [02:08<02:33,  9.14it/s]
Extraindo:  48%|████▊     | 1311/2710 [02:08<02:27,  9.50it/s]
Extraindo:  48%|████▊     | 1313/2710 [02:08<03:14,  7.16it/s]
Extraindo:  48%|████▊     | 1314/2710 [02:08<03:32,  6.56it/s]
Extraindo:  49%|████▊     | 1316/2710 [02:09<02:59,  7.76it/s]
Extraindo:  49%|████▊     | 1318/2710 [02:09<02:37,  8.83it/s]
Extraindo:  49%|████▊     | 1320/2710 [02:09<02:25,  9.53it/s]
Extraindo:  49%|████▉     | 1322/2710 [02:09<02:17, 10.10it/s]
Extraindo:  49%|████▉     | 1324/2710 [02:09<02:37,  8.82it/s]
Extraindo:  49%|████▉     | 1326/2710 [02:10<02:23,  9.63it/s]
Extraindo:  49%|████▉     | 1328/2710 [02:10<02:14, 10.26it/s]
Extraindo:  49%|████▉     | 1330/2710 [02:10<02:09, 10.64it/s]
Extraindo:  49%|████▉     | 1332/2710 [02:10<02:07, 10.84it/s]
Extraindo:  49%|████▉     | 1334/2710 [02:10<02:03, 11.16it/s]
Extraindo:  49%|████▉     | 1336/2710 [02:10<02:03, 11.14it/s]
Extraindo:  49%|████▉     | 1338/2710 [02:11<02:02, 11.20it/s]
Extraindo:  49%|████▉     | 1340/2710 [02:11<02:03, 11.12it/s]
Extraindo:  50%|████▉     | 1342/2710 [02:11<02:04, 11.02it/s]
Extraindo:  50%|████▉     | 1344/2710 [02:11<02:02, 11.19it/s]
Extraindo:  50%|████▉     | 1346/2710 [02:12<02:50,  8.00it/s]
Extraindo:  50%|████▉     | 1348/2710 [02:12<02:33,  8.85it/s]
Extraindo:  50%|████▉     | 1350/2710 [02:12<02:47,  8.13it/s]
Extraindo:  50%|████▉     | 1352/2710 [02:12<02:29,  9.07it/s]
Extraindo:  50%|████▉     | 1354/2710 [02:12<02:16,  9.92it/s]
Extraindo:  50%|█████     | 1356/2710 [02:13<02:07, 10.58it/s]
Extraindo:  50%|█████     | 1358/2710 [02:13<02:02, 11.01it/s]
Extraindo:  50%|█████     | 1360/2710 [02:13<01:58, 11.35it/s]
Extraindo:  50%|█████     | 1362/2710 [02:13<01:58, 11.36it/s]
Extraindo:  50%|█████     | 1364/2710 [02:13<01:58, 11.37it/s]
Extraindo:  50%|█████     | 1366/2710 [02:13<01:56, 11.52it/s]
Extraindo:  50%|█████     | 1368/2710 [02:14<01:58, 11.33it/s]
Extraindo:  51%|█████     | 1370/2710 [02:14<01:58, 11.33it/s]
Extraindo:  51%|█████     | 1372/2710 [02:14<02:00, 11.08it/s]
Extraindo:  51%|█████     | 1374/2710 [02:14<02:01, 10.99it/s]
Extraindo:  51%|█████     | 1376/2710 [02:14<02:26,  9.11it/s]
Extraindo:  51%|█████     | 1377/2710 [02:15<02:49,  7.86it/s]
Extraindo:  51%|█████     | 1379/2710 [02:15<02:30,  8.83it/s]
Extraindo:  51%|█████     | 1381/2710 [02:15<02:20,  9.46it/s]
Extraindo:  51%|█████     | 1382/2710 [02:15<02:45,  8.03it/s]
Extraindo:  51%|█████     | 1384/2710 [02:15<02:25,  9.12it/s]
Extraindo:  51%|█████     | 1386/2710 [02:16<02:14,  9.84it/s]
Extraindo:  51%|█████     | 1388/2710 [02:16<02:08, 10.32it/s]
Extraindo:  51%|█████▏    | 1390/2710 [02:16<02:03, 10.73it/s]
Extraindo:  51%|█████▏    | 1392/2710 [02:16<02:00, 10.97it/s]
Extraindo:  51%|█████▏    | 1394/2710 [02:16<01:59, 11.00it/s]
Extraindo:  52%|█████▏    | 1396/2710 [02:16<01:59, 11.00it/s]
Extraindo:  52%|█████▏    | 1398/2710 [02:17<01:58, 11.04it/s]
Extraindo:  52%|█████▏    | 1400/2710 [02:17<01:57, 11.14it/s]
Extraindo:  52%|█████▏    | 1402/2710 [02:17<02:00, 10.87it/s]
Extraindo:  52%|█████▏    | 1404/2710 [02:17<02:24,  9.05it/s]
Extraindo:  52%|█████▏    | 1405/2710 [02:17<02:49,  7.71it/s]
Extraindo:  52%|█████▏    | 1407/2710 [02:18<02:27,  8.82it/s]
Extraindo:  52%|█████▏    | 1409/2710 [02:18<02:16,  9.51it/s]
Extraindo:  52%|█████▏    | 1411/2710 [02:18<02:10,  9.98it/s]
Extraindo:  52%|█████▏    | 1413/2710 [02:18<02:04, 10.39it/s]
Extraindo:  52%|█████▏    | 1415/2710 [02:18<02:01, 10.69it/s]
Extraindo:  52%|█████▏    | 1417/2710 [02:19<01:59, 10.80it/s]
Extraindo:  52%|█████▏    | 1419/2710 [02:19<02:23,  9.01it/s]
Extraindo:  52%|█████▏    | 1421/2710 [02:19<02:12,  9.71it/s]
Extraindo:  53%|█████▎    | 1423/2710 [02:19<02:07, 10.12it/s]
Extraindo:  53%|█████▎    | 1425/2710 [02:19<02:03, 10.39it/s]
Extraindo:  53%|█████▎    | 1427/2710 [02:20<02:02, 10.50it/s]
Extraindo:  53%|█████▎    | 1429/2710 [02:20<02:00, 10.61it/s]
Extraindo:  53%|█████▎    | 1431/2710 [02:20<02:23,  8.92it/s]
Extraindo:  53%|█████▎    | 1433/2710 [02:20<02:14,  9.51it/s]
Extraindo:  53%|█████▎    | 1435/2710 [02:20<02:06, 10.04it/s]
Extraindo:  53%|█████▎    | 1437/2710 [02:21<02:27,  8.64it/s]
Extraindo:  53%|█████▎    | 1439/2710 [02:21<02:15,  9.40it/s]
Extraindo:  53%|█████▎    | 1441/2710 [02:21<02:09,  9.82it/s]
Extraindo:  53%|█████▎    | 1443/2710 [02:21<02:04, 10.14it/s]
Extraindo:  53%|█████▎    | 1445/2710 [02:21<02:01, 10.44it/s]
Extraindo:  53%|█████▎    | 1447/2710 [02:22<01:58, 10.65it/s]
Extraindo:  53%|█████▎    | 1449/2710 [02:22<01:58, 10.68it/s]
Extraindo:  54%|█████▎    | 1451/2710 [02:22<01:57, 10.75it/s]
Extraindo:  54%|█████▎    | 1453/2710 [02:22<01:57, 10.66it/s]
Extraindo:  54%|█████▎    | 1455/2710 [02:22<01:58, 10.58it/s]
Extraindo:  54%|█████▍    | 1457/2710 [02:23<02:42,  7.70it/s]
Extraindo:  54%|█████▍    | 1459/2710 [02:23<02:25,  8.60it/s]
Extraindo:  54%|█████▍    | 1461/2710 [02:23<02:14,  9.28it/s]
Extraindo:  54%|█████▍    | 1463/2710 [02:23<02:06,  9.84it/s]
Extraindo:  54%|█████▍    | 1465/2710 [02:23<02:01, 10.21it/s]
Extraindo:  54%|█████▍    | 1467/2710 [02:24<02:23,  8.69it/s]
Extraindo:  54%|█████▍    | 1469/2710 [02:24<02:11,  9.46it/s]
Extraindo:  54%|█████▍    | 1471/2710 [02:24<02:04,  9.97it/s]
Extraindo:  54%|█████▍    | 1473/2710 [02:24<01:58, 10.40it/s]
Extraindo:  54%|█████▍    | 1475/2710 [02:24<01:56, 10.59it/s]
Extraindo:  55%|█████▍    | 1477/2710 [02:25<01:54, 10.73it/s]
Extraindo:  55%|█████▍    | 1479/2710 [02:25<01:55, 10.67it/s]
Extraindo:  55%|█████▍    | 1481/2710 [02:25<01:53, 10.84it/s]
Extraindo:  55%|█████▍    | 1483/2710 [02:25<01:55, 10.66it/s]
Extraindo:  55%|█████▍    | 1485/2710 [02:26<02:16,  9.00it/s]
Extraindo:  55%|█████▍    | 1487/2710 [02:26<02:09,  9.45it/s]
Extraindo:  55%|█████▍    | 1489/2710 [02:26<02:05,  9.75it/s]
Extraindo:  55%|█████▌    | 1491/2710 [02:26<02:02,  9.97it/s]
Extraindo:  55%|█████▌    | 1493/2710 [02:26<01:58, 10.29it/s]
Extraindo:  55%|█████▌    | 1495/2710 [02:27<02:18,  8.75it/s]
Extraindo:  55%|█████▌    | 1497/2710 [02:27<02:32,  7.94it/s]
Extraindo:  55%|█████▌    | 1499/2710 [02:27<02:18,  8.74it/s]
Extraindo:  55%|█████▌    | 1501/2710 [02:27<02:08,  9.38it/s]
Extraindo:  55%|█████▌    | 1503/2710 [02:27<02:02,  9.86it/s]
Extraindo:  56%|█████▌    | 1505/2710 [02:28<01:58, 10.15it/s]
Extraindo:  56%|█████▌    | 1507/2710 [02:28<01:56, 10.34it/s]
Extraindo:  56%|█████▌    | 1509/2710 [02:28<01:55, 10.42it/s]
Extraindo:  56%|█████▌    | 1511/2710 [02:28<02:17,  8.72it/s]
Extraindo:  56%|█████▌    | 1513/2710 [02:28<02:08,  9.34it/s]
Extraindo:  56%|█████▌    | 1515/2710 [02:29<02:02,  9.75it/s]
Extraindo:  56%|█████▌    | 1517/2710 [02:29<01:59,  9.94it/s]
Extraindo:  56%|█████▌    | 1519/2710 [02:29<01:57, 10.15it/s]
Extraindo:  56%|█████▌    | 1521/2710 [02:29<01:57, 10.10it/s]
Extraindo:  56%|█████▌    | 1523/2710 [02:29<01:56, 10.21it/s]
Extraindo:  56%|█████▋    | 1525/2710 [02:30<01:55, 10.28it/s]
Extraindo:  56%|█████▋    | 1527/2710 [02:30<02:18,  8.54it/s]
Extraindo:  56%|█████▋    | 1529/2710 [02:30<02:09,  9.11it/s]
Extraindo:  56%|█████▋    | 1531/2710 [02:30<02:25,  8.10it/s]
Extraindo:  57%|█████▋    | 1533/2710 [02:31<02:13,  8.83it/s]
Extraindo:  57%|█████▋    | 1535/2710 [02:31<02:05,  9.35it/s]
Extraindo:  57%|█████▋    | 1537/2710 [02:31<02:00,  9.75it/s]
Extraindo:  57%|█████▋    | 1539/2710 [02:31<02:17,  8.54it/s]
Extraindo:  57%|█████▋    | 1541/2710 [02:31<02:06,  9.25it/s]
Extraindo:  57%|█████▋    | 1543/2710 [02:32<02:00,  9.71it/s]
Extraindo:  57%|█████▋    | 1545/2710 [02:32<01:55, 10.12it/s]
Extraindo:  57%|█████▋    | 1547/2710 [02:32<01:53, 10.23it/s]
Extraindo:  57%|█████▋    | 1549/2710 [02:32<01:53, 10.27it/s]
Extraindo:  57%|█████▋    | 1551/2710 [02:32<01:51, 10.41it/s]
Extraindo:  57%|█████▋    | 1553/2710 [02:33<01:51, 10.42it/s]
Extraindo:  57%|█████▋    | 1555/2710 [02:33<01:51, 10.33it/s]
Extraindo:  57%|█████▋    | 1557/2710 [02:33<01:51, 10.31it/s]
Extraindo:  58%|█████▊    | 1559/2710 [02:33<02:12,  8.66it/s]
Extraindo:  58%|█████▊    | 1561/2710 [02:33<02:06,  9.09it/s]
Extraindo:  58%|█████▊    | 1563/2710 [02:34<02:01,  9.42it/s]
Extraindo:  58%|█████▊    | 1565/2710 [02:34<02:19,  8.18it/s]
Extraindo:  58%|█████▊    | 1567/2710 [02:34<02:09,  8.80it/s]
Extraindo:  58%|█████▊    | 1568/2710 [02:34<02:30,  7.60it/s]
Extraindo:  58%|█████▊    | 1570/2710 [02:35<02:13,  8.56it/s]
Extraindo:  58%|█████▊    | 1572/2710 [02:35<02:03,  9.23it/s]
Extraindo:  58%|█████▊    | 1574/2710 [02:35<01:56,  9.76it/s]
Extraindo:  58%|█████▊    | 1576/2710 [02:35<01:52, 10.06it/s]
Extraindo:  58%|█████▊    | 1578/2710 [02:35<01:50, 10.21it/s]
Extraindo:  58%|█████▊    | 1580/2710 [02:35<01:49, 10.35it/s]
Extraindo:  58%|█████▊    | 1582/2710 [02:36<01:48, 10.38it/s]
Extraindo:  58%|█████▊    | 1584/2710 [02:36<01:48, 10.36it/s]
Extraindo:  59%|█████▊    | 1586/2710 [02:36<01:49, 10.26it/s]
Extraindo:  59%|█████▊    | 1588/2710 [02:36<02:12,  8.49it/s]
Extraindo:  59%|█████▊    | 1590/2710 [02:37<02:04,  9.02it/s]
Extraindo:  59%|█████▊    | 1592/2710 [02:37<02:20,  7.97it/s]
Extraindo:  59%|█████▉    | 1594/2710 [02:37<02:10,  8.56it/s]
Extraindo:  59%|█████▉    | 1596/2710 [02:37<02:02,  9.08it/s]
Extraindo:  59%|█████▉    | 1598/2710 [02:37<01:57,  9.47it/s]
Extraindo:  59%|█████▉    | 1600/2710 [02:38<01:53,  9.79it/s]
Extraindo:  59%|█████▉    | 1602/2710 [02:38<01:51,  9.91it/s]
Extraindo:  59%|█████▉    | 1604/2710 [02:38<01:49, 10.09it/s]
Extraindo:  59%|█████▉    | 1606/2710 [02:38<02:08,  8.58it/s]
Extraindo:  59%|█████▉    | 1608/2710 [02:39<02:01,  9.06it/s]
Extraindo:  59%|█████▉    | 1609/2710 [02:39<01:59,  9.20it/s]
Extraindo:  59%|█████▉    | 1611/2710 [02:39<01:55,  9.50it/s]
Extraindo:  60%|█████▉    | 1613/2710 [02:39<01:53,  9.64it/s]
Extraindo:  60%|█████▉    | 1615/2710 [02:39<01:51,  9.82it/s]
Extraindo:  60%|█████▉    | 1616/2710 [02:39<01:52,  9.76it/s]
Extraindo:  60%|█████▉    | 1617/2710 [02:39<01:51,  9.80it/s]
Extraindo:  60%|█████▉    | 1619/2710 [02:40<02:42,  6.72it/s]
Extraindo:  60%|█████▉    | 1621/2710 [02:40<02:19,  7.81it/s]
Extraindo:  60%|█████▉    | 1623/2710 [02:40<02:06,  8.57it/s]
Extraindo:  60%|█████▉    | 1625/2710 [02:40<01:57,  9.22it/s]
Extraindo:  60%|██████    | 1627/2710 [02:41<01:52,  9.66it/s]
Extraindo:  60%|██████    | 1629/2710 [02:41<01:49,  9.84it/s]
Extraindo:  60%|██████    | 1631/2710 [02:41<01:47, 10.04it/s]
Extraindo:  60%|██████    | 1633/2710 [02:41<01:41, 10.60it/s]
Extraindo:  60%|██████    | 1635/2710 [02:41<01:42, 10.50it/s]
Extraindo:  60%|██████    | 1637/2710 [02:42<01:44, 10.29it/s]
Extraindo:  60%|██████    | 1639/2710 [02:42<01:45, 10.11it/s]
Extraindo:  61%|██████    | 1641/2710 [02:42<02:24,  7.38it/s]
Extraindo:  61%|██████    | 1643/2710 [02:43<02:30,  7.09it/s]
Extraindo:  61%|██████    | 1645/2710 [02:43<02:12,  8.02it/s]
Extraindo:  61%|██████    | 1646/2710 [02:43<02:29,  7.10it/s]
Extraindo:  61%|██████    | 1648/2710 [02:43<02:09,  8.17it/s]
Extraindo:  61%|██████    | 1649/2710 [02:43<02:29,  7.09it/s]
Extraindo:  61%|██████    | 1651/2710 [02:43<02:06,  8.39it/s]
Extraindo:  61%|██████    | 1653/2710 [02:44<01:50,  9.55it/s]
Extraindo:  61%|██████    | 1655/2710 [02:44<01:41, 10.36it/s]
Extraindo:  61%|██████    | 1657/2710 [02:44<01:36, 10.97it/s]
Extraindo:  61%|██████    | 1659/2710 [02:44<01:33, 11.26it/s]
Extraindo:  61%|██████▏   | 1661/2710 [02:44<01:32, 11.32it/s]
Extraindo:  61%|██████▏   | 1663/2710 [02:44<01:32, 11.37it/s]
Extraindo:  61%|██████▏   | 1665/2710 [02:45<01:32, 11.34it/s]
Extraindo:  62%|██████▏   | 1667/2710 [02:45<01:32, 11.32it/s]
Extraindo:  62%|██████▏   | 1669/2710 [02:45<01:33, 11.19it/s]
Extraindo:  62%|██████▏   | 1671/2710 [02:45<01:34, 11.03it/s]
Extraindo:  62%|██████▏   | 1673/2710 [02:46<01:53,  9.17it/s]
Extraindo:  62%|██████▏   | 1675/2710 [02:46<01:47,  9.64it/s]
Extraindo:  62%|██████▏   | 1677/2710 [02:46<01:40, 10.25it/s]
Extraindo:  62%|██████▏   | 1679/2710 [02:46<01:38, 10.49it/s]
Extraindo:  62%|██████▏   | 1681/2710 [02:46<02:16,  7.54it/s]
Extraindo:  62%|██████▏   | 1683/2710 [02:47<02:00,  8.49it/s]
Extraindo:  62%|██████▏   | 1685/2710 [02:47<01:49,  9.35it/s]
Extraindo:  62%|██████▏   | 1687/2710 [02:47<01:42,  9.99it/s]
Extraindo:  62%|██████▏   | 1689/2710 [02:47<01:38, 10.41it/s]
Extraindo:  62%|██████▏   | 1691/2710 [02:47<01:35, 10.62it/s]
Extraindo:  62%|██████▏   | 1693/2710 [02:48<01:33, 10.87it/s]
Extraindo:  63%|██████▎   | 1695/2710 [02:48<01:32, 10.94it/s]
Extraindo:  63%|██████▎   | 1697/2710 [02:48<01:32, 11.00it/s]
Extraindo:  63%|██████▎   | 1699/2710 [02:48<01:32, 10.97it/s]
Extraindo:  63%|██████▎   | 1701/2710 [02:48<01:51,  9.02it/s]
Extraindo:  63%|██████▎   | 1703/2710 [02:49<01:44,  9.64it/s]
Extraindo:  63%|██████▎   | 1705/2710 [02:49<01:40,  9.98it/s]
Extraindo:  63%|██████▎   | 1707/2710 [02:49<01:39, 10.09it/s]
Extraindo:  63%|██████▎   | 1709/2710 [02:49<01:37, 10.23it/s]
Extraindo:  63%|██████▎   | 1711/2710 [02:49<01:54,  8.76it/s]
Extraindo:  63%|██████▎   | 1713/2710 [02:50<01:46,  9.37it/s]
Extraindo:  63%|██████▎   | 1715/2710 [02:50<01:41,  9.76it/s]
Extraindo:  63%|██████▎   | 1717/2710 [02:50<01:56,  8.55it/s]
Extraindo:  63%|██████▎   | 1719/2710 [02:50<01:47,  9.21it/s]
Extraindo:  64%|██████▎   | 1721/2710 [02:50<01:42,  9.68it/s]
Extraindo:  64%|██████▎   | 1723/2710 [02:51<01:38, 10.04it/s]
Extraindo:  64%|██████▎   | 1725/2710 [02:51<01:35, 10.35it/s]
Extraindo:  64%|██████▎   | 1727/2710 [02:51<01:51,  8.84it/s]
Extraindo:  64%|██████▍   | 1729/2710 [02:51<01:43,  9.50it/s]
Extraindo:  64%|██████▍   | 1731/2710 [02:51<01:37, 10.02it/s]
Extraindo:  64%|██████▍   | 1733/2710 [02:52<01:34, 10.30it/s]
Extraindo:  64%|██████▍   | 1735/2710 [02:52<01:33, 10.43it/s]
Extraindo:  64%|██████▍   | 1737/2710 [02:52<01:31, 10.60it/s]
Extraindo:  64%|██████▍   | 1739/2710 [02:52<01:30, 10.68it/s]
Extraindo:  64%|██████▍   | 1741/2710 [02:52<01:49,  8.88it/s]
Extraindo:  64%|██████▍   | 1743/2710 [02:53<01:41,  9.51it/s]
Extraindo:  64%|██████▍   | 1745/2710 [02:53<01:38,  9.84it/s]
Extraindo:  64%|██████▍   | 1747/2710 [02:53<01:35, 10.09it/s]
Extraindo:  65%|██████▍   | 1749/2710 [02:53<01:33, 10.30it/s]
Extraindo:  65%|██████▍   | 1751/2710 [02:53<01:32, 10.40it/s]
Extraindo:  65%|██████▍   | 1753/2710 [02:54<01:31, 10.42it/s]
Extraindo:  65%|██████▍   | 1755/2710 [02:54<02:06,  7.55it/s]
Extraindo:  65%|██████▍   | 1757/2710 [02:54<01:52,  8.45it/s]
Extraindo:  65%|██████▍   | 1759/2710 [02:54<01:44,  9.11it/s]
Extraindo:  65%|██████▍   | 1761/2710 [02:55<01:38,  9.67it/s]
Extraindo:  65%|██████▌   | 1763/2710 [02:55<01:34, 10.00it/s]
Extraindo:  65%|██████▌   | 1765/2710 [02:55<01:32, 10.23it/s]
Extraindo:  65%|██████▌   | 1767/2710 [02:55<01:29, 10.53it/s]
Extraindo:  65%|██████▌   | 1769/2710 [02:55<01:29, 10.52it/s]
Extraindo:  65%|██████▌   | 1771/2710 [02:56<01:47,  8.72it/s]
Extraindo:  65%|██████▌   | 1773/2710 [02:56<01:41,  9.27it/s]
Extraindo:  65%|██████▌   | 1775/2710 [02:56<01:36,  9.70it/s]
Extraindo:  66%|██████▌   | 1777/2710 [02:56<01:32, 10.04it/s]
Extraindo:  66%|██████▌   | 1779/2710 [02:56<01:32, 10.08it/s]
Extraindo:  66%|██████▌   | 1781/2710 [02:57<01:48,  8.59it/s]
Extraindo:  66%|██████▌   | 1783/2710 [02:57<01:40,  9.21it/s]
Extraindo:  66%|██████▌   | 1785/2710 [02:57<01:36,  9.63it/s]
Extraindo:  66%|██████▌   | 1787/2710 [02:57<01:31, 10.04it/s]
Extraindo:  66%|██████▌   | 1789/2710 [02:57<01:30, 10.19it/s]
Extraindo:  66%|██████▌   | 1791/2710 [02:58<01:28, 10.33it/s]
Extraindo:  66%|██████▌   | 1793/2710 [02:58<01:44,  8.75it/s]
Extraindo:  66%|██████▌   | 1795/2710 [02:58<01:38,  9.33it/s]
Extraindo:  66%|██████▋   | 1797/2710 [02:58<01:34,  9.70it/s]
Extraindo:  66%|██████▋   | 1799/2710 [02:58<01:32,  9.86it/s]
Extraindo:  66%|██████▋   | 1801/2710 [02:59<01:31,  9.95it/s]
Extraindo:  67%|██████▋   | 1803/2710 [02:59<01:46,  8.52it/s]
Extraindo:  67%|██████▋   | 1805/2710 [02:59<01:39,  9.10it/s]
Extraindo:  67%|██████▋   | 1807/2710 [02:59<01:52,  8.06it/s]
Extraindo:  67%|██████▋   | 1809/2710 [03:00<01:41,  8.85it/s]
Extraindo:  67%|██████▋   | 1811/2710 [03:00<01:35,  9.45it/s]
Extraindo:  67%|██████▋   | 1813/2710 [03:00<01:30,  9.87it/s]
Extraindo:  67%|██████▋   | 1815/2710 [03:00<01:27, 10.23it/s]
Extraindo:  67%|██████▋   | 1817/2710 [03:00<01:26, 10.35it/s]
Extraindo:  67%|██████▋   | 1819/2710 [03:01<01:25, 10.44it/s]
Extraindo:  67%|██████▋   | 1821/2710 [03:01<01:25, 10.38it/s]
Extraindo:  67%|██████▋   | 1823/2710 [03:01<01:25, 10.42it/s]
Extraindo:  67%|██████▋   | 1825/2710 [03:01<01:25, 10.31it/s]
Extraindo:  67%|██████▋   | 1827/2710 [03:01<01:26, 10.23it/s]
Extraindo:  67%|██████▋   | 1829/2710 [03:02<01:43,  8.55it/s]
Extraindo:  68%|██████▊   | 1831/2710 [03:02<01:37,  9.04it/s]
Extraindo:  68%|██████▊   | 1832/2710 [03:02<01:54,  7.64it/s]
Extraindo:  68%|██████▊   | 1834/2710 [03:02<02:01,  7.19it/s]
Extraindo:  68%|██████▊   | 1836/2710 [03:03<01:46,  8.24it/s]
Extraindo:  68%|██████▊   | 1838/2710 [03:03<01:37,  8.97it/s]
Extraindo:  68%|██████▊   | 1840/2710 [03:03<01:30,  9.65it/s]
Extraindo:  68%|██████▊   | 1842/2710 [03:03<01:26, 10.02it/s]
Extraindo:  68%|██████▊   | 1844/2710 [03:03<01:23, 10.34it/s]
Extraindo:  68%|██████▊   | 1846/2710 [03:03<01:22, 10.43it/s]
Extraindo:  68%|██████▊   | 1848/2710 [03:04<01:23, 10.35it/s]
Extraindo:  68%|██████▊   | 1850/2710 [03:04<01:23, 10.33it/s]
Extraindo:  68%|██████▊   | 1852/2710 [03:04<01:23, 10.28it/s]
Extraindo:  68%|██████▊   | 1854/2710 [03:04<01:23, 10.31it/s]
Extraindo:  68%|██████▊   | 1856/2710 [03:04<01:24, 10.14it/s]
Extraindo:  69%|██████▊   | 1858/2710 [03:05<01:24, 10.14it/s]
Extraindo:  69%|██████▊   | 1860/2710 [03:05<01:24, 10.06it/s]
Extraindo:  69%|██████▊   | 1862/2710 [03:05<01:39,  8.51it/s]
Extraindo:  69%|██████▊   | 1863/2710 [03:05<01:56,  7.30it/s]
Extraindo:  69%|██████▉   | 1865/2710 [03:06<01:42,  8.22it/s]
Extraindo:  69%|██████▉   | 1866/2710 [03:06<01:58,  7.12it/s]
Extraindo:  69%|██████▉   | 1868/2710 [03:06<01:42,  8.18it/s]
Extraindo:  69%|██████▉   | 1870/2710 [03:06<01:33,  9.03it/s]
Extraindo:  69%|██████▉   | 1872/2710 [03:06<01:27,  9.58it/s]
Extraindo:  69%|██████▉   | 1874/2710 [03:07<01:25,  9.81it/s]
Extraindo:  69%|██████▉   | 1876/2710 [03:07<01:22, 10.15it/s]
Extraindo:  69%|██████▉   | 1878/2710 [03:07<01:21, 10.21it/s]
Extraindo:  69%|██████▉   | 1880/2710 [03:07<01:21, 10.21it/s]
Extraindo:  69%|██████▉   | 1882/2710 [03:07<01:20, 10.27it/s]
Extraindo:  70%|██████▉   | 1884/2710 [03:08<01:20, 10.24it/s]
Extraindo:  70%|██████▉   | 1886/2710 [03:08<01:21, 10.07it/s]
Extraindo:  70%|██████▉   | 1888/2710 [03:08<01:36,  8.49it/s]
Extraindo:  70%|██████▉   | 1890/2710 [03:08<01:31,  8.94it/s]
Extraindo:  70%|██████▉   | 1892/2710 [03:08<01:28,  9.22it/s]
Extraindo:  70%|██████▉   | 1893/2710 [03:09<01:46,  7.68it/s]
Extraindo:  70%|██████▉   | 1895/2710 [03:09<01:35,  8.53it/s]
Extraindo:  70%|██████▉   | 1896/2710 [03:09<01:32,  8.78it/s]
Extraindo:  70%|███████   | 1898/2710 [03:09<01:26,  9.37it/s]
Extraindo:  70%|███████   | 1899/2710 [03:09<01:25,  9.46it/s]
Extraindo:  70%|███████   | 1901/2710 [03:09<01:22,  9.77it/s]
Extraindo:  70%|███████   | 1902/2710 [03:10<01:23,  9.70it/s]
Extraindo:  70%|███████   | 1903/2710 [03:10<01:44,  7.74it/s]
Extraindo:  70%|███████   | 1905/2710 [03:10<01:32,  8.68it/s]
Extraindo:  70%|███████   | 1907/2710 [03:10<01:26,  9.28it/s]
Extraindo:  70%|███████   | 1909/2710 [03:10<01:23,  9.59it/s]
Extraindo:  70%|███████   | 1910/2710 [03:10<01:22,  9.65it/s]
Extraindo:  71%|███████   | 1912/2710 [03:11<01:22,  9.72it/s]
Extraindo:  71%|███████   | 1914/2710 [03:11<01:37,  8.15it/s]
Extraindo:  71%|███████   | 1916/2710 [03:11<01:30,  8.80it/s]
Extraindo:  71%|███████   | 1918/2710 [03:11<01:25,  9.21it/s]
Extraindo:  71%|███████   | 1920/2710 [03:12<01:23,  9.47it/s]
Extraindo:  71%|███████   | 1922/2710 [03:12<01:21,  9.71it/s]
Extraindo:  71%|███████   | 1923/2710 [03:12<01:38,  7.96it/s]
Extraindo:  71%|███████   | 1925/2710 [03:12<01:30,  8.71it/s]
Extraindo:  71%|███████   | 1927/2710 [03:12<01:25,  9.18it/s]
Extraindo:  71%|███████   | 1928/2710 [03:12<01:23,  9.31it/s]
Extraindo:  71%|███████   | 1930/2710 [03:13<01:20,  9.73it/s]
Extraindo:  71%|███████▏  | 1931/2710 [03:13<01:19,  9.75it/s]
Extraindo:  71%|███████▏  | 1932/2710 [03:13<01:19,  9.75it/s]
Extraindo:  71%|███████▏  | 1933/2710 [03:13<01:20,  9.69it/s]
Extraindo:  71%|███████▏  | 1934/2710 [03:13<01:19,  9.75it/s]
Extraindo:  71%|███████▏  | 1935/2710 [03:13<01:20,  9.67it/s]
Extraindo:  71%|███████▏  | 1936/2710 [03:13<01:21,  9.55it/s]
Extraindo:  71%|███████▏  | 1937/2710 [03:13<01:20,  9.63it/s]
Extraindo:  72%|███████▏  | 1938/2710 [03:13<01:20,  9.58it/s]
Extraindo:  72%|███████▏  | 1940/2710 [03:14<01:40,  7.67it/s]
Extraindo:  72%|███████▏  | 1941/2710 [03:14<01:57,  6.54it/s]
Extraindo:  72%|███████▏  | 1943/2710 [03:14<01:38,  7.75it/s]
Extraindo:  72%|███████▏  | 1945/2710 [03:14<01:29,  8.56it/s]
Extraindo:  72%|███████▏  | 1947/2710 [03:15<01:24,  9.05it/s]
Extraindo:  72%|███████▏  | 1948/2710 [03:15<01:22,  9.20it/s]
Extraindo:  72%|███████▏  | 1950/2710 [03:15<01:19,  9.56it/s]
Extraindo:  72%|███████▏  | 1952/2710 [03:15<01:17,  9.79it/s]
Extraindo:  72%|███████▏  | 1953/2710 [03:15<01:36,  7.87it/s]
Extraindo:  72%|███████▏  | 1955/2710 [03:15<01:26,  8.70it/s]
Extraindo:  72%|███████▏  | 1957/2710 [03:16<01:22,  9.17it/s]
Extraindo:  72%|███████▏  | 1959/2710 [03:16<01:18,  9.51it/s]
Extraindo:  72%|███████▏  | 1961/2710 [03:16<01:17,  9.69it/s]
Extraindo:  72%|███████▏  | 1962/2710 [03:16<01:17,  9.71it/s]
Extraindo:  72%|███████▏  | 1963/2710 [03:16<01:16,  9.76it/s]
Extraindo:  73%|███████▎  | 1965/2710 [03:16<01:16,  9.77it/s]
Extraindo:  73%|███████▎  | 1966/2710 [03:17<01:16,  9.73it/s]
Extraindo:  73%|███████▎  | 1967/2710 [03:17<01:58,  6.25it/s]
Extraindo:  73%|███████▎  | 1968/2710 [03:17<02:09,  5.74it/s]
Extraindo:  73%|███████▎  | 1970/2710 [03:17<01:43,  7.16it/s]
Extraindo:  73%|███████▎  | 1972/2710 [03:18<01:30,  8.13it/s]
Extraindo:  73%|███████▎  | 1974/2710 [03:18<01:22,  8.88it/s]
Extraindo:  73%|███████▎  | 1976/2710 [03:18<01:17,  9.49it/s]
Extraindo:  73%|███████▎  | 1977/2710 [03:18<01:32,  7.91it/s]
Extraindo:  73%|███████▎  | 1979/2710 [03:18<01:22,  8.84it/s]
Extraindo:  73%|███████▎  | 1981/2710 [03:18<01:16,  9.50it/s]
Extraindo:  73%|███████▎  | 1983/2710 [03:19<01:28,  8.24it/s]
Extraindo:  73%|███████▎  | 1985/2710 [03:19<01:19,  9.08it/s]
Extraindo:  73%|███████▎  | 1987/2710 [03:19<01:14,  9.70it/s]
Extraindo:  73%|███████▎  | 1989/2710 [03:19<01:10, 10.16it/s]
Extraindo:  73%|███████▎  | 1991/2710 [03:19<01:09, 10.41it/s]
Extraindo:  74%|███████▎  | 1993/2710 [03:20<01:07, 10.66it/s]
Extraindo:  74%|███████▎  | 1995/2710 [03:20<01:19,  9.00it/s]
Extraindo:  74%|███████▎  | 1997/2710 [03:20<01:13,  9.64it/s]
Extraindo:  74%|███████▍  | 1999/2710 [03:20<01:10, 10.11it/s]
Extraindo:  74%|███████▍  | 2001/2710 [03:20<01:07, 10.45it/s]
Extraindo:  74%|███████▍  | 2003/2710 [03:21<01:07, 10.49it/s]
Extraindo:  74%|███████▍  | 2005/2710 [03:21<01:06, 10.62it/s]
Extraindo:  74%|███████▍  | 2007/2710 [03:21<01:06, 10.51it/s]
Extraindo:  74%|███████▍  | 2009/2710 [03:21<01:06, 10.56it/s]
Extraindo:  74%|███████▍  | 2011/2710 [03:21<01:05, 10.63it/s]
Extraindo:  74%|███████▍  | 2013/2710 [03:22<01:05, 10.57it/s]
Extraindo:  74%|███████▍  | 2015/2710 [03:22<01:30,  7.70it/s]
Extraindo:  74%|███████▍  | 2017/2710 [03:22<01:20,  8.56it/s]
Extraindo:  75%|███████▍  | 2019/2710 [03:22<01:15,  9.20it/s]
Extraindo:  75%|███████▍  | 2021/2710 [03:23<01:24,  8.17it/s]
Extraindo:  75%|███████▍  | 2023/2710 [03:23<01:15,  9.05it/s]
Extraindo:  75%|███████▍  | 2025/2710 [03:23<01:10,  9.74it/s]
Extraindo:  75%|███████▍  | 2027/2710 [03:23<01:06, 10.22it/s]
Extraindo:  75%|███████▍  | 2029/2710 [03:23<01:05, 10.46it/s]
Extraindo:  75%|███████▍  | 2031/2710 [03:24<01:03, 10.71it/s]
Extraindo:  75%|███████▌  | 2033/2710 [03:24<01:02, 10.78it/s]
Extraindo:  75%|███████▌  | 2035/2710 [03:24<01:02, 10.82it/s]
Extraindo:  75%|███████▌  | 2037/2710 [03:24<01:01, 10.87it/s]
Extraindo:  75%|███████▌  | 2039/2710 [03:24<01:02, 10.74it/s]
Extraindo:  75%|███████▌  | 2041/2710 [03:25<01:03, 10.53it/s]
Extraindo:  75%|███████▌  | 2043/2710 [03:25<01:04, 10.41it/s]
Extraindo:  75%|███████▌  | 2045/2710 [03:25<01:16,  8.66it/s]
Extraindo:  76%|███████▌  | 2047/2710 [03:25<01:11,  9.23it/s]
Extraindo:  76%|███████▌  | 2048/2710 [03:25<01:24,  7.87it/s]
Extraindo:  76%|███████▌  | 2050/2710 [03:26<01:15,  8.71it/s]
Extraindo:  76%|███████▌  | 2051/2710 [03:26<01:28,  7.48it/s]
Extraindo:  76%|███████▌  | 2053/2710 [03:26<01:17,  8.52it/s]
Extraindo:  76%|███████▌  | 2055/2710 [03:26<01:10,  9.24it/s]
Extraindo:  76%|███████▌  | 2057/2710 [03:26<01:06,  9.87it/s]
Extraindo:  76%|███████▌  | 2059/2710 [03:27<01:03, 10.20it/s]
Extraindo:  76%|███████▌  | 2061/2710 [03:27<01:02, 10.41it/s]
Extraindo:  76%|███████▌  | 2063/2710 [03:27<01:01, 10.55it/s]
Extraindo:  76%|███████▌  | 2065/2710 [03:27<01:00, 10.59it/s]
Extraindo:  76%|███████▋  | 2067/2710 [03:27<01:01, 10.50it/s]
Extraindo:  76%|███████▋  | 2069/2710 [03:27<01:00, 10.52it/s]
Extraindo:  76%|███████▋  | 2071/2710 [03:28<01:00, 10.50it/s]
Extraindo:  76%|███████▋  | 2073/2710 [03:28<01:01, 10.32it/s]
Extraindo:  77%|███████▋  | 2075/2710 [03:28<01:25,  7.41it/s]
Extraindo:  77%|███████▋  | 2077/2710 [03:28<01:17,  8.21it/s]
Extraindo:  77%|███████▋  | 2079/2710 [03:29<01:10,  8.92it/s]
Extraindo:  77%|███████▋  | 2081/2710 [03:29<01:07,  9.39it/s]
Extraindo:  77%|███████▋  | 2083/2710 [03:29<01:03,  9.87it/s]
Extraindo:  77%|███████▋  | 2085/2710 [03:29<01:02, 10.04it/s]
Extraindo:  77%|███████▋  | 2087/2710 [03:29<01:01, 10.11it/s]
Extraindo:  77%|███████▋  | 2089/2710 [03:30<01:11,  8.71it/s]
Extraindo:  77%|███████▋  | 2091/2710 [03:30<01:07,  9.23it/s]
Extraindo:  77%|███████▋  | 2093/2710 [03:30<01:04,  9.60it/s]
Extraindo:  77%|███████▋  | 2094/2710 [03:30<01:04,  9.62it/s]
Extraindo:  77%|███████▋  | 2096/2710 [03:30<01:02,  9.82it/s]
Extraindo:  77%|███████▋  | 2098/2710 [03:31<01:01,  9.98it/s]
Extraindo:  77%|███████▋  | 2100/2710 [03:31<01:00, 10.08it/s]
Extraindo:  78%|███████▊  | 2102/2710 [03:31<01:12,  8.42it/s]
Extraindo:  78%|███████▊  | 2104/2710 [03:31<01:07,  8.96it/s]
Extraindo:  78%|███████▊  | 2105/2710 [03:32<01:19,  7.57it/s]
Extraindo:  78%|███████▊  | 2107/2710 [03:32<01:11,  8.46it/s]
Extraindo:  78%|███████▊  | 2109/2710 [03:32<01:05,  9.18it/s]
Extraindo:  78%|███████▊  | 2111/2710 [03:32<01:02,  9.62it/s]
Extraindo:  78%|███████▊  | 2113/2710 [03:32<01:00,  9.90it/s]
Extraindo:  78%|███████▊  | 2115/2710 [03:32<00:59, 10.05it/s]
Extraindo:  78%|███████▊  | 2117/2710 [03:33<00:58, 10.12it/s]
Extraindo:  78%|███████▊  | 2119/2710 [03:33<00:57, 10.25it/s]
Extraindo:  78%|███████▊  | 2121/2710 [03:33<00:57, 10.27it/s]
Extraindo:  78%|███████▊  | 2123/2710 [03:33<00:57, 10.20it/s]
Extraindo:  78%|███████▊  | 2125/2710 [03:33<00:57, 10.12it/s]
Extraindo:  78%|███████▊  | 2127/2710 [03:34<01:09,  8.38it/s]
Extraindo:  79%|███████▊  | 2128/2710 [03:34<01:20,  7.26it/s]
Extraindo:  79%|███████▊  | 2130/2710 [03:34<01:11,  8.10it/s]
Extraindo:  79%|███████▊  | 2132/2710 [03:34<01:05,  8.78it/s]
Extraindo:  79%|███████▊  | 2134/2710 [03:35<01:02,  9.29it/s]
Extraindo:  79%|███████▉  | 2135/2710 [03:35<01:14,  7.73it/s]
Extraindo:  79%|███████▉  | 2137/2710 [03:35<01:06,  8.60it/s]
Extraindo:  79%|███████▉  | 2139/2710 [03:35<01:01,  9.24it/s]
Extraindo:  79%|███████▉  | 2141/2710 [03:35<00:58,  9.70it/s]
Extraindo:  79%|███████▉  | 2143/2710 [03:36<00:56,  9.97it/s]
Extraindo:  79%|███████▉  | 2145/2710 [03:36<00:55, 10.09it/s]
Extraindo:  79%|███████▉  | 2147/2710 [03:36<00:55, 10.23it/s]
Extraindo:  79%|███████▉  | 2149/2710 [03:36<00:54, 10.22it/s]
Extraindo:  79%|███████▉  | 2151/2710 [03:36<00:55, 10.10it/s]
Extraindo:  79%|███████▉  | 2153/2710 [03:37<00:55, 10.04it/s]
Extraindo:  80%|███████▉  | 2155/2710 [03:37<00:55,  9.99it/s]
Extraindo:  80%|███████▉  | 2157/2710 [03:37<01:05,  8.38it/s]
Extraindo:  80%|███████▉  | 2159/2710 [03:37<01:02,  8.76it/s]
Extraindo:  80%|███████▉  | 2160/2710 [03:37<01:01,  8.92it/s]
Extraindo:  80%|███████▉  | 2161/2710 [03:37<01:00,  9.12it/s]
Extraindo:  80%|███████▉  | 2162/2710 [03:38<00:59,  9.21it/s]
Extraindo:  80%|███████▉  | 2163/2710 [03:38<01:14,  7.37it/s]
Extraindo:  80%|███████▉  | 2165/2710 [03:38<01:04,  8.41it/s]
Extraindo:  80%|███████▉  | 2166/2710 [03:38<01:17,  7.00it/s]
Extraindo:  80%|████████  | 2168/2710 [03:38<01:06,  8.12it/s]
Extraindo:  80%|████████  | 2170/2710 [03:39<01:00,  8.92it/s]
Extraindo:  80%|████████  | 2172/2710 [03:39<00:56,  9.47it/s]
Extraindo:  80%|████████  | 2173/2710 [03:39<00:56,  9.53it/s]
Extraindo:  80%|████████  | 2175/2710 [03:39<00:54,  9.74it/s]
Extraindo:  80%|████████  | 2177/2710 [03:39<00:50, 10.47it/s]
Extraindo:  80%|████████  | 2179/2710 [03:39<00:51, 10.36it/s]
Extraindo:  80%|████████  | 2181/2710 [03:40<00:52, 10.11it/s]
Extraindo:  81%|████████  | 2183/2710 [03:40<01:03,  8.36it/s]
Extraindo:  81%|████████  | 2185/2710 [03:40<00:58,  8.92it/s]
Extraindo:  81%|████████  | 2187/2710 [03:40<00:56,  9.18it/s]
Extraindo:  81%|████████  | 2188/2710 [03:40<00:56,  9.30it/s]
Extraindo:  81%|████████  | 2189/2710 [03:41<00:56,  9.29it/s]
Extraindo:  81%|████████  | 2191/2710 [03:41<00:53,  9.68it/s]
Extraindo:  81%|████████  | 2193/2710 [03:41<00:52,  9.78it/s]
Extraindo:  81%|████████  | 2194/2710 [03:41<00:52,  9.77it/s]
Extraindo:  81%|████████  | 2196/2710 [03:41<00:52,  9.76it/s]
Extraindo:  81%|████████  | 2197/2710 [03:41<01:06,  7.70it/s]
Extraindo:  81%|████████  | 2199/2710 [03:42<01:00,  8.45it/s]
Extraindo:  81%|████████  | 2200/2710 [03:42<01:12,  7.05it/s]
Extraindo:  81%|████████▏ | 2202/2710 [03:42<01:03,  8.04it/s]
Extraindo:  81%|████████▏ | 2204/2710 [03:42<00:58,  8.68it/s]
Extraindo:  81%|████████▏ | 2206/2710 [03:42<00:54,  9.23it/s]
Extraindo:  81%|████████▏ | 2207/2710 [03:43<00:53,  9.33it/s]
Extraindo:  81%|████████▏ | 2208/2710 [03:43<00:53,  9.44it/s]
Extraindo:  82%|████████▏ | 2209/2710 [03:43<00:52,  9.56it/s]
Extraindo:  82%|████████▏ | 2210/2710 [03:43<01:07,  7.38it/s]
Extraindo:  82%|████████▏ | 2212/2710 [03:43<00:58,  8.51it/s]
Extraindo:  82%|████████▏ | 2214/2710 [03:43<00:54,  9.15it/s]
Extraindo:  82%|████████▏ | 2216/2710 [03:44<00:52,  9.48it/s]
Extraindo:  82%|████████▏ | 2217/2710 [03:44<00:51,  9.55it/s]
Extraindo:  82%|████████▏ | 2218/2710 [03:44<00:51,  9.56it/s]
Extraindo:  82%|████████▏ | 2220/2710 [03:44<00:50,  9.76it/s]
Extraindo:  82%|████████▏ | 2221/2710 [03:44<00:49,  9.78it/s]
Extraindo:  82%|████████▏ | 2222/2710 [03:44<00:49,  9.79it/s]
Extraindo:  82%|████████▏ | 2223/2710 [03:44<00:49,  9.75it/s]
Extraindo:  82%|████████▏ | 2224/2710 [03:44<00:50,  9.66it/s]
Extraindo:  82%|████████▏ | 2225/2710 [03:45<00:50,  9.60it/s]
Extraindo:  82%|████████▏ | 2227/2710 [03:45<01:03,  7.57it/s]
Extraindo:  82%|████████▏ | 2229/2710 [03:45<00:57,  8.34it/s]
Extraindo:  82%|████████▏ | 2230/2710 [03:45<00:56,  8.56it/s]
Extraindo:  82%|████████▏ | 2231/2710 [03:45<00:54,  8.79it/s]
Extraindo:  82%|████████▏ | 2232/2710 [03:45<00:53,  9.01it/s]
Extraindo:  82%|████████▏ | 2233/2710 [03:45<00:51,  9.18it/s]
Extraindo:  82%|████████▏ | 2234/2710 [03:46<00:51,  9.21it/s]
Extraindo:  82%|████████▏ | 2235/2710 [03:46<00:50,  9.36it/s]
Extraindo:  83%|████████▎ | 2236/2710 [03:46<00:50,  9.32it/s]
Extraindo:  83%|████████▎ | 2237/2710 [03:46<01:24,  5.61it/s]
Extraindo:  83%|████████▎ | 2239/2710 [03:46<01:05,  7.21it/s]
Extraindo:  83%|████████▎ | 2241/2710 [03:46<00:56,  8.32it/s]
Extraindo:  83%|████████▎ | 2243/2710 [03:47<00:52,  8.88it/s]
Extraindo:  83%|████████▎ | 2244/2710 [03:47<00:51,  9.06it/s]
Extraindo:  83%|████████▎ | 2246/2710 [03:47<00:49,  9.39it/s]
Extraindo:  83%|████████▎ | 2248/2710 [03:47<00:47,  9.63it/s]
Extraindo:  83%|████████▎ | 2250/2710 [03:47<00:47,  9.72it/s]
Extraindo:  83%|████████▎ | 2251/2710 [03:47<00:46,  9.77it/s]
Extraindo:  83%|████████▎ | 2252/2710 [03:48<00:47,  9.69it/s]
Extraindo:  83%|████████▎ | 2253/2710 [03:48<00:46,  9.72it/s]
Extraindo:  83%|████████▎ | 2254/2710 [03:48<00:47,  9.70it/s]
Extraindo:  83%|████████▎ | 2255/2710 [03:48<00:46,  9.70it/s]
Extraindo:  83%|████████▎ | 2256/2710 [03:48<00:46,  9.67it/s]
Extraindo:  83%|████████▎ | 2257/2710 [03:48<01:03,  7.19it/s]
Extraindo:  83%|████████▎ | 2258/2710 [03:48<00:58,  7.78it/s]
Extraindo:  83%|████████▎ | 2259/2710 [03:48<00:54,  8.27it/s]
Extraindo:  83%|████████▎ | 2260/2710 [03:49<00:52,  8.57it/s]
Extraindo:  83%|████████▎ | 2261/2710 [03:49<00:52,  8.61it/s]
Extraindo:  83%|████████▎ | 2262/2710 [03:49<00:50,  8.88it/s]
Extraindo:  84%|████████▎ | 2263/2710 [03:49<01:04,  6.89it/s]
Extraindo:  84%|████████▎ | 2265/2710 [03:49<00:54,  8.19it/s]
Extraindo:  84%|████████▎ | 2267/2710 [03:49<00:49,  8.89it/s]
Extraindo:  84%|████████▎ | 2268/2710 [03:49<00:49,  9.01it/s]
Extraindo:  84%|████████▎ | 2269/2710 [03:50<00:48,  9.12it/s]
Extraindo:  84%|████████▍ | 2270/2710 [03:50<00:47,  9.22it/s]
Extraindo:  84%|████████▍ | 2271/2710 [03:50<00:47,  9.33it/s]
Extraindo:  84%|████████▍ | 2272/2710 [03:50<00:46,  9.43it/s]
Extraindo:  84%|████████▍ | 2273/2710 [03:50<00:45,  9.57it/s]
Extraindo:  84%|████████▍ | 2274/2710 [03:50<01:01,  7.14it/s]
Extraindo:  84%|████████▍ | 2276/2710 [03:50<00:52,  8.28it/s]
Extraindo:  84%|████████▍ | 2277/2710 [03:51<00:50,  8.63it/s]
Extraindo:  84%|████████▍ | 2279/2710 [03:51<00:47,  9.13it/s]
Extraindo:  84%|████████▍ | 2280/2710 [03:51<00:46,  9.26it/s]
Extraindo:  84%|████████▍ | 2281/2710 [03:51<00:45,  9.42it/s]
Extraindo:  84%|████████▍ | 2282/2710 [03:51<00:45,  9.42it/s]
Extraindo:  84%|████████▍ | 2283/2710 [03:51<00:45,  9.38it/s]
Extraindo:  84%|████████▍ | 2284/2710 [03:51<00:45,  9.42it/s]
Extraindo:  84%|████████▍ | 2285/2710 [03:51<00:45,  9.33it/s]
Extraindo:  84%|████████▍ | 2286/2710 [03:51<00:45,  9.29it/s]
Extraindo:  84%|████████▍ | 2287/2710 [03:52<01:01,  6.83it/s]
Extraindo:  84%|████████▍ | 2288/2710 [03:52<00:56,  7.46it/s]
Extraindo:  84%|████████▍ | 2289/2710 [03:52<00:52,  8.05it/s]
Extraindo:  85%|████████▍ | 2290/2710 [03:52<01:04,  6.52it/s]
Extraindo:  85%|████████▍ | 2292/2710 [03:52<00:53,  7.87it/s]
Extraindo:  85%|████████▍ | 2293/2710 [03:53<01:15,  5.55it/s]
Extraindo:  85%|████████▍ | 2295/2710 [03:53<00:58,  7.04it/s]
Extraindo:  85%|████████▍ | 2297/2710 [03:53<00:50,  8.16it/s]
Extraindo:  85%|████████▍ | 2299/2710 [03:53<00:45,  8.99it/s]
Extraindo:  85%|████████▍ | 2301/2710 [03:53<00:42,  9.56it/s]
Extraindo:  85%|████████▍ | 2303/2710 [03:54<00:40, 10.01it/s]
Extraindo:  85%|████████▌ | 2305/2710 [03:54<00:40, 10.06it/s]
Extraindo:  85%|████████▌ | 2307/2710 [03:54<00:39, 10.20it/s]
Extraindo:  85%|████████▌ | 2309/2710 [03:54<00:39, 10.20it/s]
Extraindo:  85%|████████▌ | 2311/2710 [03:54<00:46,  8.57it/s]
Extraindo:  85%|████████▌ | 2313/2710 [03:55<00:43,  9.07it/s]
Extraindo:  85%|████████▌ | 2315/2710 [03:55<00:42,  9.40it/s]
Extraindo:  85%|████████▌ | 2317/2710 [03:55<00:48,  8.15it/s]
Extraindo:  86%|████████▌ | 2318/2710 [03:55<00:54,  7.18it/s]
Extraindo:  86%|████████▌ | 2320/2710 [03:56<00:47,  8.26it/s]
Extraindo:  86%|████████▌ | 2322/2710 [03:56<00:42,  9.13it/s]
Extraindo:  86%|████████▌ | 2324/2710 [03:56<00:39,  9.86it/s]
Extraindo:  86%|████████▌ | 2326/2710 [03:56<00:37, 10.34it/s]
Extraindo:  86%|████████▌ | 2328/2710 [03:56<00:35, 10.67it/s]
Extraindo:  86%|████████▌ | 2330/2710 [03:56<00:35, 10.74it/s]
Extraindo:  86%|████████▌ | 2332/2710 [03:57<00:34, 10.85it/s]
Extraindo:  86%|████████▌ | 2334/2710 [03:57<00:34, 10.96it/s]
Extraindo:  86%|████████▌ | 2336/2710 [03:57<00:34, 10.85it/s]
Extraindo:  86%|████████▋ | 2338/2710 [03:57<00:34, 10.72it/s]
Extraindo:  86%|████████▋ | 2340/2710 [03:57<00:35, 10.50it/s]
Extraindo:  86%|████████▋ | 2342/2710 [03:58<00:35, 10.42it/s]
Extraindo:  86%|████████▋ | 2344/2710 [03:58<00:35, 10.36it/s]
Extraindo:  87%|████████▋ | 2346/2710 [03:58<00:41,  8.70it/s]
Extraindo:  87%|████████▋ | 2348/2710 [03:58<00:39,  9.19it/s]
Extraindo:  87%|████████▋ | 2349/2710 [03:59<00:54,  6.62it/s]
Extraindo:  87%|████████▋ | 2351/2710 [03:59<00:46,  7.71it/s]
Extraindo:  87%|████████▋ | 2353/2710 [03:59<00:40,  8.72it/s]
Extraindo:  87%|████████▋ | 2355/2710 [03:59<00:38,  9.32it/s]
Extraindo:  87%|████████▋ | 2357/2710 [03:59<00:36,  9.79it/s]
Extraindo:  87%|████████▋ | 2359/2710 [03:59<00:34, 10.19it/s]
Extraindo:  87%|████████▋ | 2361/2710 [04:00<00:34, 10.19it/s]
Extraindo:  87%|████████▋ | 2363/2710 [04:00<00:33, 10.33it/s]
Extraindo:  87%|████████▋ | 2365/2710 [04:00<00:32, 10.45it/s]
Extraindo:  87%|████████▋ | 2367/2710 [04:00<00:32, 10.50it/s]
Extraindo:  87%|████████▋ | 2369/2710 [04:00<00:32, 10.36it/s]
Extraindo:  87%|████████▋ | 2371/2710 [04:01<00:32, 10.29it/s]
Extraindo:  88%|████████▊ | 2373/2710 [04:01<00:38,  8.65it/s]
Extraindo:  88%|████████▊ | 2375/2710 [04:01<00:36,  9.19it/s]
Extraindo:  88%|████████▊ | 2376/2710 [04:01<00:35,  9.33it/s]
Extraindo:  88%|████████▊ | 2378/2710 [04:01<00:34,  9.57it/s]
Extraindo:  88%|████████▊ | 2379/2710 [04:02<00:42,  7.72it/s]
Extraindo:  88%|████████▊ | 2381/2710 [04:02<00:37,  8.69it/s]
Extraindo:  88%|████████▊ | 2383/2710 [04:02<00:35,  9.26it/s]
Extraindo:  88%|████████▊ | 2385/2710 [04:02<00:34,  9.55it/s]
Extraindo:  88%|████████▊ | 2387/2710 [04:03<00:39,  8.26it/s]
Extraindo:  88%|████████▊ | 2389/2710 [04:03<00:35,  9.02it/s]
Extraindo:  88%|████████▊ | 2391/2710 [04:03<00:33,  9.50it/s]
Extraindo:  88%|████████▊ | 2393/2710 [04:03<00:32,  9.81it/s]
Extraindo:  88%|████████▊ | 2395/2710 [04:03<00:31,  9.96it/s]
Extraindo:  88%|████████▊ | 2397/2710 [04:03<00:31, 10.09it/s]
Extraindo:  89%|████████▊ | 2399/2710 [04:04<00:36,  8.43it/s]
Extraindo:  89%|████████▊ | 2401/2710 [04:04<00:34,  8.97it/s]
Extraindo:  89%|████████▊ | 2403/2710 [04:04<00:32,  9.38it/s]
Extraindo:  89%|████████▊ | 2405/2710 [04:04<00:31,  9.65it/s]
Extraindo:  89%|████████▉ | 2407/2710 [04:05<00:30,  9.84it/s]
Extraindo:  89%|████████▉ | 2409/2710 [04:05<00:30,  9.89it/s]
Extraindo:  89%|████████▉ | 2411/2710 [04:05<00:35,  8.41it/s]
Extraindo:  89%|████████▉ | 2413/2710 [04:05<00:33,  8.97it/s]
Extraindo:  89%|████████▉ | 2415/2710 [04:05<00:31,  9.34it/s]
Extraindo:  89%|████████▉ | 2417/2710 [04:06<00:30,  9.52it/s]
Extraindo:  89%|████████▉ | 2419/2710 [04:06<00:29,  9.77it/s]
Extraindo:  89%|████████▉ | 2421/2710 [04:06<00:29,  9.88it/s]
Extraindo:  89%|████████▉ | 2423/2710 [04:06<00:28,  9.90it/s]
Extraindo:  89%|████████▉ | 2424/2710 [04:07<00:35,  8.13it/s]
Extraindo:  90%|████████▉ | 2426/2710 [04:07<00:38,  7.32it/s]
Extraindo:  90%|████████▉ | 2428/2710 [04:07<00:34,  8.24it/s]
Extraindo:  90%|████████▉ | 2430/2710 [04:07<00:31,  8.86it/s]
Extraindo:  90%|████████▉ | 2432/2710 [04:07<00:29,  9.34it/s]
Extraindo:  90%|████████▉ | 2434/2710 [04:08<00:28,  9.69it/s]
Extraindo:  90%|████████▉ | 2435/2710 [04:08<00:28,  9.69it/s]
Extraindo:  90%|████████▉ | 2437/2710 [04:08<00:27,  9.99it/s]
Extraindo:  90%|█████████ | 2439/2710 [04:08<00:26, 10.16it/s]
Extraindo:  90%|█████████ | 2441/2710 [04:08<00:32,  8.36it/s]
Extraindo:  90%|█████████ | 2443/2710 [04:09<00:29,  8.91it/s]
Extraindo:  90%|█████████ | 2445/2710 [04:09<00:28,  9.33it/s]
Extraindo:  90%|█████████ | 2446/2710 [04:09<00:28,  9.42it/s]
Extraindo:  90%|█████████ | 2447/2710 [04:09<00:27,  9.52it/s]
Extraindo:  90%|█████████ | 2448/2710 [04:09<00:27,  9.56it/s]
Extraindo:  90%|█████████ | 2449/2710 [04:09<00:27,  9.59it/s]
Extraindo:  90%|█████████ | 2451/2710 [04:09<00:26,  9.78it/s]
Extraindo:  90%|█████████ | 2452/2710 [04:09<00:26,  9.77it/s]
Extraindo:  91%|█████████ | 2453/2710 [04:10<00:34,  7.54it/s]
Extraindo:  91%|█████████ | 2455/2710 [04:10<00:30,  8.46it/s]
Extraindo:  91%|█████████ | 2456/2710 [04:10<00:29,  8.76it/s]
Extraindo:  91%|█████████ | 2458/2710 [04:10<00:27,  9.21it/s]
Extraindo:  91%|█████████ | 2460/2710 [04:10<00:26,  9.55it/s]
Extraindo:  91%|█████████ | 2461/2710 [04:11<00:25,  9.58it/s]
Extraindo:  91%|█████████ | 2462/2710 [04:11<00:32,  7.63it/s]
Extraindo:  91%|█████████ | 2464/2710 [04:11<00:28,  8.54it/s]
Extraindo:  91%|█████████ | 2465/2710 [04:11<00:27,  8.82it/s]
Extraindo:  91%|█████████ | 2466/2710 [04:11<00:26,  9.07it/s]
Extraindo:  91%|█████████ | 2468/2710 [04:11<00:25,  9.53it/s]
Extraindo:  91%|█████████ | 2470/2710 [04:12<00:24,  9.73it/s]
Extraindo:  91%|█████████ | 2471/2710 [04:12<00:24,  9.62it/s]
Extraindo:  91%|█████████ | 2472/2710 [04:12<00:31,  7.56it/s]
Extraindo:  91%|█████████▏| 2474/2710 [04:12<00:27,  8.56it/s]
Extraindo:  91%|█████████▏| 2476/2710 [04:12<00:25,  9.12it/s]
Extraindo:  91%|█████████▏| 2478/2710 [04:12<00:24,  9.42it/s]
Extraindo:  92%|█████████▏| 2480/2710 [04:13<00:23,  9.64it/s]
Extraindo:  92%|█████████▏| 2481/2710 [04:13<00:28,  7.94it/s]
Extraindo:  92%|█████████▏| 2483/2710 [04:13<00:26,  8.69it/s]
Extraindo:  92%|█████████▏| 2485/2710 [04:13<00:24,  9.18it/s]
Extraindo:  92%|█████████▏| 2486/2710 [04:13<00:24,  9.27it/s]
Extraindo:  92%|█████████▏| 2487/2710 [04:13<00:23,  9.41it/s]
Extraindo:  92%|█████████▏| 2489/2710 [04:14<00:22,  9.68it/s]
Extraindo:  92%|█████████▏| 2490/2710 [04:14<00:22,  9.63it/s]
Extraindo:  92%|█████████▏| 2491/2710 [04:14<00:22,  9.71it/s]
Extraindo:  92%|█████████▏| 2492/2710 [04:14<00:22,  9.58it/s]
Extraindo:  92%|█████████▏| 2494/2710 [04:14<00:22,  9.68it/s]
Extraindo:  92%|█████████▏| 2495/2710 [04:14<00:22,  9.70it/s]
Extraindo:  92%|█████████▏| 2496/2710 [04:14<00:22,  9.53it/s]
Extraindo:  92%|█████████▏| 2497/2710 [04:14<00:22,  9.62it/s]
Extraindo:  92%|█████████▏| 2498/2710 [04:15<00:22,  9.49it/s]
Extraindo:  92%|█████████▏| 2499/2710 [04:15<00:29,  7.13it/s]
Extraindo:  92%|█████████▏| 2500/2710 [04:15<00:27,  7.76it/s]
Extraindo:  92%|█████████▏| 2502/2710 [04:15<00:30,  6.81it/s]
Extraindo:  92%|█████████▏| 2504/2710 [04:15<00:26,  7.85it/s]
Extraindo:  92%|█████████▏| 2506/2710 [04:16<00:23,  8.51it/s]
Extraindo:  93%|█████████▎| 2508/2710 [04:16<00:26,  7.53it/s]
Extraindo:  93%|█████████▎| 2510/2710 [04:16<00:23,  8.34it/s]
Extraindo:  93%|█████████▎| 2512/2710 [04:16<00:22,  8.94it/s]
Extraindo:  93%|█████████▎| 2514/2710 [04:17<00:20,  9.34it/s]
Extraindo:  93%|█████████▎| 2516/2710 [04:17<00:20,  9.61it/s]
Extraindo:  93%|█████████▎| 2518/2710 [04:17<00:19,  9.77it/s]
Extraindo:  93%|█████████▎| 2519/2710 [04:17<00:19,  9.78it/s]
Extraindo:  93%|█████████▎| 2521/2710 [04:17<00:19,  9.93it/s]
Extraindo:  93%|█████████▎| 2523/2710 [04:17<00:19,  9.83it/s]
Extraindo:  93%|█████████▎| 2524/2710 [04:18<00:19,  9.73it/s]
Extraindo:  93%|█████████▎| 2525/2710 [04:18<00:19,  9.61it/s]
Extraindo:  93%|█████████▎| 2526/2710 [04:18<00:19,  9.64it/s]
Extraindo:  93%|█████████▎| 2527/2710 [04:18<00:19,  9.52it/s]
Extraindo:  93%|█████████▎| 2528/2710 [04:18<00:19,  9.46it/s]
Extraindo:  93%|█████████▎| 2529/2710 [04:18<00:19,  9.38it/s]
Extraindo:  93%|█████████▎| 2530/2710 [04:18<00:19,  9.42it/s]
Extraindo:  93%|█████████▎| 2531/2710 [04:18<00:18,  9.47it/s]
Extraindo:  93%|█████████▎| 2532/2710 [04:18<00:18,  9.50it/s]
Extraindo:  93%|█████████▎| 2533/2710 [04:19<00:25,  6.95it/s]
Extraindo:  94%|█████████▎| 2534/2710 [04:19<00:29,  5.94it/s]
Extraindo:  94%|█████████▎| 2536/2710 [04:19<00:23,  7.43it/s]
Extraindo:  94%|█████████▎| 2537/2710 [04:19<00:26,  6.44it/s]
Extraindo:  94%|█████████▎| 2539/2710 [04:19<00:22,  7.72it/s]
Extraindo:  94%|█████████▍| 2541/2710 [04:20<00:19,  8.58it/s]
Extraindo:  94%|█████████▍| 2542/2710 [04:20<00:19,  8.83it/s]
Extraindo:  94%|█████████▍| 2544/2710 [04:20<00:17,  9.41it/s]
Extraindo:  94%|█████████▍| 2546/2710 [04:20<00:16,  9.73it/s]
Extraindo:  94%|█████████▍| 2548/2710 [04:20<00:16,  9.85it/s]
Extraindo:  94%|█████████▍| 2550/2710 [04:21<00:16,  9.98it/s]
Extraindo:  94%|█████████▍| 2552/2710 [04:21<00:15,  9.93it/s]
Extraindo:  94%|█████████▍| 2554/2710 [04:21<00:15,  9.98it/s]
Extraindo:  94%|█████████▍| 2555/2710 [04:21<00:15,  9.91it/s]
Extraindo:  94%|█████████▍| 2556/2710 [04:21<00:15,  9.84it/s]
Extraindo:  94%|█████████▍| 2557/2710 [04:21<00:15,  9.82it/s]
Extraindo:  94%|█████████▍| 2558/2710 [04:21<00:15,  9.66it/s]
Extraindo:  94%|█████████▍| 2559/2710 [04:21<00:15,  9.63it/s]
Extraindo:  94%|█████████▍| 2560/2710 [04:22<00:15,  9.57it/s]
Extraindo:  95%|█████████▍| 2561/2710 [04:22<00:15,  9.38it/s]
Extraindo:  95%|█████████▍| 2562/2710 [04:22<00:20,  7.06it/s]
Extraindo:  95%|█████████▍| 2564/2710 [04:22<00:21,  6.64it/s]
Extraindo:  95%|█████████▍| 2566/2710 [04:22<00:18,  7.74it/s]
Extraindo:  95%|█████████▍| 2567/2710 [04:23<00:17,  8.06it/s]
Extraindo:  95%|█████████▍| 2568/2710 [04:23<00:16,  8.42it/s]
Extraindo:  95%|█████████▍| 2569/2710 [04:23<00:16,  8.60it/s]
Extraindo:  95%|█████████▍| 2571/2710 [04:23<00:15,  9.06it/s]
Extraindo:  95%|█████████▍| 2572/2710 [04:23<00:14,  9.25it/s]
Extraindo:  95%|█████████▍| 2573/2710 [04:23<00:14,  9.39it/s]
Extraindo:  95%|█████████▍| 2574/2710 [04:23<00:14,  9.53it/s]
Extraindo:  95%|█████████▌| 2575/2710 [04:23<00:18,  7.29it/s]
Extraindo:  95%|█████████▌| 2577/2710 [04:24<00:16,  8.26it/s]
Extraindo:  95%|█████████▌| 2578/2710 [04:24<00:15,  8.59it/s]
Extraindo:  95%|█████████▌| 2579/2710 [04:24<00:14,  8.90it/s]
Extraindo:  95%|█████████▌| 2581/2710 [04:24<00:13,  9.30it/s]
Extraindo:  95%|█████████▌| 2582/2710 [04:24<00:13,  9.36it/s]
Extraindo:  95%|█████████▌| 2583/2710 [04:24<00:13,  9.46it/s]
Extraindo:  95%|█████████▌| 2584/2710 [04:24<00:13,  9.43it/s]
Extraindo:  95%|█████████▌| 2585/2710 [04:24<00:13,  9.55it/s]
Extraindo:  95%|█████████▌| 2586/2710 [04:25<00:13,  9.38it/s]
Extraindo:  95%|█████████▌| 2587/2710 [04:25<00:13,  9.31it/s]
Extraindo:  95%|█████████▌| 2588/2710 [04:25<00:13,  9.32it/s]
Extraindo:  96%|█████████▌| 2589/2710 [04:25<00:17,  6.99it/s]
Extraindo:  96%|█████████▌| 2590/2710 [04:25<00:15,  7.60it/s]
Extraindo:  96%|█████████▌| 2591/2710 [04:25<00:14,  7.98it/s]
Extraindo:  96%|█████████▌| 2592/2710 [04:25<00:14,  8.36it/s]
Extraindo:  96%|█████████▌| 2593/2710 [04:25<00:13,  8.74it/s]
Extraindo:  96%|█████████▌| 2594/2710 [04:26<00:17,  6.60it/s]
Extraindo:  96%|█████████▌| 2596/2710 [04:26<00:14,  7.91it/s]
Extraindo:  96%|█████████▌| 2598/2710 [04:26<00:12,  8.62it/s]
Extraindo:  96%|█████████▌| 2599/2710 [04:26<00:12,  8.89it/s]
Extraindo:  96%|█████████▌| 2600/2710 [04:26<00:12,  9.06it/s]
Extraindo:  96%|█████████▌| 2601/2710 [04:26<00:11,  9.15it/s]
Extraindo:  96%|█████████▌| 2602/2710 [04:26<00:11,  9.27it/s]
Extraindo:  96%|█████████▌| 2603/2710 [04:27<00:11,  9.36it/s]
Extraindo:  96%|█████████▌| 2604/2710 [04:27<00:11,  9.46it/s]
Extraindo:  96%|█████████▌| 2605/2710 [04:27<00:10,  9.55it/s]
Extraindo:  96%|█████████▌| 2606/2710 [04:27<00:10,  9.66it/s]
Extraindo:  96%|█████████▌| 2608/2710 [04:27<00:10,  9.74it/s]
Extraindo:  96%|█████████▋| 2609/2710 [04:27<00:10,  9.61it/s]
Extraindo:  96%|█████████▋| 2610/2710 [04:27<00:10,  9.49it/s]
Extraindo:  96%|█████████▋| 2611/2710 [04:27<00:10,  9.33it/s]
Extraindo:  96%|█████████▋| 2612/2710 [04:28<00:13,  7.06it/s]
Extraindo:  96%|█████████▋| 2613/2710 [04:28<00:12,  7.55it/s]
Extraindo:  96%|█████████▋| 2614/2710 [04:28<00:11,  8.06it/s]
Extraindo:  96%|█████████▋| 2615/2710 [04:28<00:11,  8.51it/s]
Extraindo:  97%|█████████▋| 2616/2710 [04:28<00:14,  6.60it/s]
Extraindo:  97%|█████████▋| 2618/2710 [04:28<00:11,  7.93it/s]
Extraindo:  97%|█████████▋| 2619/2710 [04:29<00:10,  8.36it/s]
Extraindo:  97%|█████████▋| 2620/2710 [04:29<00:10,  8.64it/s]
Extraindo:  97%|█████████▋| 2621/2710 [04:29<00:10,  8.78it/s]
Extraindo:  97%|█████████▋| 2622/2710 [04:29<00:09,  8.91it/s]
Extraindo:  97%|█████████▋| 2623/2710 [04:29<00:19,  4.48it/s]
Extraindo:  97%|█████████▋| 2625/2710 [04:30<00:16,  5.28it/s]
Extraindo:  97%|█████████▋| 2627/2710 [04:30<00:12,  6.80it/s]
Extraindo:  97%|█████████▋| 2629/2710 [04:30<00:09,  8.19it/s]
Extraindo:  97%|█████████▋| 2631/2710 [04:30<00:08,  9.27it/s]
Extraindo:  97%|█████████▋| 2633/2710 [04:30<00:07, 10.20it/s]
Extraindo:  97%|█████████▋| 2635/2710 [04:30<00:07, 10.65it/s]
Extraindo:  97%|█████████▋| 2637/2710 [04:31<00:06, 11.11it/s]
Extraindo:  97%|█████████▋| 2639/2710 [04:31<00:06, 11.26it/s]
Extraindo:  97%|█████████▋| 2641/2710 [04:31<00:06, 11.49it/s]
Extraindo:  98%|█████████▊| 2643/2710 [04:31<00:07,  9.56it/s]
Extraindo:  98%|█████████▊| 2645/2710 [04:31<00:06, 10.03it/s]
Extraindo:  98%|█████████▊| 2647/2710 [04:32<00:06, 10.38it/s]
Extraindo:  98%|█████████▊| 2649/2710 [04:32<00:06,  8.95it/s]
Extraindo:  98%|█████████▊| 2651/2710 [04:32<00:06,  9.78it/s]
Extraindo:  98%|█████████▊| 2653/2710 [04:32<00:05, 10.36it/s]
Extraindo:  98%|█████████▊| 2655/2710 [04:32<00:05, 10.71it/s]
Extraindo:  98%|█████████▊| 2657/2710 [04:33<00:05,  9.23it/s]
Extraindo:  98%|█████████▊| 2659/2710 [04:33<00:05, 10.05it/s]
Extraindo:  98%|█████████▊| 2661/2710 [04:33<00:04, 10.62it/s]
Extraindo:  98%|█████████▊| 2663/2710 [04:33<00:04, 11.06it/s]
Extraindo:  98%|█████████▊| 2665/2710 [04:33<00:03, 11.36it/s]
Extraindo:  98%|█████████▊| 2667/2710 [04:33<00:03, 11.50it/s]
Extraindo:  98%|█████████▊| 2669/2710 [04:34<00:03, 11.48it/s]
Extraindo:  99%|█████████▊| 2671/2710 [04:34<00:04,  9.61it/s]
Extraindo:  99%|█████████▊| 2673/2710 [04:34<00:03, 10.31it/s]
Extraindo:  99%|█████████▊| 2675/2710 [04:34<00:03, 10.88it/s]
Extraindo:  99%|█████████▉| 2677/2710 [04:34<00:02, 11.14it/s]
Extraindo:  99%|█████████▉| 2679/2710 [04:35<00:02, 11.24it/s]
Extraindo:  99%|█████████▉| 2681/2710 [04:35<00:02, 11.13it/s]
Extraindo:  99%|█████████▉| 2683/2710 [04:35<00:02, 11.16it/s]
Extraindo:  99%|█████████▉| 2685/2710 [04:35<00:02, 11.32it/s]
Extraindo:  99%|█████████▉| 2687/2710 [04:36<00:02,  7.97it/s]
Extraindo:  99%|█████████▉| 2689/2710 [04:36<00:02,  8.93it/s]
Extraindo:  99%|█████████▉| 2691/2710 [04:36<00:01,  9.69it/s]
Extraindo:  99%|█████████▉| 2693/2710 [04:36<00:01, 10.27it/s]
Extraindo:  99%|█████████▉| 2695/2710 [04:36<00:01, 10.71it/s]
Extraindo: 100%|█████████▉| 2697/2710 [04:37<00:01,  9.10it/s]
Extraindo: 100%|█████████▉| 2699/2710 [04:37<00:01,  9.95it/s]
Extraindo: 100%|█████████▉| 2701/2710 [04:37<00:00, 10.42it/s]
Extraindo: 100%|█████████▉| 2703/2710 [04:37<00:00, 10.88it/s]
Extraindo: 100%|█████████▉| 2705/2710 [04:37<00:00, 11.07it/s]
Extraindo: 100%|█████████▉| 2707/2710 [04:37<00:00, 11.41it/s]
Extraindo: 100%|█████████▉| 2709/2710 [04:38<00:00, 11.46it/s]
Extraindo: 100%|██████████| 2710/2710 [04:38<00:00,  9.75it/s]
2026-09-25 12:10:06,370 | INFO | matches      :     206,654 linhas
2026-09-25 12:10:06,438 | INFO | participants :   1,653,232 linhas
2026-09-25 12:10:06,522 | INFO | units        :  14,525,773 linhas
2026-09-25 12:10:06,627 | INFO | traits       :  17,757,384 linhas
2026-09-25 12:10:06,691 | INFO | items        :  20,096,449 linhas
2026-09-25 12:10:06,693 | INFO | {
  "raw_matches": 270713,
  "kept_matches": 206654,
  "drop_patch": 27902,
  "drop_queue": 30455,
  "drop_set": 5561,
  "drop_incomplete": 102,
  "puuid_dup_in_match": 472,
  "drop_duplicate": 39,
  "n_participants": 1653232,
  "top4_rate": 0.5,
  "patches": {
    "16.2": 41595,
    "16.3": 57111,
    "16.4": 50740,
    "16.5": 25203,
    "16.1": 32005
  },
  "date_range": [
    "2026-01-07 23:04:15.543000",
    "2026-03-14 06:37:49.985000"
  ],
  "n_unique_units": 103,
  "n_unique_traits": 52,
  "n_unique_items": 153,
  "unknown_rarities": [],
  "elo": "Master+ (Master, Grandmaster, Challenger) via League-V1"
}
