2026-09-25 17:46:16,228 | INFO | [main] args: {'inp': 'data/processed', 'out': 'results_lvl8', 'models': 'logreg,rf,lgbm', 'trials': 20, 'outer': 3, 'inner': 3, 'tune_frac': 0.25, 'n_boot': 500, 'budget_min': 240, 'min_level': 8, 'drop_agg': 'n_units,board_value,n_items,n_components', 'drop_blocks': '', 'log_level': 'INFO'}
2026-09-25 17:46:16,229 | INFO | [load] lendo data\processed\features.parquet
2026-09-25 17:46:16,242 | INFO | [load] removidas 4 features (blocos=[], features=['board_value', 'n_components', 'n_items', 'n_units'])
2026-09-25 17:46:16,243 | INFO | [load] 808 features | 807 no cenário A
2026-09-25 17:46:16,818 | INFO | [load] meta: 1,653,232 linhas | 206,654 partidas | top4=0.500 | patches=['16.1', '16.2', '16.3', '16.4', '16.5']
2026-09-25 17:46:18,730 | INFO | [load] bloco 1/9: nnz=40,724,306 | 332 MB | 1.9s
2026-09-25 17:46:20,256 | INFO | [load] bloco 2/9: nnz=19,641,603 | 164 MB | 1.5s
2026-09-25 17:46:21,297 | INFO | [load] bloco 3/9: nnz=5,617,774 | 52 MB | 1.0s
2026-09-25 17:46:22,223 | INFO | [load] bloco 4/9: nnz=2,738,710 | 29 MB | 0.9s
2026-09-25 17:46:23,151 | INFO | [load] bloco 5/9: nnz=3,733,182 | 36 MB | 0.9s
2026-09-25 17:46:24,041 | INFO | [load] bloco 6/9: nnz=2,020,819 | 23 MB | 0.9s
2026-09-25 17:46:24,926 | INFO | [load] bloco 7/9: nnz=2,390,877 | 26 MB | 0.9s
2026-09-25 17:46:25,824 | INFO | [load] bloco 8/9: nnz=2,397,732 | 26 MB | 0.9s
2026-09-25 17:46:25,935 | INFO | [load] bloco 9/9: nnz=715,098 | 12 MB | 0.1s
2026-09-25 17:46:27,068 | INFO | [load] XA: (1653232, 812), densidade=0.0608, 660 MB | XB: (1653232, 813) | tempo 10.8s
2026-09-25 17:46:27,487 | INFO | [main] level >= 8: 1,551,450 linhas | 206,653 partidas | top4=0.526
2026-09-25 17:46:29,685 | INFO | [main] baseline AUC OOF=0.7177
2026-09-25 17:46:29,685 | INFO | == logreg | A | 812 feats | tuning 4.3 min | decorrido 0 min
2026-09-25 17:46:30,100 | INFO |   [fold 1/3] treino=1,034,300 teste=517,150 | trials=20
2026-09-25 17:46:30,181 | INFO | [tune] logreg | n_trials=20 | timeout=1.7 min
2026-09-25 17:46:30,214 | INFO | [group_sample] 34,442/137,769 partidas (25%) -> 258,566 linhas
2026-09-25 17:47:29,112 | INFO | [obj] trial 0: loss=0.38760 | 58.8s
2026-09-25 17:49:23,918 | INFO | [obj] trial 1: loss=0.37626 | 114.8s
2026-09-25 17:49:23,945 | INFO |     tuning logreg: 2 trials (0 podados), loss=0.37626 | 2.9 min | best={'C': 6.351221010640703}
2026-09-25 17:50:43,892 | INFO | [fit] logreg: 811/812 coef. não nulos | n_iter=28
2026-09-25 17:50:44,278 | INFO |   fold 1: AUC=0.9148 | 4.2 min | decorrido 4 min
2026-09-25 17:50:44,325 | INFO |   [fold 2/3] treino=1,034,300 teste=517,150 | trials=6
2026-09-25 17:50:44,403 | INFO | [tune] logreg | n_trials=6 | timeout=1.3 min
2026-09-25 17:50:44,437 | INFO | [group_sample] 34,442/137,769 partidas (25%) -> 258,514 linhas
2026-09-25 17:52:51,438 | INFO | [obj] trial 0: loss=0.37523 | 126.9s
2026-09-25 17:52:51,469 | INFO |     tuning logreg: 1 trials (0 podados), loss=0.37523 | 2.1 min | best={'C': 6.351221010640703}
2026-09-25 17:54:12,348 | INFO | [fit] logreg: 811/812 coef. não nulos | n_iter=28
2026-09-25 17:54:12,726 | INFO |   fold 2: AUC=0.9140 | 3.5 min | decorrido 8 min
2026-09-25 17:54:12,759 | INFO |   [fold 3/3] treino=1,034,300 teste=517,150 | trials=6
2026-09-25 17:54:12,838 | INFO | [tune] logreg | n_trials=6 | timeout=1.3 min
2026-09-25 17:54:12,872 | INFO | [group_sample] 34,442/137,768 partidas (25%) -> 258,342 linhas
2026-09-25 17:56:22,768 | INFO | [obj] trial 0: loss=0.37726 | 129.8s
2026-09-25 17:56:22,800 | INFO |     tuning logreg: 1 trials (0 podados), loss=0.37726 | 2.2 min | best={'C': 6.351221010640703}
2026-09-25 17:57:37,534 | INFO | [fit] logreg: 808/812 coef. não nulos | n_iter=26
2026-09-25 17:57:37,930 | INFO |   fold 3: AUC=0.9143 | 3.4 min | decorrido 11 min
2026-09-25 17:57:38,279 | INFO | [run_nested] logreg: 11.1 min | AUC OOF=0.9144
2026-09-25 17:59:16,122 | INFO | [fit] logreg: 812/812 coef. não nulos | n_iter=22
2026-09-25 17:59:16,132 | INFO | [main] salvo results_lvl8\models\final_logreg_A.joblib (0.0 MB)
2026-09-25 17:59:16,160 | INFO | == rf | A | 812 feats | tuning 15.1 min | decorrido 13 min
2026-09-25 17:59:16,551 | INFO |   [fold 1/3] treino=1,034,300 teste=517,150 | trials=20
2026-09-25 17:59:16,631 | INFO | [tune] rf | n_trials=20 | timeout=6.0 min
2026-09-25 17:59:16,668 | INFO | [group_sample] 34,442/137,769 partidas (25%) -> 258,569 linhas
2026-09-25 17:59:16,702 | INFO | [dense] (258569, 812) -> denso float32 (0.8 GB)
2026-09-25 17:59:33,312 | INFO | [obj] trial 0: loss=0.45393 | 16.4s
2026-09-25 17:59:47,988 | INFO | [obj] trial 1: loss=0.46985 | 14.6s
2026-09-25 18:00:00,964 | INFO | [obj] trial 2: loss=0.49576 | 12.9s
2026-09-25 18:00:16,447 | INFO | [obj] trial 3: loss=0.45990 | 15.4s
2026-09-25 18:02:40,941 | INFO | [obj] trial 4: loss=0.37263 | 144.5s
2026-09-25 18:04:58,212 | INFO | [obj] trial 5: loss=0.37437 | 137.2s
2026-09-25 18:06:22,655 | INFO | [obj] trial 6: loss=0.37242 | 84.4s
2026-09-25 18:06:22,699 | INFO |     tuning rf: 7 trials (0 podados), loss=0.37242 | 7.1 min | best={'max_depth': 21, 'min_samples_leaf': 2, 'max_features': 0.3}
2026-09-25 18:06:22,843 | INFO | [dense] (1034300, 812) -> denso float32 (3.4 GB)
[Parallel(n_jobs=-1)]: Using backend ThreadingBackend with 16 concurrent workers.
[Parallel(n_jobs=-1)]: Done  18 tasks      | elapsed:    5.5s
[Parallel(n_jobs=-1)]: Done 168 tasks      | elapsed:   31.6s
[Parallel(n_jobs=-1)]: Done 200 out of 200 | elapsed:   36.7s finished
2026-09-25 18:07:04,161 | INFO |   fold 1: AUC=0.9174 | 7.8 min | decorrido 21 min
2026-09-25 18:07:04,197 | INFO |   [fold 2/3] treino=1,034,300 teste=517,150 | trials=6
2026-09-25 18:07:04,285 | INFO | [tune] rf | n_trials=6 | timeout=4.5 min
2026-09-25 18:07:04,317 | INFO | [group_sample] 34,442/137,769 partidas (25%) -> 258,735 linhas
2026-09-25 18:07:04,350 | INFO | [dense] (258735, 812) -> denso float32 (0.8 GB)
2026-09-25 18:08:30,007 | INFO | [obj] trial 0: loss=0.37023 | 85.5s
2026-09-25 18:08:45,213 | INFO | [obj] trial 1: loss=0.45117 | 15.2s
2026-09-25 18:08:58,831 | INFO | [obj] trial 2: loss=0.46622 | 13.6s
2026-09-25 18:10:25,768 | INFO | [obj] trial 5: loss=0.37464 | 78.1s
2026-09-25 18:10:25,800 | INFO |     tuning rf: 6 trials (2 podados), loss=0.37023 | 3.4 min | best={'max_depth': 21, 'min_samples_leaf': 2, 'max_features': 0.3}
2026-09-25 18:10:25,930 | INFO | [dense] (1034300, 812) -> denso float32 (3.4 GB)
[Parallel(n_jobs=-1)]: Using backend ThreadingBackend with 16 concurrent workers.
[Parallel(n_jobs=-1)]: Done  18 tasks      | elapsed:    5.5s
[Parallel(n_jobs=-1)]: Done 168 tasks      | elapsed:   31.7s
[Parallel(n_jobs=-1)]: Done 200 out of 200 | elapsed:   36.9s finished
2026-09-25 18:11:07,310 | INFO |   fold 2: AUC=0.9164 | 4.1 min | decorrido 25 min
2026-09-25 18:11:07,346 | INFO |   [fold 3/3] treino=1,034,300 teste=517,150 | trials=6
2026-09-25 18:11:07,432 | INFO | [tune] rf | n_trials=6 | timeout=4.5 min
2026-09-25 18:11:07,465 | INFO | [group_sample] 34,442/137,768 partidas (25%) -> 258,602 linhas
2026-09-25 18:11:07,497 | INFO | [dense] (258602, 812) -> denso float32 (0.8 GB)
2026-09-25 18:12:32,093 | INFO | [obj] trial 0: loss=0.37207 | 84.4s
2026-09-25 18:12:47,319 | INFO | [obj] trial 1: loss=0.45271 | 15.2s
2026-09-25 18:13:00,909 | INFO | [obj] trial 2: loss=0.46849 | 13.6s
2026-09-25 18:14:27,477 | INFO | [obj] trial 5: loss=0.37674 | 77.8s
2026-09-25 18:14:27,505 | INFO |     tuning rf: 6 trials (2 podados), loss=0.37207 | 3.3 min | best={'max_depth': 21, 'min_samples_leaf': 2, 'max_features': 0.3}
2026-09-25 18:14:27,639 | INFO | [dense] (1034300, 812) -> denso float32 (3.4 GB)
[Parallel(n_jobs=-1)]: Using backend ThreadingBackend with 16 concurrent workers.
[Parallel(n_jobs=-1)]: Done  18 tasks      | elapsed:    5.4s
[Parallel(n_jobs=-1)]: Done 168 tasks      | elapsed:   31.5s
[Parallel(n_jobs=-1)]: Done 200 out of 200 | elapsed:   36.7s finished
2026-09-25 18:15:08,833 | INFO |   fold 3: AUC=0.9169 | 4.0 min | decorrido 29 min
2026-09-25 18:15:09,166 | INFO | [run_nested] rf: 15.9 min | AUC OOF=0.9169
2026-09-25 18:15:09,167 | INFO | [dense] (1551450, 812) -> denso float32 (5.0 GB)
[Parallel(n_jobs=-1)]: Using backend ThreadingBackend with 16 concurrent workers.
[Parallel(n_jobs=-1)]: Done  18 tasks      | elapsed:    6.0s
[Parallel(n_jobs=-1)]: Done 168 tasks      | elapsed:   34.9s
[Parallel(n_jobs=-1)]: Done 200 out of 200 | elapsed:   39.8s finished
2026-09-25 18:15:51,109 | INFO | [main] salvo results_lvl8\models\final_rf_A.joblib (19.5 MB)
2026-09-25 18:15:51,137 | INFO | == lgbm | A | 812 feats | tuning 23.8 min | decorrido 30 min
2026-09-25 18:15:51,520 | INFO |   [fold 1/3] treino=1,034,300 teste=517,150 | trials=20
2026-09-25 18:15:51,598 | INFO | [tune] lgbm | n_trials=20 | timeout=9.5 min
2026-09-25 18:15:51,630 | INFO | [group_sample] 34,442/137,769 partidas (25%) -> 258,612 linhas
2026-09-25 18:16:06,279 | INFO | [obj] trial 0: loss=0.32853 | 14.6s | árvores=466
2026-09-25 18:16:40,988 | INFO | [obj] trial 1: loss=0.32671 | 34.7s | árvores=1264
2026-09-25 18:16:54,128 | INFO | [obj] trial 2: loss=0.33061 | 13.1s | árvores=402
2026-09-25 18:17:22,395 | INFO | [obj] trial 3: loss=0.32770 | 28.2s | árvores=1074
2026-09-25 18:18:03,950 | INFO | [obj] trial 5: loss=0.32802 | 34.0s | árvores=1068
2026-09-25 18:18:38,377 | INFO | [obj] trial 8: loss=0.32793 | 8.8s | árvores=915
2026-09-25 18:19:20,533 | INFO | [obj] trial 9: loss=0.32598 | 42.1s | árvores=2030
2026-09-25 18:20:40,114 | INFO | [obj] trial 10: loss=0.32654 | 79.5s | árvores=4350
2026-09-25 18:21:25,384 | INFO | [obj] trial 11: loss=0.32615 | 45.2s | árvores=2324
2026-09-25 18:22:16,092 | INFO | [obj] trial 12: loss=0.32640 | 50.7s | árvores=2389
2026-09-25 18:23:26,579 | INFO | [obj] trial 14: loss=0.32626 | 44.2s | árvores=1957
2026-09-25 18:25:46,031 | INFO | [obj] trial 16: loss=0.32617 | 86.2s | árvores=4098
2026-09-25 18:25:46,091 | INFO |     tuning lgbm: 17 trials (5 podados), loss=0.32598 | 9.9 min | best={'learning_rate': 0.04464698683174732, 'num_leaves': 24, 'min_child_samples': 107, 'subsample': 0.8143607587870447, 'colsample_bytree': 0.2542562142100967, 'reg_lambda': 0.6324024717435501, 'n_estimators': 10000}
2026-09-25 18:33:55,698 | INFO | [fit] lgbm early stopping: 6429 árvores | ganho logloss últimas 1000: 0.00017
2026-09-25 18:34:27,951 | INFO |   fold 1: AUC=0.9376 | 18.6 min | decorrido 48 min
2026-09-25 18:34:27,994 | INFO |   [fold 2/3] treino=1,034,300 teste=517,150 | trials=6
2026-09-25 18:34:28,080 | INFO | [tune] lgbm | n_trials=6 | timeout=7.1 min
2026-09-25 18:34:28,121 | INFO | [group_sample] 34,442/137,769 partidas (25%) -> 258,697 linhas
2026-09-25 18:35:14,720 | INFO | [obj] trial 0: loss=0.32496 | 46.5s | árvores=2280
2026-09-25 18:35:33,290 | INFO | [obj] trial 1: loss=0.32747 | 18.5s | árvores=475
2026-09-25 18:36:14,851 | INFO | [obj] trial 2: loss=0.32506 | 41.5s | árvores=1584
2026-09-25 18:37:15,319 | INFO |     tuning lgbm: 6 trials (3 podados), loss=0.32496 | 2.8 min | best={'learning_rate': 0.04464698683174732, 'num_leaves': 24, 'min_child_samples': 107, 'subsample': 0.8143607587870447, 'colsample_bytree': 0.2542562142100967, 'reg_lambda': 0.6324024717435501, 'n_estimators': 10000}
2026-09-25 18:42:58,063 | INFO | [fit] lgbm early stopping: 4315 árvores | ganho logloss últimas 1000: 0.00050
2026-09-25 18:43:17,902 | INFO |   fold 2: AUC=0.9365 | 8.8 min | decorrido 57 min
2026-09-25 18:43:17,941 | INFO |   [fold 3/3] treino=1,034,300 teste=517,150 | trials=6
2026-09-25 18:43:18,020 | INFO | [tune] lgbm | n_trials=6 | timeout=7.1 min
2026-09-25 18:43:18,053 | INFO | [group_sample] 34,442/137,768 partidas (25%) -> 258,579 linhas
2026-09-25 18:44:05,524 | INFO | [obj] trial 0: loss=0.32502 | 47.4s | árvores=2393
2026-09-25 18:44:22,649 | INFO | [obj] trial 1: loss=0.32702 | 17.1s | árvores=453
2026-09-25 18:44:58,639 | INFO | [obj] trial 2: loss=0.32541 | 36.0s | árvores=1388
2026-09-25 18:45:52,244 | INFO |     tuning lgbm: 6 trials (3 podados), loss=0.32502 | 2.6 min | best={'learning_rate': 0.04464698683174732, 'num_leaves': 24, 'min_child_samples': 107, 'subsample': 0.8143607587870447, 'colsample_bytree': 0.2542562142100967, 'reg_lambda': 0.6324024717435501, 'n_estimators': 10000}
2026-09-25 18:53:41,477 | INFO | [fit] lgbm early stopping: 6045 árvores | ganho logloss últimas 1000: 0.00023
2026-09-25 18:54:08,280 | INFO |   fold 3: AUC=0.9370 | 10.8 min | decorrido 68 min
2026-09-25 18:54:08,626 | INFO | [run_nested] lgbm: 38.3 min | AUC OOF=0.9370
2026-09-25 19:08:51,380 | INFO | [fit] lgbm early stopping: 7694 árvores | ganho logloss últimas 1000: 0.00015
2026-09-25 19:08:51,975 | INFO | [main] salvo results_lvl8\models\final_lgbm_A.joblib (8.2 MB)
2026-09-25 19:08:52,010 | INFO | == logreg | B | 813 feats | tuning 2.9 min | decorrido 83 min
2026-09-25 19:08:52,393 | INFO |   [fold 1/3] treino=1,034,300 teste=517,150 | trials=6
2026-09-25 19:08:52,474 | INFO | [tune] logreg | n_trials=6 | timeout=1.2 min
2026-09-25 19:08:52,508 | INFO | [group_sample] 34,442/137,769 partidas (25%) -> 258,637 linhas
2026-09-25 19:10:23,808 | INFO | [obj] trial 0: loss=0.35175 | 91.2s
2026-09-25 19:10:23,833 | INFO |     tuning logreg: 1 trials (0 podados), loss=0.35175 | 1.5 min | best={'C': 6.351221010640703}
2026-09-25 19:11:09,019 | INFO | [fit] logreg: 813/813 coef. não nulos | n_iter=15
2026-09-25 19:11:09,425 | INFO |   fold 1: AUC=0.9245 | 2.3 min | decorrido 85 min
2026-09-25 19:11:09,457 | INFO |   [fold 2/3] treino=1,034,300 teste=517,150 | trials=6
2026-09-25 19:11:09,537 | INFO | [tune] logreg | n_trials=6 | timeout=0.9 min
2026-09-25 19:11:09,570 | INFO | [group_sample] 34,442/137,769 partidas (25%) -> 258,367 linhas
2026-09-25 19:12:37,792 | INFO | [obj] trial 0: loss=0.35146 | 88.1s
2026-09-25 19:12:37,817 | INFO |     tuning logreg: 1 trials (0 podados), loss=0.35146 | 1.5 min | best={'C': 6.351221010640703}
2026-09-25 19:13:26,415 | INFO | [fit] logreg: 813/813 coef. não nulos | n_iter=16
2026-09-25 19:13:26,816 | INFO |   fold 2: AUC=0.9239 | 2.3 min | decorrido 87 min
2026-09-25 19:13:26,849 | INFO |   [fold 3/3] treino=1,034,300 teste=517,150 | trials=6
2026-09-25 19:13:26,928 | INFO | [tune] logreg | n_trials=6 | timeout=0.9 min
2026-09-25 19:13:26,961 | INFO | [group_sample] 34,442/137,768 partidas (25%) -> 258,603 linhas
2026-09-25 19:14:54,214 | INFO | [obj] trial 0: loss=0.35197 | 87.2s
2026-09-25 19:14:54,239 | INFO |     tuning logreg: 1 trials (0 podados), loss=0.35197 | 1.5 min | best={'C': 6.351221010640703}
2026-09-25 19:15:36,013 | INFO | [fit] logreg: 813/813 coef. não nulos | n_iter=14
2026-09-25 19:15:36,418 | INFO |   fold 3: AUC=0.9243 | 2.2 min | decorrido 89 min
2026-09-25 19:15:36,748 | INFO | [run_nested] logreg: 6.7 min | AUC OOF=0.9242
2026-09-25 19:16:25,399 | INFO | [fit] logreg: 813/813 coef. não nulos | n_iter=11
2026-09-25 19:16:25,402 | INFO | [main] salvo results_lvl8\models\final_logreg_B.joblib (0.0 MB)
2026-09-25 19:16:25,428 | INFO | == rf | B | 813 feats | tuning 10.1 min | decorrido 90 min
2026-09-25 19:16:25,813 | INFO |   [fold 1/3] treino=1,034,300 teste=517,150 | trials=6
2026-09-25 19:16:25,893 | INFO | [tune] rf | n_trials=6 | timeout=4.0 min
2026-09-25 19:16:25,926 | INFO | [group_sample] 34,442/137,769 partidas (25%) -> 258,545 linhas
2026-09-25 19:16:25,960 | INFO | [dense] (258545, 813) -> denso float32 (0.8 GB)
2026-09-25 19:17:50,548 | INFO | [obj] trial 0: loss=0.36439 | 84.4s
2026-09-25 19:18:05,755 | INFO | [obj] trial 1: loss=0.44612 | 15.2s
2026-09-25 19:18:19,367 | INFO | [obj] trial 2: loss=0.46179 | 13.6s
2026-09-25 19:19:46,213 | INFO | [obj] trial 5: loss=0.36803 | 78.1s
2026-09-25 19:19:46,240 | INFO |     tuning rf: 6 trials (2 podados), loss=0.36439 | 3.3 min | best={'max_depth': 21, 'min_samples_leaf': 2, 'max_features': 0.3}
2026-09-25 19:19:46,384 | INFO | [dense] (1034300, 813) -> denso float32 (3.4 GB)
[Parallel(n_jobs=-1)]: Using backend ThreadingBackend with 16 concurrent workers.
[Parallel(n_jobs=-1)]: Done  18 tasks      | elapsed:    5.4s
[Parallel(n_jobs=-1)]: Done 168 tasks      | elapsed:   31.8s
[Parallel(n_jobs=-1)]: Done 200 out of 200 | elapsed:   36.9s finished
2026-09-25 19:20:28,050 | INFO |   fold 1: AUC=0.9210 | 4.0 min | decorrido 94 min
2026-09-25 19:20:28,098 | INFO |   [fold 2/3] treino=1,034,300 teste=517,150 | trials=6
2026-09-25 19:20:28,178 | INFO | [tune] rf | n_trials=6 | timeout=3.0 min
2026-09-25 19:20:28,212 | INFO | [group_sample] 34,442/137,769 partidas (25%) -> 258,693 linhas
2026-09-25 19:20:28,246 | INFO | [dense] (258693, 813) -> denso float32 (0.8 GB)
2026-09-25 19:21:53,225 | INFO | [obj] trial 0: loss=0.36313 | 84.8s
2026-09-25 19:22:08,413 | INFO | [obj] trial 1: loss=0.44535 | 15.2s
2026-09-25 19:22:22,125 | INFO | [obj] trial 2: loss=0.46074 | 13.7s
2026-09-25 19:23:49,182 | INFO | [obj] trial 5: loss=0.36696 | 78.2s
2026-09-25 19:23:49,209 | INFO |     tuning rf: 6 trials (2 podados), loss=0.36313 | 3.4 min | best={'max_depth': 21, 'min_samples_leaf': 2, 'max_features': 0.3}
2026-09-25 19:23:49,351 | INFO | [dense] (1034300, 813) -> denso float32 (3.4 GB)
[Parallel(n_jobs=-1)]: Using backend ThreadingBackend with 16 concurrent workers.
[Parallel(n_jobs=-1)]: Done  18 tasks      | elapsed:    5.5s
[Parallel(n_jobs=-1)]: Done 168 tasks      | elapsed:   31.8s
[Parallel(n_jobs=-1)]: Done 200 out of 200 | elapsed:   36.8s finished
2026-09-25 19:24:30,775 | INFO |   fold 2: AUC=0.9202 | 4.0 min | decorrido 98 min
2026-09-25 19:24:30,810 | INFO |   [fold 3/3] treino=1,034,300 teste=517,150 | trials=6
2026-09-25 19:24:30,889 | INFO | [tune] rf | n_trials=6 | timeout=3.0 min
2026-09-25 19:24:30,923 | INFO | [group_sample] 34,442/137,768 partidas (25%) -> 258,629 linhas
2026-09-25 19:24:30,957 | INFO | [dense] (258629, 813) -> denso float32 (0.8 GB)
2026-09-25 19:25:55,563 | INFO | [obj] trial 0: loss=0.36360 | 84.4s
2026-09-25 19:26:10,965 | INFO | [obj] trial 1: loss=0.44555 | 15.4s
2026-09-25 19:26:24,660 | INFO | [obj] trial 2: loss=0.46000 | 13.7s
2026-09-25 19:27:51,447 | INFO | [obj] trial 5: loss=0.36739 | 78.0s
2026-09-25 19:27:51,475 | INFO |     tuning rf: 6 trials (2 podados), loss=0.36360 | 3.3 min | best={'max_depth': 21, 'min_samples_leaf': 2, 'max_features': 0.3}
2026-09-25 19:27:51,618 | INFO | [dense] (1034300, 813) -> denso float32 (3.4 GB)
[Parallel(n_jobs=-1)]: Using backend ThreadingBackend with 16 concurrent workers.
[Parallel(n_jobs=-1)]: Done  18 tasks      | elapsed:    5.4s
[Parallel(n_jobs=-1)]: Done 168 tasks      | elapsed:   31.9s
[Parallel(n_jobs=-1)]: Done 200 out of 200 | elapsed:   36.7s finished
2026-09-25 19:28:32,984 | INFO |   fold 3: AUC=0.9209 | 4.0 min | decorrido 102 min
2026-09-25 19:28:33,311 | INFO | [run_nested] rf: 12.1 min | AUC OOF=0.9207
2026-09-25 19:28:33,312 | INFO | [dense] (1551450, 813) -> denso float32 (5.0 GB)
[Parallel(n_jobs=-1)]: Using backend ThreadingBackend with 16 concurrent workers.
[Parallel(n_jobs=-1)]: Done  18 tasks      | elapsed:    6.0s
[Parallel(n_jobs=-1)]: Done 168 tasks      | elapsed:   35.0s
[Parallel(n_jobs=-1)]: Done 200 out of 200 | elapsed:   40.3s finished
2026-09-25 19:29:15,872 | INFO | [main] salvo results_lvl8\models\final_rf_B.joblib (19.0 MB)
2026-09-25 19:29:15,899 | INFO | == lgbm | B | 813 feats | tuning 15.8 min | decorrido 103 min
2026-09-25 19:29:16,282 | INFO |   [fold 1/3] treino=1,034,300 teste=517,150 | trials=6
2026-09-25 19:29:16,364 | INFO | [tune] lgbm | n_trials=6 | timeout=6.3 min
2026-09-25 19:29:16,398 | INFO | [group_sample] 34,442/137,769 partidas (25%) -> 258,496 linhas
2026-09-25 19:29:57,074 | INFO | [obj] trial 0: loss=0.32187 | 40.6s | árvores=2006
2026-09-25 19:30:13,059 | INFO | [obj] trial 1: loss=0.32370 | 15.9s | árvores=411
2026-09-25 19:30:44,172 | INFO | [obj] trial 2: loss=0.32230 | 31.1s | árvores=1170
2026-09-25 19:31:29,875 | INFO |     tuning lgbm: 6 trials (3 podados), loss=0.32187 | 2.2 min | best={'learning_rate': 0.04464698683174732, 'num_leaves': 24, 'min_child_samples': 107, 'subsample': 0.8143607587870447, 'colsample_bytree': 0.2542562142100967, 'reg_lambda': 0.6324024717435501, 'n_estimators': 10000}
2026-09-25 19:39:20,720 | INFO | [fit] lgbm early stopping: 6048 árvores | ganho logloss últimas 1000: 0.00018
2026-09-25 19:39:46,312 | INFO |   fold 1: AUC=0.9383 | 10.5 min | decorrido 114 min
2026-09-25 19:39:46,351 | INFO |   [fold 2/3] treino=1,034,300 teste=517,150 | trials=6
2026-09-25 19:39:46,432 | INFO | [tune] lgbm | n_trials=6 | timeout=4.8 min
2026-09-25 19:39:46,465 | INFO | [group_sample] 34,442/137,769 partidas (25%) -> 258,394 linhas
2026-09-25 19:40:19,014 | INFO | [obj] trial 0: loss=0.32102 | 32.5s | árvores=1545
2026-09-25 19:40:35,065 | INFO | [obj] trial 1: loss=0.32222 | 16.0s | árvores=408
2026-09-25 19:41:04,702 | INFO | [obj] trial 2: loss=0.32141 | 29.6s | árvores=1096
2026-09-25 19:41:46,789 | INFO |     tuning lgbm: 6 trials (3 podados), loss=0.32102 | 2.0 min | best={'learning_rate': 0.04464698683174732, 'num_leaves': 24, 'min_child_samples': 107, 'subsample': 0.8143607587870447, 'colsample_bytree': 0.2542562142100967, 'reg_lambda': 0.6324024717435501, 'n_estimators': 10000}
2026-09-25 19:49:31,063 | INFO | [fit] lgbm early stopping: 5989 árvores | ganho logloss últimas 1000: 0.00013
2026-09-25 19:49:57,843 | INFO |   fold 2: AUC=0.9375 | 10.2 min | decorrido 124 min
2026-09-25 19:49:57,883 | INFO |   [fold 3/3] treino=1,034,300 teste=517,150 | trials=6
2026-09-25 19:49:57,964 | INFO | [tune] lgbm | n_trials=6 | timeout=4.8 min
2026-09-25 19:49:58,002 | INFO | [group_sample] 34,442/137,768 partidas (25%) -> 258,477 linhas
2026-09-25 19:50:40,837 | INFO | [obj] trial 0: loss=0.32425 | 42.8s | árvores=2114
2026-09-25 19:50:57,193 | INFO | [obj] trial 1: loss=0.32613 | 16.3s | árvores=403
2026-09-25 19:51:26,719 | INFO | [obj] trial 2: loss=0.32447 | 29.5s | árvores=1059
2026-09-25 19:52:18,230 | INFO |     tuning lgbm: 6 trials (3 podados), loss=0.32425 | 2.3 min | best={'learning_rate': 0.04464698683174732, 'num_leaves': 24, 'min_child_samples': 107, 'subsample': 0.8143607587870447, 'colsample_bytree': 0.2542562142100967, 'reg_lambda': 0.6324024717435501, 'n_estimators': 10000}
2026-09-25 19:59:02,476 | INFO | [fit] lgbm early stopping: 5133 árvores | ganho logloss últimas 1000: 0.00038
2026-09-25 19:59:27,359 | INFO |   fold 3: AUC=0.9379 | 9.5 min | decorrido 133 min
2026-09-25 19:59:27,744 | INFO | [run_nested] lgbm: 30.2 min | AUC OOF=0.9379
2026-09-25 20:11:46,761 | INFO | [fit] lgbm early stopping: 6473 árvores | ganho logloss últimas 1000: 0.00019
2026-09-25 20:11:47,283 | INFO | [main] salvo results_lvl8\models\final_lgbm_B.joblib (6.9 MB)
2026-09-25 20:12:24,880 | INFO | [bootstrap] 100/500 | 38s
2026-09-25 20:13:01,626 | INFO | [bootstrap] 200/500 | 74s
2026-09-25 20:13:37,749 | INFO | [bootstrap] 300/500 | 110s
2026-09-25 20:14:13,994 | INFO | [bootstrap] 400/500 | 147s
2026-09-25 20:14:50,483 | INFO | [bootstrap] 500/500 | 183s
2026-09-25 20:14:51,059 | INFO | [metrics] n=1,551,450 | auc=0.7177 logloss=0.5966 brier=0.2057 f1=0.7301 match_top4_acc=nan
2026-09-25 20:14:51,794 | INFO | [metrics] n=1,551,450 | auc=0.9144 logloss=0.3738 brier=0.1170 f1=0.8437 match_top4_acc=nan
2026-09-25 20:14:52,512 | INFO | [metrics] n=1,551,450 | auc=0.9169 logloss=0.3691 brier=0.1156 f1=0.8476 match_top4_acc=nan
2026-09-25 20:14:53,234 | INFO | [metrics] n=1,551,450 | auc=0.9370 logloss=0.3192 brier=0.1000 f1=0.8673 match_top4_acc=nan
2026-09-25 20:14:53,961 | INFO | [metrics] n=1,551,450 | auc=0.9242 logloss=0.3499 brier=0.1098 f1=0.8535 match_top4_acc=nan
2026-09-25 20:14:54,674 | INFO | [metrics] n=1,551,450 | auc=0.9207 logloss=0.3609 brier=0.1127 f1=0.8515 match_top4_acc=nan
2026-09-25 20:14:55,397 | INFO | [metrics] n=1,551,450 | auc=0.9379 logloss=0.3171 brier=0.0993 f1=0.8680 match_top4_acc=nan
2026-09-25 20:14:55,405 | INFO | 
         model    auc  logloss  brier     f1  match_top4_acc  auc_lo  auc_hi  logloss_lo  logloss_hi  brier_lo  brier_hi
        lgbm_B 0.9379   0.3171 0.0993 0.8680             NaN  0.9376  0.9382      0.3164      0.3180    0.0990    0.0995
        lgbm_A 0.9370   0.3192 0.1000 0.8673             NaN  0.9367  0.9374      0.3185      0.3201    0.0997    0.1002
      logreg_B 0.9242   0.3499 0.1098 0.8535             NaN  0.9238  0.9246      0.3492      0.3508    0.1096    0.1101
          rf_B 0.9207   0.3609 0.1127 0.8515             NaN  0.9203  0.9211      0.3601      0.3616    0.1125    0.1130
          rf_A 0.9169   0.3691 0.1156 0.8476             NaN  0.9165  0.9173      0.3684      0.3698    0.1153    0.1159
      logreg_A 0.9144   0.3738 0.1170 0.8437             NaN  0.9140  0.9148      0.3728      0.3747    0.1168    0.1173
baseline_level 0.7177   0.5966 0.2057 0.7301             NaN  0.7169  0.7185      0.5960      0.5972    0.2054    0.2059
2026-09-25 20:14:58,220 | INFO | [delong] baseline_level vs logreg_A: z=-471.45 | p=0.00e+00
2026-09-25 20:14:58,237 | INFO | [delong] baseline_level vs rf_A: z=-488.97 | p=0.00e+00
2026-09-25 20:14:58,254 | INFO | [delong] baseline_level vs lgbm_A: z=-557.88 | p=0.00e+00
2026-09-25 20:14:58,270 | INFO | [delong] baseline_level vs logreg_B: z=-532.06 | p=0.00e+00
2026-09-25 20:14:58,287 | INFO | [delong] baseline_level vs rf_B: z=-525.57 | p=0.00e+00
2026-09-25 20:14:58,303 | INFO | [delong] baseline_level vs lgbm_B: z=-565.70 | p=0.00e+00
2026-09-25 20:14:58,319 | INFO | [delong] logreg_A vs rf_A: z=-18.55 | p=8.13e-77
2026-09-25 20:14:58,337 | INFO | [delong] logreg_A vs lgbm_A: z=-186.92 | p=0.00e+00
2026-09-25 20:14:58,355 | INFO | [delong] logreg_A vs logreg_B: z=-115.55 | p=0.00e+00
2026-09-25 20:14:58,373 | INFO | [delong] logreg_A vs rf_B: z=-45.22 | p=0.00e+00
2026-09-25 20:14:58,389 | INFO | [delong] logreg_A vs lgbm_B: z=-189.38 | p=0.00e+00
2026-09-25 20:14:58,406 | INFO | [delong] rf_A vs lgbm_A: z=-191.74 | p=0.00e+00
2026-09-25 20:14:58,423 | INFO | [delong] rf_A vs logreg_B: z=-58.87 | p=0.00e+00
2026-09-25 20:14:58,439 | INFO | [delong] rf_A vs rf_B: z=-66.26 | p=0.00e+00
2026-09-25 20:14:58,455 | INFO | [delong] rf_A vs lgbm_B: z=-193.97 | p=0.00e+00
2026-09-25 20:14:58,472 | INFO | [delong] lgbm_A vs logreg_B: z=132.78 | p=0.00e+00
2026-09-25 20:14:58,489 | INFO | [delong] lgbm_A vs rf_B: z=164.93 | p=0.00e+00
2026-09-25 20:14:58,505 | INFO | [delong] lgbm_A vs lgbm_B: z=-27.98 | p=2.75e-172
2026-09-25 20:14:58,521 | INFO | [delong] logreg_B vs rf_B: z=31.81 | p=4.37e-222
2026-09-25 20:14:58,538 | INFO | [delong] logreg_B vs lgbm_B: z=-148.83 | p=0.00e+00
2026-09-25 20:14:58,554 | INFO | [delong] rf_B vs lgbm_B: z=-178.12 | p=0.00e+00
2026-09-25 20:14:58,560 | INFO | [main] Holm aplicado: 42 comparações (42 significativas a 5%)
2026-09-25 20:14:58,815 | INFO | [main] temporal: teste=patch 16.5 (186,414) | treino=1,365,036
2026-09-25 20:15:41,462 | INFO | [fit] logreg: 807/807 coef. não nulos | n_iter=10
2026-09-25 20:15:41,644 | INFO | [metrics] n=186,414 | auc=0.9102 logloss=0.3912 brier=0.1229 f1=0.8445 match_top4_acc=nan
2026-09-25 20:15:41,677 | INFO | [dense] (1365036, 807) -> denso float32 (4.4 GB)
[Parallel(n_jobs=-1)]: Using backend ThreadingBackend with 16 concurrent workers.
[Parallel(n_jobs=-1)]: Done  18 tasks      | elapsed:    6.4s
[Parallel(n_jobs=-1)]: Done 168 tasks      | elapsed:   40.9s
[Parallel(n_jobs=-1)]: Done 200 out of 200 | elapsed:   46.7s finished
2026-09-25 20:16:31,679 | INFO | [metrics] n=186,414 | auc=0.9177 logloss=0.3699 brier=0.1151 f1=0.8511 match_top4_acc=nan
2026-09-25 20:28:03,734 | INFO | [fit] lgbm early stopping: 6856 árvores | ganho logloss últimas 1000: 0.00023
2026-09-25 20:28:17,031 | INFO | [metrics] n=186,414 | auc=0.9355 logloss=0.3291 brier=0.1031 f1=0.8681 match_top4_acc=nan
2026-09-25 20:29:11,296 | INFO | [fit] logreg: 808/808 coef. não nulos | n_iter=13
2026-09-25 20:29:11,493 | INFO | [metrics] n=186,414 | auc=0.9224 logloss=0.3627 brier=0.1141 f1=0.8555 match_top4_acc=nan
2026-09-25 20:29:11,534 | INFO | [dense] (1365036, 808) -> denso float32 (4.4 GB)
[Parallel(n_jobs=-1)]: Using backend ThreadingBackend with 16 concurrent workers.
[Parallel(n_jobs=-1)]: Done  18 tasks      | elapsed:    6.8s
[Parallel(n_jobs=-1)]: Done 168 tasks      | elapsed:   39.8s
[Parallel(n_jobs=-1)]: Done 200 out of 200 | elapsed:   46.1s finished
2026-09-25 20:30:00,945 | INFO | [metrics] n=186,414 | auc=0.9219 logloss=0.3616 brier=0.1121 f1=0.8562 match_top4_acc=nan
2026-09-25 20:42:33,425 | INFO | [fit] lgbm early stopping: 7614 árvores | ganho logloss últimas 1000: 0.00021
2026-09-25 20:42:48,634 | INFO | [metrics] n=186,414 | auc=0.9370 logloss=0.3245 brier=0.1015 f1=0.8700 match_top4_acc=nan
2026-09-25 20:42:49,487 | INFO | [main] saídas em D:\Estudos\TCC\tft_tcc_uspesalq_v2\results_lvl8 | Total: 177 min
