2026-09-25 20:42:51,561 | INFO | [main] args: {'inp': 'data/processed', 'out': 'results_no_units', 'models': 'logreg,rf,lgbm', 'trials': 20, 'outer': 3, 'inner': 3, 'tune_frac': 0.25, 'n_boot': 500, 'budget_min': 240, 'min_level': 0, 'drop_agg': '', 'drop_blocks': 'unit,unit_item', 'log_level': 'INFO'}
2026-09-25 20:42:51,566 | INFO | [load] lendo data\processed\features.parquet
2026-09-25 20:42:51,574 | INFO | [load] removidas 625 features (blocos=['unit', 'unit_item'], features=[])
2026-09-25 20:42:51,576 | INFO | [load] 187 features | 186 no cenário A
2026-09-25 20:42:51,985 | INFO | [load] meta: 1,653,232 linhas | 206,654 partidas | top4=0.500 | patches=['16.1', '16.2', '16.3', '16.4', '16.5']
2026-09-25 20:42:54,378 | INFO | [load] bloco 1/2: nnz=50,805,792 | 413 MB | 2.4s
2026-09-25 20:42:55,460 | INFO | [load] bloco 2/2: nnz=6,911,745 | 62 MB | 1.1s
2026-09-25 20:42:56,384 | INFO | [load] XA: (1653232, 191), densidade=0.1880, 482 MB | XB: (1653232, 192) | tempo 4.8s
2026-09-25 20:42:58,739 | INFO | [main] baseline AUC OOF=0.7408
2026-09-25 20:42:58,739 | INFO | == logreg | A | 191 feats | tuning 4.3 min | decorrido 0 min
2026-09-25 20:42:59,178 | INFO |   [fold 1/3] treino=1,102,152 teste=551,080 | trials=20
2026-09-25 20:42:59,255 | INFO | [tune] logreg | n_trials=20 | timeout=1.7 min
2026-09-25 20:42:59,296 | INFO | [group_sample] 34,442/137,769 partidas (25%) -> 275,536 linhas
2026-09-25 20:43:19,196 | INFO | [obj] trial 0: loss=0.39124 | 19.8s
2026-09-25 20:43:56,515 | INFO | [obj] trial 1: loss=0.38094 | 37.3s
2026-09-25 20:44:41,476 | INFO | [obj] trial 2: loss=0.38097 | 44.9s
2026-09-25 20:44:51,581 | INFO |     tuning logreg: 4 trials (1 podados), loss=0.38094 | 1.9 min | best={'C': 6.351221010640703}
2026-09-25 20:45:08,992 | INFO | [fit] logreg: 191/191 coef. não nulos | n_iter=12
2026-09-25 20:45:09,325 | INFO |   fold 1: AUC=0.9142 | 2.2 min | decorrido 2 min
2026-09-25 20:45:09,363 | INFO |   [fold 2/3] treino=1,102,152 teste=551,080 | trials=6
2026-09-25 20:45:09,427 | INFO | [tune] logreg | n_trials=6 | timeout=1.3 min
2026-09-25 20:45:09,462 | INFO | [group_sample] 34,442/137,769 partidas (25%) -> 275,536 linhas
2026-09-25 20:45:40,924 | INFO | [obj] trial 0: loss=0.37821 | 31.4s
2026-09-25 20:46:08,424 | INFO | [obj] trial 1: loss=0.38913 | 27.5s
2026-09-25 20:46:39,936 | INFO | [obj] trial 2: loss=0.37821 | 31.5s
2026-09-25 20:46:39,961 | INFO |     tuning logreg: 3 trials (0 podados), loss=0.37821 | 1.5 min | best={'C': 6.351221010640703}
2026-09-25 20:46:57,449 | INFO | [fit] logreg: 191/191 coef. não nulos | n_iter=12
2026-09-25 20:46:57,782 | INFO |   fold 2: AUC=0.9142 | 1.8 min | decorrido 4 min
2026-09-25 20:46:57,826 | INFO |   [fold 3/3] treino=1,102,160 teste=551,072 | trials=6
2026-09-25 20:46:57,890 | INFO | [tune] logreg | n_trials=6 | timeout=1.3 min
2026-09-25 20:46:57,924 | INFO | [group_sample] 34,442/137,770 partidas (25%) -> 275,536 linhas
2026-09-25 20:47:30,239 | INFO | [obj] trial 0: loss=0.37914 | 32.2s
2026-09-25 20:48:02,798 | INFO | [obj] trial 1: loss=0.38938 | 32.5s
2026-09-25 20:48:35,072 | INFO | [obj] trial 2: loss=0.37914 | 32.2s
2026-09-25 20:48:35,097 | INFO |     tuning logreg: 3 trials (0 podados), loss=0.37914 | 1.6 min | best={'C': 6.351221010640703}
2026-09-25 20:48:51,232 | INFO | [fit] logreg: 191/191 coef. não nulos | n_iter=11
2026-09-25 20:48:51,566 | INFO |   fold 3: AUC=0.9142 | 1.9 min | decorrido 6 min
2026-09-25 20:48:51,920 | INFO | [run_nested] logreg: 5.9 min | AUC OOF=0.9142
2026-09-25 20:49:11,996 | INFO | [fit] logreg: 191/191 coef. não nulos | n_iter=9
2026-09-25 20:49:11,998 | INFO | [main] salvo results_no_units\models\final_logreg_A.joblib (0.0 MB)
2026-09-25 20:49:12,024 | INFO | == rf | A | 191 feats | tuning 15.1 min | decorrido 6 min
2026-09-25 20:49:12,438 | INFO |   [fold 1/3] treino=1,102,152 teste=551,080 | trials=20
2026-09-25 20:49:12,502 | INFO | [tune] rf | n_trials=20 | timeout=6.0 min
2026-09-25 20:49:12,537 | INFO | [group_sample] 34,442/137,769 partidas (25%) -> 275,536 linhas
2026-09-25 20:49:12,564 | INFO | [dense] (275536, 191) -> denso float32 (0.2 GB)
2026-09-25 20:49:19,804 | INFO | [obj] trial 0: loss=0.40244 | 7.1s
2026-09-25 20:49:26,896 | INFO | [obj] trial 1: loss=0.40186 | 7.1s
2026-09-25 20:49:33,631 | INFO | [obj] trial 2: loss=0.42514 | 6.7s
2026-09-25 20:49:40,866 | INFO | [obj] trial 3: loss=0.39527 | 7.2s
2026-09-25 20:50:10,649 | INFO | [obj] trial 4: loss=0.35521 | 29.8s
2026-09-25 20:50:38,808 | INFO | [obj] trial 5: loss=0.35797 | 28.1s
2026-09-25 20:50:58,096 | INFO | [obj] trial 6: loss=0.35596 | 19.3s
2026-09-25 20:51:25,160 | INFO | [obj] trial 7: loss=0.36142 | 27.0s
2026-09-25 20:51:54,775 | INFO | [obj] trial 8: loss=0.35521 | 29.6s
2026-09-25 20:52:37,661 | INFO | [obj] trial 11: loss=0.35615 | 29.0s
2026-09-25 20:53:09,852 | INFO | [obj] trial 13: loss=0.35491 | 29.6s
2026-09-25 20:53:46,557 | INFO | [obj] trial 15: loss=0.35468 | 30.7s
2026-09-25 20:54:16,707 | INFO | [obj] trial 16: loss=0.35473 | 30.1s
2026-09-25 20:54:47,457 | INFO | [obj] trial 17: loss=0.35468 | 30.7s
2026-09-25 20:54:59,744 | INFO |     tuning rf: 20 trials (6 podados), loss=0.35468 | 5.8 min | best={'max_depth': 24, 'min_samples_leaf': 2, 'max_features': 0.5}
2026-09-25 20:54:59,842 | INFO | [dense] (1102152, 191) -> denso float32 (0.8 GB)
[Parallel(n_jobs=-1)]: Using backend ThreadingBackend with 16 concurrent workers.
[Parallel(n_jobs=-1)]: Done  18 tasks      | elapsed:    2.3s
[Parallel(n_jobs=-1)]: Done 168 tasks      | elapsed:   12.5s
[Parallel(n_jobs=-1)]: Done 200 out of 200 | elapsed:   14.7s finished
2026-09-25 20:55:17,320 | INFO |   fold 1: AUC=0.9238 | 6.1 min | decorrido 12 min
2026-09-25 20:55:17,360 | INFO |   [fold 2/3] treino=1,102,152 teste=551,080 | trials=6
2026-09-25 20:55:17,438 | INFO | [tune] rf | n_trials=6 | timeout=4.5 min
2026-09-25 20:55:17,475 | INFO | [group_sample] 34,442/137,769 partidas (25%) -> 275,536 linhas
2026-09-25 20:55:17,503 | INFO | [dense] (275536, 191) -> denso float32 (0.2 GB)
2026-09-25 20:55:48,838 | INFO | [obj] trial 0: loss=0.35645 | 31.2s
2026-09-25 20:55:56,502 | INFO | [obj] trial 1: loss=0.40376 | 7.6s
2026-09-25 20:56:04,167 | INFO | [obj] trial 2: loss=0.40280 | 7.6s
2026-09-25 20:56:14,153 | INFO | [obj] trial 4: loss=0.39609 | 7.7s
2026-09-25 20:56:42,921 | INFO | [obj] trial 5: loss=0.35941 | 28.7s
2026-09-25 20:56:42,953 | INFO |     tuning rf: 6 trials (1 podados), loss=0.35645 | 1.4 min | best={'max_depth': 24, 'min_samples_leaf': 2, 'max_features': 0.5}
2026-09-25 20:56:43,053 | INFO | [dense] (1102152, 191) -> denso float32 (0.8 GB)
[Parallel(n_jobs=-1)]: Using backend ThreadingBackend with 16 concurrent workers.
[Parallel(n_jobs=-1)]: Done  18 tasks      | elapsed:    2.3s
[Parallel(n_jobs=-1)]: Done 168 tasks      | elapsed:   13.2s
[Parallel(n_jobs=-1)]: Done 200 out of 200 | elapsed:   15.1s finished
2026-09-25 20:57:00,904 | INFO |   fold 2: AUC=0.9236 | 1.7 min | decorrido 14 min
2026-09-25 20:57:00,938 | INFO |   [fold 3/3] treino=1,102,160 teste=551,072 | trials=6
2026-09-25 20:57:01,004 | INFO | [tune] rf | n_trials=6 | timeout=4.5 min
2026-09-25 20:57:01,038 | INFO | [group_sample] 34,442/137,770 partidas (25%) -> 275,536 linhas
2026-09-25 20:57:01,067 | INFO | [dense] (275536, 191) -> denso float32 (0.2 GB)
2026-09-25 20:57:32,075 | INFO | [obj] trial 0: loss=0.35660 | 30.9s
2026-09-25 20:57:40,286 | INFO | [obj] trial 1: loss=0.40380 | 8.2s
2026-09-25 20:57:47,914 | INFO | [obj] trial 2: loss=0.40291 | 7.6s
2026-09-25 20:57:58,201 | INFO | [obj] trial 4: loss=0.39647 | 7.7s
2026-09-25 20:58:29,674 | INFO | [obj] trial 5: loss=0.35933 | 31.4s
2026-09-25 20:58:29,704 | INFO |     tuning rf: 6 trials (1 podados), loss=0.35660 | 1.5 min | best={'max_depth': 24, 'min_samples_leaf': 2, 'max_features': 0.5}
2026-09-25 20:58:29,818 | INFO | [dense] (1102160, 191) -> denso float32 (0.8 GB)
[Parallel(n_jobs=-1)]: Using backend ThreadingBackend with 16 concurrent workers.
[Parallel(n_jobs=-1)]: Done  18 tasks      | elapsed:    2.4s
[Parallel(n_jobs=-1)]: Done 168 tasks      | elapsed:   14.0s
[Parallel(n_jobs=-1)]: Done 200 out of 200 | elapsed:   16.2s finished
2026-09-25 20:58:49,081 | INFO |   fold 3: AUC=0.9232 | 1.8 min | decorrido 16 min
2026-09-25 20:58:49,458 | INFO | [run_nested] rf: 9.6 min | AUC OOF=0.9235
2026-09-25 20:58:49,458 | INFO | [dense] (1653232, 191) -> denso float32 (1.3 GB)
[Parallel(n_jobs=-1)]: Using backend ThreadingBackend with 16 concurrent workers.
[Parallel(n_jobs=-1)]: Done  18 tasks      | elapsed:    3.0s
[Parallel(n_jobs=-1)]: Done 168 tasks      | elapsed:   16.4s
[Parallel(n_jobs=-1)]: Done 200 out of 200 | elapsed:   18.8s finished
2026-09-25 20:59:09,560 | INFO | [main] salvo results_no_units\models\final_rf_A.joblib (20.9 MB)
2026-09-25 20:59:09,590 | INFO | == lgbm | A | 191 feats | tuning 23.8 min | decorrido 16 min
2026-09-25 20:59:09,982 | INFO |   [fold 1/3] treino=1,102,152 teste=551,080 | trials=20
2026-09-25 20:59:10,049 | INFO | [tune] lgbm | n_trials=20 | timeout=9.5 min
2026-09-25 20:59:10,089 | INFO | [group_sample] 34,442/137,769 partidas (25%) -> 275,536 linhas
2026-09-25 20:59:21,561 | INFO | [obj] trial 0: loss=0.32737 | 11.4s | árvores=475
2026-09-25 20:59:46,078 | INFO | [obj] trial 1: loss=0.32606 | 24.5s | árvores=1491
2026-09-25 20:59:54,175 | INFO | [obj] trial 2: loss=0.32827 | 8.1s | árvores=447
2026-09-25 21:00:10,835 | INFO | [obj] trial 3: loss=0.32621 | 16.6s | árvores=1113
2026-09-25 21:00:37,479 | INFO | [obj] trial 5: loss=0.32630 | 20.5s | árvores=1009
2026-09-25 21:01:30,081 | INFO | [obj] trial 9: loss=0.32537 | 30.0s | árvores=2606
2026-09-25 21:02:18,007 | INFO | [obj] trial 10: loss=0.32529 | 47.9s | árvores=4539
2026-09-25 21:02:42,614 | INFO | [obj] trial 11: loss=0.32583 | 24.6s | árvores=2185
2026-09-25 21:03:23,604 | INFO | [obj] trial 12: loss=0.32566 | 41.0s | árvores=3711
2026-09-25 21:03:53,002 | INFO | [obj] trial 13: loss=0.32574 | 29.4s | árvores=1959
2026-09-25 21:04:21,294 | INFO | [obj] trial 14: loss=0.32550 | 28.3s | árvores=2116
2026-09-25 21:05:07,694 | INFO | [obj] trial 15: loss=0.32561 | 46.4s | árvores=4499
2026-09-25 21:05:55,300 | INFO | [obj] trial 16: loss=0.32512 | 47.6s | árvores=3884
2026-09-25 21:06:42,550 | INFO | [obj] trial 18: loss=0.32553 | 28.8s | árvores=1981
2026-09-25 21:07:28,097 | INFO | [obj] trial 19: loss=0.32523 | 45.5s | árvores=3875
2026-09-25 21:07:28,128 | INFO |     tuning lgbm: 20 trials (5 podados), loss=0.32512 | 8.3 min | best={'learning_rate': 0.03140570343331407, 'num_leaves': 20, 'min_child_samples': 97, 'subsample': 0.7574820079030267, 'colsample_bytree': 0.3804392518553657, 'reg_lambda': 5.817101458598127, 'n_estimators': 10000}
2026-09-25 21:15:11,720 | INFO | [fit] lgbm early stopping: 9991 árvores | ganho logloss últimas 1000: 0.00010
2026-09-25 21:16:13,128 | INFO |   fold 1: AUC=0.9384 | 17.1 min | decorrido 33 min
2026-09-25 21:16:13,167 | INFO |   [fold 2/3] treino=1,102,152 teste=551,080 | trials=6
2026-09-25 21:16:13,234 | INFO | [tune] lgbm | n_trials=6 | timeout=7.1 min
2026-09-25 21:16:13,275 | INFO | [group_sample] 34,442/137,769 partidas (25%) -> 275,536 linhas
2026-09-25 21:16:55,688 | INFO | [obj] trial 0: loss=0.31986 | 42.4s | árvores=3489
2026-09-25 21:17:07,250 | INFO | [obj] trial 1: loss=0.32216 | 11.5s | árvores=492
2026-09-25 21:17:29,215 | INFO | [obj] trial 2: loss=0.32090 | 21.9s | árvores=1341
2026-09-25 21:18:04,016 | INFO |     tuning lgbm: 6 trials (3 podados), loss=0.31986 | 1.8 min | best={'learning_rate': 0.03140570343331407, 'num_leaves': 20, 'min_child_samples': 97, 'subsample': 0.7574820079030267, 'colsample_bytree': 0.3804392518553657, 'reg_lambda': 5.817101458598127, 'n_estimators': 10000}
2026-09-25 21:25:52,684 | INFO | [fit] lgbm early stopping: 9994 árvores | ganho logloss últimas 1000: 0.00012
2026-09-25 21:26:51,101 | INFO |   fold 2: AUC=0.9387 | 10.6 min | decorrido 44 min
2026-09-25 21:26:51,140 | INFO |   [fold 3/3] treino=1,102,160 teste=551,072 | trials=6
2026-09-25 21:26:51,205 | INFO | [tune] lgbm | n_trials=6 | timeout=7.1 min
2026-09-25 21:26:51,238 | INFO | [group_sample] 34,442/137,770 partidas (25%) -> 275,536 linhas
2026-09-25 21:27:38,509 | INFO | [obj] trial 0: loss=0.32165 | 47.2s | árvores=3770
2026-09-25 21:27:50,436 | INFO | [obj] trial 1: loss=0.32364 | 11.9s | árvores=484
2026-09-25 21:28:15,126 | INFO | [obj] trial 2: loss=0.32265 | 24.7s | árvores=1484
2026-09-25 21:28:52,363 | INFO |     tuning lgbm: 6 trials (3 podados), loss=0.32165 | 2.0 min | best={'learning_rate': 0.03140570343331407, 'num_leaves': 20, 'min_child_samples': 97, 'subsample': 0.7574820079030267, 'colsample_bytree': 0.3804392518553657, 'reg_lambda': 5.817101458598127, 'n_estimators': 10000}
2026-09-25 21:36:38,231 | INFO | [fit] lgbm early stopping: 9993 árvores | ganho logloss últimas 1000: 0.00011
2026-09-25 21:37:38,631 | INFO |   fold 3: AUC=0.9384 | 10.8 min | decorrido 55 min
2026-09-25 21:37:38,994 | INFO | [run_nested] lgbm: 38.5 min | AUC OOF=0.9385
2026-09-25 21:49:16,217 | INFO | [fit] lgbm early stopping: 9954 árvores | ganho logloss últimas 1000: 0.00019
2026-09-25 21:49:16,862 | INFO | [main] salvo results_no_units\models\final_lgbm_A.joblib (9.0 MB)
2026-09-25 21:49:16,893 | INFO | == logreg | B | 192 feats | tuning 2.9 min | decorrido 66 min
2026-09-25 21:49:17,275 | INFO |   [fold 1/3] treino=1,102,152 teste=551,080 | trials=6
2026-09-25 21:49:17,342 | INFO | [tune] logreg | n_trials=6 | timeout=1.2 min
2026-09-25 21:49:17,377 | INFO | [group_sample] 34,442/137,769 partidas (25%) -> 275,536 linhas
2026-09-25 21:49:37,864 | INFO | [obj] trial 0: loss=0.35011 | 20.4s
2026-09-25 21:49:59,657 | INFO | [obj] trial 1: loss=0.35612 | 21.8s
2026-09-25 21:50:21,119 | INFO | [obj] trial 2: loss=0.35011 | 21.4s
2026-09-25 21:50:27,836 | INFO |     tuning logreg: 4 trials (1 podados), loss=0.35011 | 1.2 min | best={'C': 6.351221010640703}
2026-09-25 21:50:41,679 | INFO | [fit] logreg: 192/192 coef. não nulos | n_iter=9
2026-09-25 21:50:42,031 | INFO |   fold 1: AUC=0.9250 | 1.4 min | decorrido 68 min
2026-09-25 21:50:42,064 | INFO |   [fold 2/3] treino=1,102,152 teste=551,080 | trials=6
2026-09-25 21:50:42,133 | INFO | [tune] logreg | n_trials=6 | timeout=0.9 min
2026-09-25 21:50:42,181 | INFO | [group_sample] 34,442/137,769 partidas (25%) -> 275,536 linhas
2026-09-25 21:50:59,353 | INFO | [obj] trial 0: loss=0.34814 | 17.1s
2026-09-25 21:51:34,628 | INFO | [obj] trial 1: loss=0.35422 | 35.2s
2026-09-25 21:51:34,653 | INFO |     tuning logreg: 2 trials (0 podados), loss=0.34814 | 0.9 min | best={'C': 6.351221010640703}
2026-09-25 21:51:48,295 | INFO | [fit] logreg: 192/192 coef. não nulos | n_iter=9
2026-09-25 21:51:48,659 | INFO |   fold 2: AUC=0.9249 | 1.1 min | decorrido 69 min
2026-09-25 21:51:48,693 | INFO |   [fold 3/3] treino=1,102,160 teste=551,072 | trials=6
2026-09-25 21:51:48,759 | INFO | [tune] logreg | n_trials=6 | timeout=0.9 min
2026-09-25 21:51:48,793 | INFO | [group_sample] 34,442/137,770 partidas (25%) -> 275,536 linhas
2026-09-25 21:52:08,538 | INFO | [obj] trial 0: loss=0.34761 | 19.6s
2026-09-25 21:52:32,686 | INFO | [obj] trial 1: loss=0.35414 | 24.1s
2026-09-25 21:52:52,636 | INFO | [obj] trial 2: loss=0.34761 | 19.9s
2026-09-25 21:52:52,673 | INFO |     tuning logreg: 3 trials (0 podados), loss=0.34761 | 1.1 min | best={'C': 6.351221010640703}
2026-09-25 21:53:07,204 | INFO | [fit] logreg: 192/192 coef. não nulos | n_iter=9
2026-09-25 21:53:07,546 | INFO |   fold 3: AUC=0.9251 | 1.3 min | decorrido 70 min
2026-09-25 21:53:07,923 | INFO | [run_nested] logreg: 3.8 min | AUC OOF=0.9250
2026-09-25 21:53:28,730 | INFO | [fit] logreg: 192/192 coef. não nulos | n_iter=9
2026-09-25 21:53:28,732 | INFO | [main] salvo results_no_units\models\final_logreg_B.joblib (0.0 MB)
2026-09-25 21:53:28,759 | INFO | == rf | B | 192 feats | tuning 10.1 min | decorrido 71 min
2026-09-25 21:53:29,175 | INFO |   [fold 1/3] treino=1,102,152 teste=551,080 | trials=6
2026-09-25 21:53:29,242 | INFO | [tune] rf | n_trials=6 | timeout=4.0 min
2026-09-25 21:53:29,278 | INFO | [group_sample] 34,442/137,769 partidas (25%) -> 275,536 linhas
2026-09-25 21:53:29,307 | INFO | [dense] (275536, 192) -> denso float32 (0.2 GB)
2026-09-25 21:54:04,371 | INFO | [obj] trial 0: loss=0.35146 | 35.0s
2026-09-25 21:54:12,288 | INFO | [obj] trial 1: loss=0.39840 | 7.9s
2026-09-25 21:54:20,588 | INFO | [obj] trial 2: loss=0.39780 | 8.3s
2026-09-25 21:54:32,331 | INFO | [obj] trial 4: loss=0.39090 | 9.2s
2026-09-25 21:55:07,705 | INFO | [obj] trial 5: loss=0.35362 | 35.3s
2026-09-25 21:55:07,744 | INFO |     tuning rf: 6 trials (1 podados), loss=0.35146 | 1.6 min | best={'max_depth': 24, 'min_samples_leaf': 2, 'max_features': 0.5}
2026-09-25 21:55:07,846 | INFO | [dense] (1102152, 192) -> denso float32 (0.8 GB)
[Parallel(n_jobs=-1)]: Using backend ThreadingBackend with 16 concurrent workers.
[Parallel(n_jobs=-1)]: Done  18 tasks      | elapsed:    2.5s
[Parallel(n_jobs=-1)]: Done 168 tasks      | elapsed:   14.0s
[Parallel(n_jobs=-1)]: Done 200 out of 200 | elapsed:   15.9s finished
2026-09-25 21:55:26,684 | INFO |   fold 1: AUC=0.9264 | 2.0 min | decorrido 73 min
2026-09-25 21:55:26,722 | INFO |   [fold 2/3] treino=1,102,152 teste=551,080 | trials=6
2026-09-25 21:55:26,790 | INFO | [tune] rf | n_trials=6 | timeout=3.0 min
2026-09-25 21:55:26,829 | INFO | [group_sample] 34,442/137,769 partidas (25%) -> 275,536 linhas
2026-09-25 21:55:26,858 | INFO | [dense] (275536, 192) -> denso float32 (0.2 GB)
2026-09-25 21:56:00,519 | INFO | [obj] trial 0: loss=0.35082 | 33.5s
2026-09-25 21:56:08,221 | INFO | [obj] trial 1: loss=0.39723 | 7.7s
2026-09-25 21:56:15,861 | INFO | [obj] trial 2: loss=0.39652 | 7.6s
2026-09-25 21:56:26,165 | INFO | [obj] trial 4: loss=0.38969 | 7.8s
2026-09-25 21:56:57,213 | INFO | [obj] trial 5: loss=0.35317 | 31.0s
2026-09-25 21:56:57,240 | INFO |     tuning rf: 6 trials (1 podados), loss=0.35082 | 1.5 min | best={'max_depth': 24, 'min_samples_leaf': 2, 'max_features': 0.5}
2026-09-25 21:56:57,348 | INFO | [dense] (1102152, 192) -> denso float32 (0.8 GB)
[Parallel(n_jobs=-1)]: Using backend ThreadingBackend with 16 concurrent workers.
[Parallel(n_jobs=-1)]: Done  18 tasks      | elapsed:    2.5s
[Parallel(n_jobs=-1)]: Done 168 tasks      | elapsed:   15.6s
[Parallel(n_jobs=-1)]: Done 200 out of 200 | elapsed:   18.0s finished
2026-09-25 21:57:18,615 | INFO |   fold 2: AUC=0.9262 | 1.9 min | decorrido 74 min
2026-09-25 21:57:18,664 | INFO |   [fold 3/3] treino=1,102,160 teste=551,072 | trials=6
2026-09-25 21:57:18,739 | INFO | [tune] rf | n_trials=6 | timeout=3.0 min
2026-09-25 21:57:18,791 | INFO | [group_sample] 34,442/137,770 partidas (25%) -> 275,536 linhas
2026-09-25 21:57:18,826 | INFO | [dense] (275536, 192) -> denso float32 (0.2 GB)
2026-09-25 21:57:55,616 | INFO | [obj] trial 0: loss=0.35074 | 36.7s
2026-09-25 21:58:03,123 | INFO | [obj] trial 1: loss=0.39707 | 7.5s
2026-09-25 21:58:10,486 | INFO | [obj] trial 2: loss=0.39657 | 7.3s
2026-09-25 21:58:20,269 | INFO | [obj] trial 4: loss=0.38984 | 7.4s
2026-09-25 21:58:53,520 | INFO | [obj] trial 5: loss=0.35274 | 33.2s
2026-09-25 21:58:53,567 | INFO |     tuning rf: 6 trials (1 podados), loss=0.35074 | 1.6 min | best={'max_depth': 24, 'min_samples_leaf': 2, 'max_features': 0.5}
2026-09-25 21:58:53,670 | INFO | [dense] (1102160, 192) -> denso float32 (0.8 GB)
[Parallel(n_jobs=-1)]: Using backend ThreadingBackend with 16 concurrent workers.
[Parallel(n_jobs=-1)]: Done  18 tasks      | elapsed:    2.2s
[Parallel(n_jobs=-1)]: Done 168 tasks      | elapsed:   13.6s
[Parallel(n_jobs=-1)]: Done 200 out of 200 | elapsed:   15.6s finished
2026-09-25 21:59:12,189 | INFO |   fold 3: AUC=0.9261 | 1.9 min | decorrido 76 min
2026-09-25 21:59:12,548 | INFO | [run_nested] rf: 5.7 min | AUC OOF=0.9262
2026-09-25 21:59:12,548 | INFO | [dense] (1653232, 192) -> denso float32 (1.3 GB)
[Parallel(n_jobs=-1)]: Using backend ThreadingBackend with 16 concurrent workers.
[Parallel(n_jobs=-1)]: Done  18 tasks      | elapsed:    2.7s
[Parallel(n_jobs=-1)]: Done 168 tasks      | elapsed:   15.8s
[Parallel(n_jobs=-1)]: Done 200 out of 200 | elapsed:   18.0s finished
2026-09-25 21:59:31,755 | INFO | [main] salvo results_no_units\models\final_rf_B.joblib (20.7 MB)
2026-09-25 21:59:31,784 | INFO | == lgbm | B | 192 feats | tuning 15.8 min | decorrido 77 min
2026-09-25 21:59:32,168 | INFO |   [fold 1/3] treino=1,102,152 teste=551,080 | trials=6
2026-09-25 21:59:32,236 | INFO | [tune] lgbm | n_trials=6 | timeout=6.3 min
2026-09-25 21:59:32,272 | INFO | [group_sample] 34,442/137,769 partidas (25%) -> 275,536 linhas
2026-09-25 22:00:13,693 | INFO | [obj] trial 0: loss=0.32262 | 41.4s | árvores=3292
2026-09-25 22:00:24,454 | INFO | [obj] trial 1: loss=0.32377 | 10.7s | árvores=435
2026-09-25 22:00:44,279 | INFO | [obj] trial 2: loss=0.32295 | 19.8s | árvores=1107
2026-09-25 22:01:17,389 | INFO |     tuning lgbm: 6 trials (3 podados), loss=0.32262 | 1.8 min | best={'learning_rate': 0.03140570343331407, 'num_leaves': 20, 'min_child_samples': 97, 'subsample': 0.7574820079030267, 'colsample_bytree': 0.3804392518553657, 'reg_lambda': 5.817101458598127, 'n_estimators': 10000}
2026-09-25 22:09:06,310 | INFO | [fit] lgbm early stopping: 9998 árvores | ganho logloss últimas 1000: 0.00013
2026-09-25 22:10:08,287 | INFO |   fold 1: AUC=0.9395 | 10.6 min | decorrido 87 min
2026-09-25 22:10:08,332 | INFO |   [fold 2/3] treino=1,102,152 teste=551,080 | trials=6
2026-09-25 22:10:08,406 | INFO | [tune] lgbm | n_trials=6 | timeout=4.8 min
2026-09-25 22:10:08,448 | INFO | [group_sample] 34,442/137,769 partidas (25%) -> 275,536 linhas
2026-09-25 22:10:52,881 | INFO | [obj] trial 0: loss=0.31745 | 44.4s | árvores=3517
2026-09-25 22:11:04,962 | INFO | [obj] trial 1: loss=0.31886 | 12.0s | árvores=491
2026-09-25 22:11:29,066 | INFO | [obj] trial 2: loss=0.31764 | 24.1s | árvores=1395
2026-09-25 22:12:06,401 | INFO |     tuning lgbm: 6 trials (3 podados), loss=0.31745 | 2.0 min | best={'learning_rate': 0.03140570343331407, 'num_leaves': 20, 'min_child_samples': 97, 'subsample': 0.7574820079030267, 'colsample_bytree': 0.3804392518553657, 'reg_lambda': 5.817101458598127, 'n_estimators': 10000}
2026-09-25 22:19:32,325 | INFO | [fit] lgbm early stopping: 9172 árvores | ganho logloss últimas 1000: 0.00014
2026-09-25 22:20:25,425 | INFO |   fold 2: AUC=0.9397 | 10.3 min | decorrido 98 min
2026-09-25 22:20:25,467 | INFO |   [fold 3/3] treino=1,102,160 teste=551,072 | trials=6
2026-09-25 22:20:25,539 | INFO | [tune] lgbm | n_trials=6 | timeout=4.8 min
2026-09-25 22:20:25,577 | INFO | [group_sample] 34,442/137,770 partidas (25%) -> 275,536 linhas
2026-09-25 22:21:08,219 | INFO | [obj] trial 0: loss=0.32362 | 42.6s | árvores=3352
2026-09-25 22:21:17,966 | INFO | [obj] trial 1: loss=0.32571 | 9.7s | árvores=345
2026-09-25 22:21:41,850 | INFO | [obj] trial 2: loss=0.32446 | 23.8s | árvores=1423
2026-09-25 22:22:18,444 | INFO |     tuning lgbm: 6 trials (3 podados), loss=0.32362 | 1.9 min | best={'learning_rate': 0.03140570343331407, 'num_leaves': 20, 'min_child_samples': 97, 'subsample': 0.7574820079030267, 'colsample_bytree': 0.3804392518553657, 'reg_lambda': 5.817101458598127, 'n_estimators': 10000}
2026-09-25 22:30:07,826 | INFO | [fit] lgbm early stopping: 9919 árvores | ganho logloss últimas 1000: 0.00008
2026-09-25 22:31:09,358 | INFO |   fold 3: AUC=0.9396 | 10.7 min | decorrido 108 min
2026-09-25 22:31:09,773 | INFO | [run_nested] lgbm: 31.6 min | AUC OOF=0.9396
2026-09-25 22:42:51,588 | INFO | [fit] lgbm early stopping: 9979 árvores | ganho logloss últimas 1000: 0.00019
2026-09-25 22:42:52,247 | INFO | [main] salvo results_no_units\models\final_lgbm_B.joblib (9.0 MB)
2026-09-25 22:43:32,674 | INFO | [bootstrap] 100/500 | 40s
2026-09-25 22:44:11,523 | INFO | [bootstrap] 200/500 | 79s
2026-09-25 22:44:50,673 | INFO | [bootstrap] 300/500 | 118s
2026-09-25 22:45:29,141 | INFO | [bootstrap] 400/500 | 157s
2026-09-25 22:46:08,369 | INFO | [bootstrap] 500/500 | 196s
2026-09-25 22:46:09,140 | INFO | [metrics] n=1,653,232 | auc=0.7408 logloss=0.5789 brier=0.1983 f1=0.7262 match_top4_acc=0.6871
2026-09-25 22:46:10,355 | INFO | [metrics] n=1,653,232 | auc=0.9142 logloss=0.3784 brier=0.1170 f1=0.8363 match_top4_acc=0.8596
2026-09-25 22:46:11,545 | INFO | [metrics] n=1,653,232 | auc=0.9235 logloss=0.3541 brier=0.1109 f1=0.8451 match_top4_acc=0.8701
2026-09-25 22:46:12,730 | INFO | [metrics] n=1,653,232 | auc=0.9385 logloss=0.3160 brier=0.0989 f1=0.8612 match_top4_acc=0.8906
2026-09-25 22:46:13,925 | INFO | [metrics] n=1,653,232 | auc=0.9250 logloss=0.3489 brier=0.1092 f1=0.8467 match_top4_acc=0.8733
2026-09-25 22:46:15,088 | INFO | [metrics] n=1,653,232 | auc=0.9262 logloss=0.3481 brier=0.1087 f1=0.8484 match_top4_acc=0.8736
2026-09-25 22:46:16,278 | INFO | [metrics] n=1,653,232 | auc=0.9396 logloss=0.3131 brier=0.0979 f1=0.8627 match_top4_acc=0.8925
2026-09-25 22:46:16,287 | INFO | 
         model    auc  logloss  brier     f1  match_top4_acc  auc_lo  auc_hi  logloss_lo  logloss_hi  brier_lo  brier_hi
        lgbm_B 0.9396   0.3131 0.0979 0.8627          0.8925  0.9393  0.9399      0.3125      0.3139    0.0977    0.0982
        lgbm_A 0.9385   0.3160 0.0989 0.8612          0.8906  0.9382  0.9387      0.3154      0.3167    0.0987    0.0992
          rf_B 0.9262   0.3481 0.1087 0.8484          0.8736  0.9259  0.9265      0.3475      0.3488    0.1085    0.1089
      logreg_B 0.9250   0.3489 0.1092 0.8467          0.8733  0.9247  0.9253      0.3482      0.3497    0.1090    0.1095
          rf_A 0.9235   0.3541 0.1109 0.8451          0.8701  0.9232  0.9238      0.3535      0.3548    0.1106    0.1111
      logreg_A 0.9142   0.3784 0.1170 0.8363          0.8596  0.9138  0.9146      0.3775      0.3794    0.1168    0.1173
baseline_level 0.7408   0.5789 0.1983 0.7262          0.6871  0.7401  0.7415      0.5782      0.5795    0.1980    0.1986
2026-09-25 22:46:19,335 | INFO | [delong] baseline_level vs logreg_A: z=-450.86 | p=0.00e+00
2026-09-25 22:46:19,355 | INFO | [delong] baseline_level vs rf_A: z=-496.66 | p=0.00e+00
2026-09-25 22:46:19,374 | INFO | [delong] baseline_level vs lgbm_A: z=-546.46 | p=0.00e+00
2026-09-25 22:46:19,392 | INFO | [delong] baseline_level vs logreg_B: z=-518.38 | p=0.00e+00
2026-09-25 22:46:19,412 | INFO | [delong] baseline_level vs rf_B: z=-520.73 | p=0.00e+00
2026-09-25 22:46:19,431 | INFO | [delong] baseline_level vs lgbm_B: z=-555.00 | p=0.00e+00
2026-09-25 22:46:19,449 | INFO | [delong] logreg_A vs rf_A: z=-72.70 | p=0.00e+00
2026-09-25 22:46:19,468 | INFO | [delong] logreg_A vs lgbm_A: z=-193.07 | p=0.00e+00
2026-09-25 22:46:19,486 | INFO | [delong] logreg_A vs logreg_B: z=-116.04 | p=0.00e+00
2026-09-25 22:46:19,504 | INFO | [delong] logreg_A vs rf_B: z=-91.03 | p=0.00e+00
2026-09-25 22:46:19,523 | INFO | [delong] logreg_A vs lgbm_B: z=-197.74 | p=0.00e+00
2026-09-25 22:46:19,543 | INFO | [delong] rf_A vs lgbm_A: z=-171.26 | p=0.00e+00
2026-09-25 22:46:19,561 | INFO | [delong] rf_A vs logreg_B: z=-13.03 | p=7.92e-39
2026-09-25 22:46:19,579 | INFO | [delong] rf_A vs rf_B: z=-62.61 | p=0.00e+00
2026-09-25 22:46:19,597 | INFO | [delong] rf_A vs lgbm_B: z=-178.00 | p=0.00e+00
2026-09-25 22:46:19,618 | INFO | [delong] lgbm_A vs logreg_B: z=136.38 | p=0.00e+00
2026-09-25 22:46:19,637 | INFO | [delong] lgbm_A vs rf_B: z=145.10 | p=0.00e+00
2026-09-25 22:46:19,654 | INFO | [delong] lgbm_A vs lgbm_B: z=-42.78 | p=0.00e+00
2026-09-25 22:46:19,672 | INFO | [delong] logreg_B vs rf_B: z=-12.00 | p=3.58e-33
2026-09-25 22:46:19,690 | INFO | [delong] logreg_B vs lgbm_B: z=-156.93 | p=0.00e+00
2026-09-25 22:46:19,708 | INFO | [delong] rf_B vs lgbm_B: z=-163.15 | p=0.00e+00
2026-09-25 22:46:19,714 | INFO | [main] Holm aplicado: 42 comparações (42 significativas a 5%)
2026-09-25 22:46:19,953 | INFO | [main] temporal: teste=patch 16.5 (201,624) | treino=1,451,608
2026-09-25 22:46:44,160 | INFO | [fit] logreg: 186/186 coef. não nulos | n_iter=11
2026-09-25 22:46:44,384 | INFO | [metrics] n=201,624 | auc=0.9134 logloss=0.3782 brier=0.1189 f1=0.8371 match_top4_acc=0.8569
2026-09-25 22:46:44,417 | INFO | [dense] (1451608, 186) -> denso float32 (1.1 GB)
[Parallel(n_jobs=-1)]: Using backend ThreadingBackend with 16 concurrent workers.
[Parallel(n_jobs=-1)]: Done  18 tasks      | elapsed:    2.9s
[Parallel(n_jobs=-1)]: Done 168 tasks      | elapsed:   16.5s
[Parallel(n_jobs=-1)]: Done 200 out of 200 | elapsed:   18.8s finished
2026-09-25 22:47:04,930 | INFO | [metrics] n=201,624 | auc=0.9227 logloss=0.3598 brier=0.1121 f1=0.8478 match_top4_acc=0.8710
2026-09-25 22:57:18,788 | INFO | [fit] lgbm early stopping: 9993 árvores | ganho logloss últimas 1000: 0.00018
2026-09-25 22:57:42,120 | INFO | [metrics] n=201,624 | auc=0.9379 logloss=0.3193 brier=0.0998 f1=0.8625 match_top4_acc=0.8910
2026-09-25 22:58:02,457 | INFO | [fit] logreg: 187/187 coef. não nulos | n_iter=9
2026-09-25 22:58:02,674 | INFO | [metrics] n=201,624 | auc=0.9239 logloss=0.3554 brier=0.1119 f1=0.8475 match_top4_acc=0.8725
2026-09-25 22:58:02,714 | INFO | [dense] (1451608, 187) -> denso float32 (1.1 GB)
[Parallel(n_jobs=-1)]: Using backend ThreadingBackend with 16 concurrent workers.
[Parallel(n_jobs=-1)]: Done  18 tasks      | elapsed:    2.7s
[Parallel(n_jobs=-1)]: Done 168 tasks      | elapsed:   16.1s
[Parallel(n_jobs=-1)]: Done 200 out of 200 | elapsed:   18.5s finished
2026-09-25 22:58:22,924 | INFO | [metrics] n=201,624 | auc=0.9256 logloss=0.3537 brier=0.1098 f1=0.8512 match_top4_acc=0.8748
2026-09-25 23:08:38,786 | INFO | [fit] lgbm early stopping: 9993 árvores | ganho logloss últimas 1000: 0.00014
2026-09-25 23:09:01,570 | INFO | [metrics] n=201,624 | auc=0.9387 logloss=0.3173 brier=0.0991 f1=0.8641 match_top4_acc=0.8922
2026-09-25 23:09:02,385 | INFO | [main] saídas em D:\Estudos\TCC\tft_tcc_uspesalq_v2\results_no_units | Total: 146 min
