Pipeline TCC TFT | início 2026-09-26 13:46:54
Python 3.14.6 | Windows-11-10.0.26200-SP0 | cwd=D:\Estudos\TCC\tft_tcc_uspesalq_v2
Etapas: [7, 8, 9, 10, 11, 12, 13] | keep-going=False | logs em logs\20260926_134654
==========================================================================================
[7/13] shap | 2026-09-26 13:46:54
$ 04_shap.py --res results --models lgbm --top-inter 40 --threads 8
------------------------------------------------------------------------------------------
2026-09-26 13:46:56,345 | [load] lendo data\processed\features.parquet
2026-09-26 13:46:56,353 | [load] 812 features | 811 no cenário A
2026-09-26 13:46:56,731 | [load] meta: 1,653,232 linhas | 206,654 partidas | top4=0.500 | patches=['16.1', '16.2', '16.3', '16.4', '16.5']
2026-09-26 13:46:58,724 | [load] bloco 1/9: nnz=45,259,348 | 369 MB | 2.0s
2026-09-26 13:47:00,239 | [load] bloco 2/9: nnz=19,861,226 | 166 MB | 1.5s
2026-09-26 13:47:01,280 | [load] bloco 3/9: nnz=6,148,658 | 56 MB | 1.0s
2026-09-26 13:47:02,182 | [load] bloco 4/9: nnz=2,820,451 | 29 MB | 0.9s
2026-09-26 13:47:03,100 | [load] bloco 5/9: nnz=3,724,670 | 36 MB | 0.9s
2026-09-26 13:47:03,973 | [load] bloco 6/9: nnz=2,058,209 | 23 MB | 0.9s
2026-09-26 13:47:04,834 | [load] bloco 7/9: nnz=2,348,539 | 25 MB | 0.9s
2026-09-26 13:47:05,718 | [load] bloco 8/9: nnz=1,780,805 | 21 MB | 0.9s
2026-09-26 13:47:05,905 | [load] bloco 9/9: nnz=1,468,481 | 18 MB | 0.2s
2026-09-26 13:47:07,072 | [load] XA: (1653232, 816), densidade=0.0646, 704 MB | XB: (1653232, 817) | tempo 10.7s
