Pipeline TCC TFT | início 2026-09-26 13:50:05
Python 3.14.6 | Windows-11-10.0.26200-SP0 | cwd=D:\Estudos\TCC\tft_tcc_uspesalq_v2
Etapas: [7, 8, 9, 10, 11, 12, 13] | keep-going=False | logs em logs\20260926_135005
==========================================================================================
[7/13] shap | 2026-09-26 13:50:06
$ 04_shap.py --res results --models lgbm --top-inter 40 --threads 8
------------------------------------------------------------------------------------------
2026-09-26 13:50:08,027 | [load] lendo data\processed\features.parquet
2026-09-26 13:50:08,036 | [load] 812 features | 811 no cenário A
2026-09-26 13:50:08,416 | [load] meta: 1,653,232 linhas | 206,654 partidas | top4=0.500 | patches=['16.1', '16.2', '16.3', '16.4', '16.5']
2026-09-26 13:50:10,420 | [load] bloco 1/9: nnz=45,259,348 | 369 MB | 2.0s
2026-09-26 13:50:11,971 | [load] bloco 2/9: nnz=19,861,226 | 166 MB | 1.6s
2026-09-26 13:50:13,045 | [load] bloco 3/9: nnz=6,148,658 | 56 MB | 1.1s
2026-09-26 13:50:13,960 | [load] bloco 4/9: nnz=2,820,451 | 29 MB | 0.9s
2026-09-26 13:50:14,879 | [load] bloco 5/9: nnz=3,724,670 | 36 MB | 0.9s
2026-09-26 13:50:15,763 | [load] bloco 6/9: nnz=2,058,209 | 23 MB | 0.9s
2026-09-26 13:50:16,641 | [load] bloco 7/9: nnz=2,348,539 | 25 MB | 0.9s
2026-09-26 13:50:17,548 | [load] bloco 8/9: nnz=1,780,805 | 21 MB | 0.9s
2026-09-26 13:50:17,734 | [load] bloco 9/9: nnz=1,468,481 | 18 MB | 0.2s
2026-09-26 13:50:18,914 | [load] XA: (1653232, 816), densidade=0.0646, 704 MB | XB: (1653232, 817) | tempo 10.9s
2026-09-26 13:53:33,731 | [lgbm_A] SHAP em 5000 linhas × 816 features | 195s
2026-09-26 13:53:36,294 |   [2] agrupado ok | 197s
2026-09-26 13:53:51,681 |   [2b] permutação ok | 213s
2026-09-26 13:53:51,988 |   H1b SHAP médio por nº de traits ouro+: {0.0: 0.018, 1.0: -0.023, 2.0: 0.062, 3.0: 0.242}
2026-09-26 13:53:51,990 |   [3] hipóteses ok | 213s
2026-09-26 13:54:40,647 |   [4] dependência ok | 262s
[Parallel(n_jobs=8)]: Using backend LokyBackend with 8 concurrent workers.
[Parallel(n_jobs=8)]: Done   5 out of  16 | elapsed:  5.3min remaining: 11.7min
[Parallel(n_jobs=8)]: Done   9 out of  16 | elapsed: 10.3min remaining:  8.0min
[Parallel(n_jobs=8)]: Done  13 out of  16 | elapsed: 10.3min remaining:  2.4min
[Parallel(n_jobs=8)]: Done  16 out of  16 | elapsed: 10.5min finished
2026-09-26 14:05:10,445 |   [5] interações ok (200 linhas) | 891s
2026-09-26 14:05:35,818 |   estabilidade: fold 1/5 | origem=03 | treino=completo (03) | árvores=9914 | fit 0s | total 21s
2026-09-26 14:06:45,646 |   estabilidade: fold 2/5 | origem=03 | treino=completo (03) | árvores=3695 | fit 0s | total 70s
2026-09-26 14:08:09,462 |   estabilidade: fold 3/5 | origem=03 | treino=completo (03) | árvores=4221 | fit 0s | total 84s
2026-09-26 14:08:20,337 |   estabilidade: fold 4/5 | origem=03 | treino=completo (03) | árvores=8175 | fit 0s | total 11s
2026-09-26 14:08:51,678 |   estabilidade: fold 5/5 | origem=03 | treino=completo (03) | árvores=7679 | fit 0s | total 31s
2026-09-26 14:08:51,762 |   estabilidade: Spearman=0.933 | Jaccard@20=0.933
2026-09-26 14:08:51,763 | [lgbm_A] concluído em 18.5 min
2026-09-26 14:11:49,212 | [lgbm_B] SHAP em 5000 linhas × 817 features | 177s
2026-09-26 14:11:51,679 |   [2] agrupado ok | 180s
2026-09-26 14:12:05,281 |   [2b] permutação ok | 194s
2026-09-26 14:12:05,606 |   H1b SHAP médio por nº de traits ouro+: {0.0: 0.027, 1.0: -0.029, 2.0: 0.03, 3.0: 0.253}
2026-09-26 14:12:05,607 |   [3] hipóteses ok | 194s
2026-09-26 14:12:54,797 |   [4] dependência ok | 243s
[Parallel(n_jobs=8)]: Using backend LokyBackend with 8 concurrent workers.
[Parallel(n_jobs=8)]: Done   5 out of  16 | elapsed:  4.9min remaining: 10.9min
[Parallel(n_jobs=8)]: Done   9 out of  16 | elapsed:  9.3min remaining:  7.2min
[Parallel(n_jobs=8)]: Done  13 out of  16 | elapsed:  9.5min remaining:  2.2min
[Parallel(n_jobs=8)]: Done  16 out of  16 | elapsed:  9.7min finished
2026-09-26 14:22:35,682 |   [5] interações ok (200 linhas) | 824s
2026-09-26 14:23:59,094 |   estabilidade: fold 1/5 | origem=03 | treino=completo (03) | árvores=4234 | fit 0s | total 79s
2026-09-26 14:24:10,403 |   estabilidade: fold 2/5 | origem=03 | treino=completo (03) | árvores=8480 | fit 0s | total 11s
2026-09-26 14:25:28,097 |   estabilidade: fold 3/5 | origem=03 | treino=completo (03) | árvores=4164 | fit 0s | total 78s
2026-09-26 14:26:37,870 |   estabilidade: fold 4/5 | origem=03 | treino=completo (03) | árvores=3619 | fit 0s | total 70s
2026-09-26 14:27:44,407 |   estabilidade: fold 5/5 | origem=03 | treino=completo (03) | árvores=3543 | fit 0s | total 66s
2026-09-26 14:27:44,494 |   estabilidade: Spearman=0.942 | Jaccard@20=0.891
2026-09-26 14:27:44,494 | [lgbm_B] concluído em 18.9 min
2026-09-26 14:27:44,545 | Concluído -> results\shap
------------------------------------------------------------------------------------------
[7/13] shap: OK | duração 0:37:38 | log: logs\20260926_135005\07_shap.log
==========================================================================================
[8/13] shap_lvl8 | 2026-09-26 14:27:44
$ 04_shap.py --res results_lvl8 --models lgbm --top-inter 40 --threads 8
------------------------------------------------------------------------------------------
2026-09-26 14:27:46,862 | [load] lendo data\processed\features.parquet
2026-09-26 14:27:46,870 | [load] removidas 4 features (blocos=[], features=['board_value', 'n_components', 'n_items', 'n_units'])
2026-09-26 14:27:46,871 | [load] 808 features | 807 no cenário A
2026-09-26 14:27:47,255 | [load] meta: 1,653,232 linhas | 206,654 partidas | top4=0.500 | patches=['16.1', '16.2', '16.3', '16.4', '16.5']
2026-09-26 14:27:49,166 | [load] bloco 1/9: nnz=40,724,306 | 332 MB | 1.9s
2026-09-26 14:27:50,681 | [load] bloco 2/9: nnz=19,641,603 | 164 MB | 1.5s
2026-09-26 14:27:51,718 | [load] bloco 3/9: nnz=5,617,774 | 52 MB | 1.0s
2026-09-26 14:27:52,640 | [load] bloco 4/9: nnz=2,738,710 | 29 MB | 0.9s
2026-09-26 14:27:53,556 | [load] bloco 5/9: nnz=3,733,182 | 36 MB | 0.9s
2026-09-26 14:27:54,444 | [load] bloco 6/9: nnz=2,020,819 | 23 MB | 0.9s
2026-09-26 14:27:55,323 | [load] bloco 7/9: nnz=2,390,877 | 26 MB | 0.9s
2026-09-26 14:27:56,239 | [load] bloco 8/9: nnz=2,397,732 | 26 MB | 0.9s
2026-09-26 14:27:56,364 | [load] bloco 9/9: nnz=715,098 | 12 MB | 0.1s
2026-09-26 14:27:57,508 | [load] XA: (1653232, 812), densidade=0.0608, 660 MB | XB: (1653232, 813) | tempo 10.6s
2026-09-26 14:27:57,887 | [main] level >= 8: 1,551,450 linhas
2026-09-26 14:28:31,203 | [lgbm_A] SHAP em 4703 linhas × 812 features | 33s
2026-09-26 14:28:33,646 |   [2] agrupado ok | 36s
2026-09-26 14:28:46,422 |   [2b] permutação ok | 48s
2026-09-26 14:28:46,724 |   H1b SHAP médio por nº de traits ouro+: {0.0: 0.003, 1.0: -0.016, 2.0: 0.131, 3.0: 0.399}
2026-09-26 14:28:46,725 |   [3] hipóteses ok | 49s
2026-09-26 14:29:27,420 |   [4] dependência ok | 89s
[Parallel(n_jobs=8)]: Using backend LokyBackend with 8 concurrent workers.
[Parallel(n_jobs=8)]: Done   5 out of  16 | elapsed:   33.3s remaining:  1.2min
[Parallel(n_jobs=8)]: Done   9 out of  16 | elapsed:   54.8s remaining:   42.6s
[Parallel(n_jobs=8)]: Done  13 out of  16 | elapsed:   59.9s remaining:   13.8s
[Parallel(n_jobs=8)]: Done  16 out of  16 | elapsed:  1.0min finished
2026-09-26 14:30:30,738 |   [5] interações ok (200 linhas) | 153s
2026-09-26 14:30:47,605 |   estabilidade: fold 1/3 | origem=03 | treino=completo (03) | árvores=6429 | fit 0s | total 13s
2026-09-26 14:30:56,101 |   estabilidade: fold 2/3 | origem=03 | treino=completo (03) | árvores=4315 | fit 0s | total 8s
2026-09-26 14:31:08,077 |   estabilidade: fold 3/3 | origem=03 | treino=completo (03) | árvores=6045 | fit 0s | total 12s
2026-09-26 14:31:08,128 |   estabilidade: Spearman=0.899 | Jaccard@20=0.937
2026-09-26 14:31:08,128 | [lgbm_A] concluído em 3.2 min
2026-09-26 14:31:38,457 | [lgbm_B] SHAP em 4707 linhas × 813 features | 30s
2026-09-26 14:31:40,836 |   [2] agrupado ok | 33s
2026-09-26 14:31:52,228 |   [2b] permutação ok | 44s
2026-09-26 14:31:52,530 |   H1b SHAP médio por nº de traits ouro+: {0.0: 0.044, 1.0: -0.032, 2.0: 0.034, 3.0: 0.231}
2026-09-26 14:31:52,531 |   [3] hipóteses ok | 44s
2026-09-26 14:32:37,062 |   [4] dependência ok | 89s
[Parallel(n_jobs=8)]: Using backend LokyBackend with 8 concurrent workers.
[Parallel(n_jobs=8)]: Done   5 out of  16 | elapsed:   25.4s remaining:   55.9s
[Parallel(n_jobs=8)]: Done   9 out of  16 | elapsed:   43.4s remaining:   33.7s
[Parallel(n_jobs=8)]: Done  13 out of  16 | elapsed:   48.1s remaining:   11.0s
[Parallel(n_jobs=8)]: Done  16 out of  16 | elapsed:   50.5s finished
2026-09-26 14:33:28,511 |   [5] interações ok (200 linhas) | 140s
2026-09-26 14:33:44,812 |   estabilidade: fold 1/3 | origem=03 | treino=completo (03) | árvores=6048 | fit 0s | total 12s
2026-09-26 14:33:56,503 |   estabilidade: fold 2/3 | origem=03 | treino=completo (03) | árvores=5989 | fit 0s | total 12s
2026-09-26 14:34:06,473 |   estabilidade: fold 3/3 | origem=03 | treino=completo (03) | árvores=5133 | fit 0s | total 10s
2026-09-26 14:34:06,540 |   estabilidade: Spearman=0.895 | Jaccard@20=1.000
2026-09-26 14:34:06,540 | [lgbm_B] concluído em 3.0 min
2026-09-26 14:34:06,589 | Concluído -> results_lvl8\shap
------------------------------------------------------------------------------------------
[8/13] shap_lvl8: OK | duração 0:06:22 | log: logs\20260926_135005\08_shap_lvl8.log
==========================================================================================
[9/13] shap_no_units | 2026-09-26 14:34:07
$ 04_shap.py --res results_no_units --models lgbm --top-inter 40 --threads 8
------------------------------------------------------------------------------------------
2026-09-26 14:34:09,447 | [load] lendo data\processed\features.parquet
2026-09-26 14:34:09,455 | [load] removidas 625 features (blocos=['unit', 'unit_item'], features=[])
2026-09-26 14:34:09,457 | [load] 187 features | 186 no cenário A
2026-09-26 14:34:09,841 | [load] meta: 1,653,232 linhas | 206,654 partidas | top4=0.500 | patches=['16.1', '16.2', '16.3', '16.4', '16.5']
2026-09-26 14:34:12,027 | [load] bloco 1/2: nnz=50,805,792 | 413 MB | 2.2s
2026-09-26 14:34:13,013 | [load] bloco 2/2: nnz=6,911,745 | 62 MB | 1.0s
2026-09-26 14:34:13,867 | [load] XA: (1653232, 191), densidade=0.1880, 482 MB | XB: (1653232, 192) | tempo 4.4s
2026-09-26 14:34:45,545 | [lgbm_A] SHAP em 5000 linhas × 191 features | 32s
2026-09-26 14:34:48,138 |   [2] agrupado ok | 34s
2026-09-26 14:35:04,278 |   [2b] permutação ok | 50s
2026-09-26 14:35:04,282 | [lgbm_A] H1_traits_vs_units pulada: blocos ausentes
2026-09-26 14:35:04,557 |   H1b SHAP médio por nº de traits ouro+: {0.0: -0.002, 1.0: -0.015, 2.0: 0.111, 3.0: 0.314}
2026-09-26 14:35:04,559 |   [3] hipóteses ok | 51s
2026-09-26 14:35:22,197 |   [4] dependência ok | 68s
[Parallel(n_jobs=8)]: Using backend LokyBackend with 8 concurrent workers.
[Parallel(n_jobs=8)]: Done   5 out of  16 | elapsed:   25.8s remaining:   57.0s
[Parallel(n_jobs=8)]: Done   9 out of  16 | elapsed:   42.8s remaining:   33.2s
[Parallel(n_jobs=8)]: Done  13 out of  16 | elapsed:   44.9s remaining:   10.3s
[Parallel(n_jobs=8)]: Done  16 out of  16 | elapsed:   46.7s finished
2026-09-26 14:36:09,863 |   [5] interações ok (200 linhas) | 116s
2026-09-26 14:36:26,767 |   estabilidade: fold 1/3 | origem=03 | treino=completo (03) | árvores=9991 | fit 0s | total 13s
2026-09-26 14:36:39,399 |   estabilidade: fold 2/3 | origem=03 | treino=completo (03) | árvores=9994 | fit 0s | total 13s
2026-09-26 14:36:51,921 |   estabilidade: fold 3/3 | origem=03 | treino=completo (03) | árvores=9993 | fit 0s | total 12s
2026-09-26 14:36:51,994 |   estabilidade: Spearman=0.988 | Jaccard@20=1.000
2026-09-26 14:36:51,994 | [lgbm_A] concluído em 2.6 min
2026-09-26 14:37:23,605 | [lgbm_B] SHAP em 5000 linhas × 192 features | 32s
2026-09-26 14:37:25,952 |   [2] agrupado ok | 34s
2026-09-26 14:37:40,246 |   [2b] permutação ok | 48s
2026-09-26 14:37:40,250 | [lgbm_B] H1_traits_vs_units pulada: blocos ausentes
2026-09-26 14:37:40,477 |   H1b SHAP médio por nº de traits ouro+: {0.0: -0.005, 1.0: -0.013, 2.0: 0.108, 3.0: 0.397}
2026-09-26 14:37:40,479 |   [3] hipóteses ok | 48s
2026-09-26 14:37:57,533 |   [4] dependência ok | 66s
[Parallel(n_jobs=8)]: Using backend LokyBackend with 8 concurrent workers.
[Parallel(n_jobs=8)]: Done   5 out of  16 | elapsed:   22.3s remaining:   49.2s
[Parallel(n_jobs=8)]: Done   9 out of  16 | elapsed:   37.3s remaining:   29.0s
[Parallel(n_jobs=8)]: Done  13 out of  16 | elapsed:   40.7s remaining:    9.3s
[Parallel(n_jobs=8)]: Done  16 out of  16 | elapsed:   43.3s finished
2026-09-26 14:38:41,739 |   [5] interações ok (200 linhas) | 110s
2026-09-26 14:38:58,925 |   estabilidade: fold 1/3 | origem=03 | treino=completo (03) | árvores=9998 | fit 0s | total 13s
2026-09-26 14:39:10,860 |   estabilidade: fold 2/3 | origem=03 | treino=completo (03) | árvores=9172 | fit 0s | total 12s
2026-09-26 14:39:23,751 |   estabilidade: fold 3/3 | origem=03 | treino=completo (03) | árvores=9919 | fit 0s | total 13s
2026-09-26 14:39:23,820 |   estabilidade: Spearman=0.987 | Jaccard@20=1.000
2026-09-26 14:39:23,820 | [lgbm_B] concluído em 2.5 min
2026-09-26 14:39:23,869 | Concluído -> results_no_units\shap
------------------------------------------------------------------------------------------
[9/13] shap_no_units: OK | duração 0:05:17 | log: logs\20260926_135005\09_shap_no_units.log
==========================================================================================
[10/13] report | 2026-09-26 14:39:24
$ 05_report.py --res results --out report --model lgbm
------------------------------------------------------------------------------------------
2026-09-26 14:39:30,414 | Relatório gerado em D:\Estudos\TCC\tft_tcc_uspesalq_v2\report
------------------------------------------------------------------------------------------
[10/13] report: OK | duração 0:00:05 | log: logs\20260926_135005\10_report.log
==========================================================================================
[11/13] report_lvl8 | 2026-09-26 14:39:30
$ 05_report.py --res results_lvl8 --out report_lvl8 --model lgbm
------------------------------------------------------------------------------------------
2026-09-26 14:39:35,963 | Relatório gerado em D:\Estudos\TCC\tft_tcc_uspesalq_v2\report_lvl8
------------------------------------------------------------------------------------------
[11/13] report_lvl8: OK | duração 0:00:05 | log: logs\20260926_135005\11_report_lvl8.log
==========================================================================================
[12/13] report_no_units | 2026-09-26 14:39:36
$ 05_report.py --res results_no_units --out report_no_units --model lgbm
------------------------------------------------------------------------------------------
2026-09-26 14:39:41,643 | Relatório gerado em D:\Estudos\TCC\tft_tcc_uspesalq_v2\report_no_units
------------------------------------------------------------------------------------------
[12/13] report_no_units: OK | duração 0:00:05 | log: logs\20260926_135005\12_report_no_units.log
==========================================================================================
[13/13] sensitivity | 2026-09-26 14:39:41
$ 06_sensitivity.py
------------------------------------------------------------------------------------------
------------------------------------------------------------------------------------------
[13/13] sensitivity: OK | duração 0:00:00 | log: logs\20260926_135005\13_sensitivity.log
==========================================================================================
RESUMO
  [OK ] 7. shap              0:37:38
  [OK ] 8. shap_lvl8         0:06:22
  [OK ] 9. shap_no_units     0:05:17
  [OK ] 10. report            0:00:05
  [OK ] 11. report_lvl8       0:00:05
  [OK ] 12. report_no_units   0:00:05
  [OK ] 13. sensitivity       0:00:00
Tempo total: 0:49:36
